Archive member included to satisfy reference by file (symbol)

C:/Program Files/SEGGER/SEGGER Embedded Studio for ARM 3.34b/lib/libc_v7em_fpv4_sp_d16_hard_t_le_eabi.a(libc_asm.o)
                              Output/Proximo Release/Obj/app_button.o (__aeabi_llsl)
C:/Program Files/SEGGER/SEGGER Embedded Studio for ARM 3.34b/lib/libc_v7em_fpv4_sp_d16_hard_t_le_eabi.a(libc2.o)
                              Output/Proximo Release/Obj/nrf_log_str_formatter.o (isprint)
C:/Program Files/SEGGER/SEGGER Embedded Studio for ARM 3.34b/lib/libc_v7em_fpv4_sp_d16_hard_t_le_eabi.a(libc2_asm.o)
                              Output/Proximo Release/Obj/nrf_log_frontend.o (memcpy)
C:/Program Files/SEGGER/SEGGER Embedded Studio for ARM 3.34b/lib/libdebugio_v7em_fpv4_sp_d16_hard_t_le_eabi.a(libdebugio.o)
                              Output/Proximo Release/Obj/thumb_crt0.o (debug_fopen)
C:/Program Files/SEGGER/SEGGER Embedded Studio for ARM 3.34b/lib/libdebugio_mempoll_v7em_fpv4_sp_d16_hard_t_le_eabi.a(mempoll_debug_operations.o)
                              C:/Program Files/SEGGER/SEGGER Embedded Studio for ARM 3.34b/lib/libdebugio_v7em_fpv4_sp_d16_hard_t_le_eabi.a(libdebugio.o) (__do_debug_operation)
C:/Program Files/SEGGER/SEGGER Embedded Studio for ARM 3.34b/lib/libdebugio_mempoll_v7em_fpv4_sp_d16_hard_t_le_eabi.a(do_nv_debug_operation.o)
                              C:/Program Files/SEGGER/SEGGER Embedded Studio for ARM 3.34b/lib/libdebugio_v7em_fpv4_sp_d16_hard_t_le_eabi.a(libdebugio.o) (__do_nvdebug_operation)
C:/Program Files/SEGGER/SEGGER Embedded Studio for ARM 3.34b/lib/libm_v7em_fpv4_sp_d16_hard_t_le_eabi.a(libm_asm.o)
                              C:/Program Files/SEGGER/SEGGER Embedded Studio for ARM 3.34b/lib/libc_v7em_fpv4_sp_d16_hard_t_le_eabi.a(libc2.o) (__aeabi_i2d)
C:/Program Files/SEGGER/SEGGER Embedded Studio for ARM 3.34b/lib/libm_v7em_fpv4_sp_d16_hard_t_le_eabi.a(libm2.o)
                              C:/Program Files/SEGGER/SEGGER Embedded Studio for ARM 3.34b/lib/libvfprintf_v7em_fpv4_sp_d16_hard_t_le_eabi.o (frexp)
C:/Program Files/SEGGER/SEGGER Embedded Studio for ARM 3.34b/lib/libm_v7em_fpv4_sp_d16_hard_t_le_eabi.a(libm2_asm.o)
                              C:/Program Files/SEGGER/SEGGER Embedded Studio for ARM 3.34b/lib/libm_v7em_fpv4_sp_d16_hard_t_le_eabi.a(libm2.o) (fabs)

Discarded input sections

 .text          0x0000000000000000        0x0 Output/Proximo Release/Obj/thumb_crt0.o
 .data          0x0000000000000000        0x0 Output/Proximo Release/Obj/thumb_crt0.o
 .bss           0x0000000000000000        0x0 Output/Proximo Release/Obj/thumb_crt0.o
 .text.__aeabi_read_tp
                0x0000000000000000        0x8 Output/Proximo Release/Obj/thumb_crt0.o
 .text.__heap_lock
                0x0000000000000000        0x2 Output/Proximo Release/Obj/thumb_crt0.o
 .text.__heap_unlock
                0x0000000000000000        0x2 Output/Proximo Release/Obj/thumb_crt0.o
 .text.__printf_lock
                0x0000000000000000        0x2 Output/Proximo Release/Obj/thumb_crt0.o
 .text.__printf_unlock
                0x0000000000000000        0x2 Output/Proximo Release/Obj/thumb_crt0.o
 .text.__scanf_lock
                0x0000000000000000        0x2 Output/Proximo Release/Obj/thumb_crt0.o
 .text.__scanf_unlock
                0x0000000000000000        0x2 Output/Proximo Release/Obj/thumb_crt0.o
 .text.__debug_io_lock
                0x0000000000000000        0x2 Output/Proximo Release/Obj/thumb_crt0.o
 .text.__debug_io_unlock
                0x0000000000000000        0x2 Output/Proximo Release/Obj/thumb_crt0.o
 .text.abort    0x0000000000000000        0x2 Output/Proximo Release/Obj/thumb_crt0.o
 .text.__assert
                0x0000000000000000        0x2 Output/Proximo Release/Obj/thumb_crt0.o
 .text.__aeabi_assert
                0x0000000000000000        0x2 Output/Proximo Release/Obj/thumb_crt0.o
 .text.__cxa_pure_virtual
                0x0000000000000000        0x2 Output/Proximo Release/Obj/thumb_crt0.o
 .text.__cxa_guard_acquire
                0x0000000000000000       0x10 Output/Proximo Release/Obj/thumb_crt0.o
 .text.__cxa_guard_release
                0x0000000000000000        0x6 Output/Proximo Release/Obj/thumb_crt0.o
 .text.__cxa_guard_abort
                0x0000000000000000        0x2 Output/Proximo Release/Obj/thumb_crt0.o
 .text.__sync_synchronize
                0x0000000000000000        0x2 Output/Proximo Release/Obj/thumb_crt0.o
 .text.__getchar
                0x0000000000000000        0x4 Output/Proximo Release/Obj/thumb_crt0.o
 .text.__putchar
                0x0000000000000000        0x4 Output/Proximo Release/Obj/thumb_crt0.o
 .text.__open   0x0000000000000000        0x4 Output/Proximo Release/Obj/thumb_crt0.o
 .text.__close  0x0000000000000000        0x4 Output/Proximo Release/Obj/thumb_crt0.o
 .text.__write  0x0000000000000000        0xa Output/Proximo Release/Obj/thumb_crt0.o
 .text.__read   0x0000000000000000        0xa Output/Proximo Release/Obj/thumb_crt0.o
[...]
Memory Configuration

Name             Origin             Length             Attributes
UNPLACED_SECTIONS 0x0000000100000000 0x0000000000000000 xw
RAM              0x0000000020000000 0x0000000000010000 xw
FLASH            0x0000000000000000 0x0000000000080000 xw
*default*        0x0000000000000000 0xffffffffffffffff

Linker script and memory map

                0x0000000000000000                __vfprintf = __vfprintf_long
                0x0000000000000000                __vfscanf = __vfscanf_int
                0x0000000020000000                __RAM_segment_start__ = 0x20000000
                0x0000000020010000                __RAM_segment_end__ = 0x20010000
                0x0000000000010000                __RAM_segment_size__ = 0x10000
                0x0000000000000000                __FLASH_segment_start__ = 0x0
                0x0000000000080000                __FLASH_segment_end__ = 0x80000
                0x0000000000080000                __FLASH_segment_size__ = 0x80000
                0x0000000000002000                __HEAPSIZE__ = 0x2000
                0x0000000000000000                __STACKSIZE_ABT__ = 0x0
                0x0000000000000000                __STACKSIZE_FIQ__ = 0x0
                0x0000000000000000                __STACKSIZE_IRQ__ = 0x0
                0x0000000000000000                __STACKSIZE_PROCESS__ = 0x0
                0x0000000000000000                __STACKSIZE_SVC__ = 0x0
                0x0000000000000000                __STACKSIZE_UND__ = 0x0
                0x0000000000002000                __STACKSIZE__ = 0x2000
                0x0000000020000000                __reserved_ram_load_start__ = 0x20000000

.reserved_ram   0x0000000020000000     0x2b90
                0x0000000020000000                __reserved_ram_start__ = .
 *(.reserved_ram .reserved_ram.*)
                0x0000000020002b90                . = MAX (((__reserved_ram_start__ + 0x20002b90) - 0x20000000), .)
 *fill*         0x0000000020000000     0x2b90 
                0x0000000020002b90                __reserved_ram_end__ = (__reserved_ram_start__ + SIZEOF (.reserved_ram))
                0x0000000000002b90                __reserved_ram_size__ = SIZEOF (.reserved_ram)
                0x0000000020002b90                __reserved_ram_load_end__ = __reserved_ram_end__
                0x0000000000000001                . = ASSERT (((__reserved_ram_start__ == __reserved_ram_end__) || ((__reserved_ram_end__ >= __RAM_segment_start__) && (__reserved_ram_end__ <= __RAM_segment_end__))), error: .reserved_ram is too large to fit in RAM memory segment)
                0x0000000020002b90                __vectors_ram_load_start__ = 0x20002b90

.vectors_ram    0x0000000020002b90        0x0
                0x0000000020002b90                __vectors_ram_start__ = .
                0x0000000020002b90                __app_ram_start__ = __vectors_ram_start__
 *(.vectors_ram .vectors_ram.*)
                0x0000000020002b90                __vectors_ram_end__ = (__vectors_ram_start__ + SIZEOF (.vectors_ram))
                0x0000000000000000                __vectors_ram_size__ = SIZEOF (.vectors_ram)
                0x0000000020002b90                __vectors_ram_load_end__ = __vectors_ram_end__
                0x0000000000000001                . = ASSERT (((__vectors_ram_start__ == __vectors_ram_end__) || ((__vectors_ram_end__ >= __RAM_segment_start__) && (__vectors_ram_end__ <= __RAM_segment_end__))), error: .vectors_ram is too large to fit in RAM memory segment)
                0x0000000000000001                . = ASSERT ((__reserved_ram_end__ <= __vectors_ram_start__), error: section .reserved_ram overlaps absolute placed section .vectors_ram)
                0x0000000020002b90                __nrf_sections_run_load_start__ = ALIGN (__vectors_ram_end__, 0x4)

.nrf_sections_run
                0x0000000020002b90        0x0
                0x0000000020002b90                __nrf_sections_run_start__ = .
                0x0000000020002b90                __start_nrf_sections_run = __nrf_sections_run_start__
 *(.nrf_sections_run .nrf_sections_run.*)
                0x0000000020002b90                __nrf_sections_run_end__ = (__nrf_sections_run_start__ + SIZEOF (.nrf_sections_run))
                0x0000000000000000                __nrf_sections_run_size__ = SIZEOF (.nrf_sections_run)
                0x0000000020002b90                __nrf_sections_run_load_end__ = __nrf_sections_run_end__
                0x0000000000000001                . = ASSERT (((__nrf_sections_run_start__ == __nrf_sections_run_end__) || ((__nrf_sections_run_end__ >= __RAM_segment_start__) && (__nrf_sections_run_end__ <= __RAM_segment_end__))), error: .nrf_sections_run is too large to fit in RAM memory segment)
                0x0000000000000000                __reserved_flash_load_start__ = 0x0

.reserved_flash
                0x0000000000000000    0x26000
                0x0000000000000000                __reserved_flash_start__ = .
 *(.reserved_flash .reserved_flash.*)
                0x0000000000026000                . = MAX (((__reserved_flash_start__ + 0x26000) - 0x0), .)
 *fill*         0x0000000000000000    0x26000 
                0x0000000000026000                __reserved_flash_end__ = (__reserved_flash_start__ + SIZEOF (.reserved_flash))
                0x0000000000026000                __reserved_flash_size__ = SIZEOF (.reserved_flash)
                0x0000000000026000                __reserved_flash_load_end__ = __reserved_flash_end__
                0x0000000000000001                . = ASSERT (((__reserved_flash_start__ == __reserved_flash_end__) || ((__reserved_flash_end__ >= __FLASH_segment_start__) && (__reserved_flash_end__ <= __FLASH_segment_end__))), error: .reserved_flash is too large to fit in FLASH memory segment)
                0x0000000000026000                __vectors_load_start__ = 0x26000

.vectors        0x0000000000026000       0xdc
                0x0000000000026000                __vectors_start__ = .
 *(.vectors .vectors.*)
 .vectors       0x0000000000026000       0xdc Output/Proximo Release/Obj/ses_nrf52_Vectors.o
                0x0000000000026000                _vectors
                0x00000000000260dc                __vectors_end__ = (__vectors_start__ + SIZEOF (.vectors))
                0x00000000000000dc                __vectors_size__ = SIZEOF (.vectors)
                0x00000000000260dc                __vectors_load_end__ = __vectors_end__
                0x0000000000000001                . = ASSERT (((__vectors_start__ == __vectors_end__) || ((__vectors_end__ >= __FLASH_segment_start__) && (__vectors_end__ <= __FLASH_segment_end__))), error: .vectors is too large to fit in FLASH memory segment)
                0x0000000000000001                . = ASSERT ((__reserved_flash_end__ <= __vectors_start__), error: section .reserved_flash overlaps absolute placed section .vectors)
                0x00000000000260dc                __init_load_start__ = ALIGN (__vectors_end__, 0x4)

.init           0x00000000000260dc      0x218
                0x00000000000260dc                __init_start__ = .
 *(.init .init.*)
 .init          0x00000000000260dc      0x160 Output/Proximo Release/Obj/thumb_crt0.o
                0x00000000000260dc                _start
                0x0000000000026192                exit
 .init          0x000000000002623c       0x58 Output/Proximo Release/Obj/ses_nRF_Startup.o
                0x000000000002623c                Reset_Handler
                0x0000000000026260                InitializeUserMemorySections
 .init          0x0000000000026294       0x60 Output/Proximo Release/Obj/ses_nrf52_Vectors.o
                0x0000000000026294                NMI_Handler
                0x0000000000026296                HardFault_Handler
                0x0000000000026298                MemoryManagement_Handler
                0x000000000002629a                BusFault_Handler
                0x000000000002629c                UsageFault_Handler
                0x000000000002629e                SVC_Handler
                0x00000000000262a0                DebugMon_Handler
                0x00000000000262a2                PendSV_Handler
                0x00000000000262a4                SysTick_Handler
                0x00000000000262aa                RADIO_IRQHandler
                0x00000000000262ae                SPIM0_SPIS0_TWIM0_TWIS0_SPI0_TWI0_IRQHandler
                0x00000000000262b0                SPIM1_SPIS1_TWIM1_TWIS1_SPI1_TWI1_IRQHandler
                0x00000000000262b2                NFCT_IRQHandler
                0x00000000000262b6                SAADC_IRQHandler
                0x00000000000262b8                TIMER0_IRQHandler
                0x00000000000262ba                TIMER1_IRQHandler
                0x00000000000262bc                TIMER2_IRQHandler
                0x00000000000262be                RTC0_IRQHandler
                0x00000000000262c0                TEMP_IRQHandler
                0x00000000000262c2                RNG_IRQHandler
                0x00000000000262c4                ECB_IRQHandler
                0x00000000000262c6                CCM_AAR_IRQHandler
                0x00000000000262c8                WDT_IRQHandler
                0x00000000000262cc                QDEC_IRQHandler
                0x00000000000262ce                COMP_LPCOMP_IRQHandler
                0x00000000000262d2                SWI1_EGU1_IRQHandler
                0x00000000000262d6                SWI3_EGU3_IRQHandler
                0x00000000000262d8                SWI4_EGU4_IRQHandler
                0x00000000000262da                SWI5_EGU5_IRQHandler
                0x00000000000262dc                TIMER3_IRQHandler
                0x00000000000262de                TIMER4_IRQHandler
                0x00000000000262e0                PWM0_IRQHandler
                0x00000000000262e2                PDM_IRQHandler
                0x00000000000262e4                MWU_IRQHandler
                0x00000000000262e6                PWM1_IRQHandler
                0x00000000000262e8                PWM2_IRQHandler
                0x00000000000262ea                SPIM2_SPIS2_SPI2_IRQHandler
                0x00000000000262ec                RTC2_IRQHandler
                0x00000000000262ee                I2S_IRQHandler
                0x00000000000262f0                FPU_IRQHandler
                0x00000000000262f4                __init_end__ = (__init_start__ + SIZEOF (.init))
                0x0000000000000218                __init_size__ = SIZEOF (.init)
                0x00000000000262f4                __init_load_end__ = __init_end__
                0x0000000000000001                . = ASSERT (((__init_start__ == __init_end__) || ((__init_end__ >= __FLASH_segment_start__) && (__init_end__ <= __FLASH_segment_end__))), error: .init is too large to fit in FLASH memory segment)
                0x00000000000262f4                __init_rodata_load_start__ = ALIGN (__init_end__, 0x4)

.init_rodata    0x00000000000262f4        0x0
                0x00000000000262f4                __init_rodata_start__ = .
 *(.init_rodata .init_rodata.*)
                0x00000000000262f4                __init_rodata_end__ = (__init_rodata_start__ + SIZEOF (.init_rodata))
                0x0000000000000000                __init_rodata_size__ = SIZEOF (.init_rodata)
                0x00000000000262f4                __init_rodata_load_end__ = __init_rodata_end__
                0x0000000000000001                . = ASSERT (((__init_rodata_start__ == __init_rodata_end__) || ((__init_rodata_end__ >= __FLASH_segment_start__) && (__init_rodata_end__ <= __FLASH_segment_end__))), error: .init_rodata is too large to fit in FLASH memory segment)
                0x00000000000262f4                __text_load_start__ = ALIGN (__init_rodata_end__, 0x4)

.text           0x00000000000262f4     0x9880
                0x00000000000262f4                __text_start__ = .
 *(.text .text.* .glue_7t .glue_7 .gnu.linkonce.t.* .gcc_except_table .ARM.extab* .gnu.linkonce.armextab.*)
 .glue_7        0x00000000000262f4        0x0 linker stubs
 .glue_7t       0x00000000000262f4        0x0 linker stubs
 .text.sd_power_system_off
                0x00000000000262f4        0x4 Output/Proximo Release/Obj/main.o
 .text.sd_ble_gap_disconnect
                0x00000000000262f8        0x4 Output/Proximo Release/Obj/main.o
 .text.sd_ble_gap_appearance_set
                0x00000000000262fc        0x4 Output/Proximo Release/Obj/main.o
 .text.sd_ble_gap_ppcp_set
                0x0000000000026300        0x4 Output/Proximo Release/Obj/main.o
 .text.sd_ble_gap_device_name_set
                0x0000000000026304        0x4 Output/Proximo Release/Obj/main.o
 .text.sd_ble_gap_phy_update
                0x0000000000026308        0x4 Output/Proximo Release/Obj/main.o
 .text.fds_evt_handler
                0x000000000002630c        0x2 Output/Proximo Release/Obj/main.o
 .text.conn_params_error_handler
                0x000000000002630e        0x4 Output/Proximo Release/Obj/main.o
 .text.sleep_mode_enter
                0x0000000000026312       0x28 Output/Proximo Release/Obj/main.o
 *fill*         0x000000000002633a        0x2 
 .text.sensor_contact_detected_timeout_handler
                0x000000000002633c       0x18 Output/Proximo Release/Obj/main.o
 .text.heart_rate_meas_timeout_handler
                0x0000000000026354       0x60 Output/Proximo Release/Obj/main.o
 .text.battery_level_meas_timeout_handler
                0x00000000000263b4       0x44 Output/Proximo Release/Obj/main.o
 .text.ble_evt_handler
                0x00000000000263f8       0xa0 Output/Proximo Release/Obj/main.o
 .text.gatt_evt_handler
                0x0000000000026498       0x3c Output/Proximo Release/Obj/main.o
 .text.on_conn_params_evt
                0x00000000000264d4       0x20 Output/Proximo Release/Obj/main.o
 .text.bsp_event_handler
                0x00000000000264f4       0x4c Output/Proximo Release/Obj/main.o
                0x00000000000264f4                bsp_event_handler
 .text.on_adv_evt
                0x0000000000026540       0x3c Output/Proximo Release/Obj/main.o
 .text.rr_interval_timeout_handler
                0x000000000002657c       0x80 Output/Proximo Release/Obj/main.o
 .text.advertising_start.part.4
                0x00000000000265fc       0x1c Output/Proximo Release/Obj/main.o
 .text.pm_evt_handler
                0x0000000000026618       0x94 Output/Proximo Release/Obj/main.o
 .text.nrf_qwr_error_handler
                0x00000000000266ac        0x4 Output/Proximo Release/Obj/main.o
 .text.advertising_start
                0x00000000000266b0       0x34 Output/Proximo Release/Obj/main.o
                0x00000000000266b0                advertising_start
 .text.startup.main
                0x00000000000266e4      0x4b4 Output/Proximo Release/Obj/main.o
                0x00000000000266e4                main
 .text.nrf_log_backend_serial_put
                0x0000000000026b98       0xce Output/Proximo Release/Obj/nrf_log_backend_serial.o
                0x0000000000026b98                nrf_log_backend_serial_put
 *fill*         0x0000000000026c66        0x2 
 .text.uart_evt_handler
                0x0000000000026c68        0xc Output/Proximo Release/Obj/nrf_log_backend_uart.o
 .text.nrf_log_backend_uart_flush
                0x0000000000026c74        0x2 Output/Proximo Release/Obj/nrf_log_backend_uart.o
 *fill*         0x0000000000026c76        0x2 
 .text.uart_init
                0x0000000000026c78       0x4c Output/Proximo Release/Obj/nrf_log_backend_uart.o
 .text.nrf_log_backend_uart_put
                0x0000000000026cc4       0x1c Output/Proximo Release/Obj/nrf_log_backend_uart.o
 .text.serial_tx
                0x0000000000026ce0       0x48 Output/Proximo Release/Obj/nrf_log_backend_uart.o
 .text.nrf_log_backend_uart_panic_set
                0x0000000000026d28       0x2c Output/Proximo Release/Obj/nrf_log_backend_uart.o
 .text.nrf_log_backend_uart_init
                0x0000000000026d54        0x6 Output/Proximo Release/Obj/nrf_log_backend_uart.o
                0x0000000000026d54                nrf_log_backend_uart_init
 *fill*         0x0000000000026d5a        0x2 
 .text.nrf_log_default_backends_init
                0x0000000000026d5c       0x1c Output/Proximo Release/Obj/nrf_log_default_backends.o
                0x0000000000026d5c                nrf_log_default_backends_init
 .text.invalid_packets_pushed_str_omit
                0x0000000000026d78       0x56 Output/Proximo Release/Obj/nrf_log_frontend.o
 *fill*         0x0000000000026dce        0x2 
 .text.buf_prealloc
                0x0000000000026dd0      0x138 Output/Proximo Release/Obj/nrf_log_frontend.o
 .text.nrf_log_init
                0x0000000000026f08       0x50 Output/Proximo Release/Obj/nrf_log_frontend.o
                0x0000000000026f08                nrf_log_init
 .text.nrf_log_module_name_get
                0x0000000000026f58       0x3c Output/Proximo Release/Obj/nrf_log_frontend.o
                0x0000000000026f58                nrf_log_module_name_get
 .text.nrf_log_color_id_get
                0x0000000000026f94       0x2c Output/Proximo Release/Obj/nrf_log_frontend.o
                0x0000000000026f94                nrf_log_color_id_get
 .text.buffer_is_empty
                0x0000000000026fc0       0x14 Output/Proximo Release/Obj/nrf_log_frontend.o
                0x0000000000026fc0                buffer_is_empty
 .text.nrf_log_frontend_dequeue
                0x0000000000026fd4      0x214 Output/Proximo Release/Obj/nrf_log_frontend.o
                0x0000000000026fd4                nrf_log_frontend_dequeue
 .text.std_n    0x00000000000271e8       0xb0 Output/Proximo Release/Obj/nrf_log_frontend.o
 .text.nrf_log_frontend_std_0
                0x0000000000027298        0x8 Output/Proximo Release/Obj/nrf_log_frontend.o
                0x0000000000027298                nrf_log_frontend_std_0
 .text.nrf_log_frontend_std_1
                0x00000000000272a0       0x14 Output/Proximo Release/Obj/nrf_log_frontend.o
                0x00000000000272a0                nrf_log_frontend_std_1
 .text.nrf_log_frontend_std_2
                0x00000000000272b4       0x14 Output/Proximo Release/Obj/nrf_log_frontend.o
                0x00000000000272b4                nrf_log_frontend_std_2
 .text.nrf_log_frontend_std_3
                0x00000000000272c8       0x18 Output/Proximo Release/Obj/nrf_log_frontend.o
                0x00000000000272c8                nrf_log_frontend_std_3
 .text.nrf_log_backend_add
                0x00000000000272e0       0x44 Output/Proximo Release/Obj/nrf_log_frontend.o
                0x00000000000272e0                nrf_log_backend_add
 .text.nrf_log_panic
                0x0000000000027324       0x28 Output/Proximo Release/Obj/nrf_log_frontend.o
                0x0000000000027324                nrf_log_panic
 .text.prefix_process
                0x000000000002734c       0x78 Output/Proximo Release/Obj/nrf_log_str_formatter.o
 .text.postfix_process
                0x00000000000273c4       0x3c Output/Proximo Release/Obj/nrf_log_str_formatter.o
 .text.nrf_log_std_entry_process
                0x0000000000027400       0xc8 Output/Proximo Release/Obj/nrf_log_str_formatter.o
                0x0000000000027400                nrf_log_std_entry_process
 .text.nrf_log_hexdump_entry_process
                0x00000000000274c8       0xac Output/Proximo Release/Obj/nrf_log_str_formatter.o
                0x00000000000274c8                nrf_log_hexdump_entry_process
 .text.detection_delay_timeout_handler
                0x0000000000027574       0xb0 Output/Proximo Release/Obj/app_button.o
 .text.gpiote_event_handler
                0x0000000000027624       0x94 Output/Proximo Release/Obj/app_button.o
 .text.app_button_init
                0x00000000000276b8       0xa4 Output/Proximo Release/Obj/app_button.o
                0x00000000000276b8                app_button_init
 .text.app_button_enable
                0x000000000002775c       0x2c Output/Proximo Release/Obj/app_button.o
                0x000000000002775c                app_button_enable
 .text.app_error_handler_bare
                0x0000000000027788       0x1a Output/Proximo Release/Obj/app_error.o
                0x0000000000027788                app_error_handler_bare
 *fill*         0x00000000000277a2        0x2 
 .text.app_error_fault_handler
                0x00000000000277a4       0x6c Output/Proximo Release/Obj/app_error_weak.o
                0x00000000000277a4                app_error_fault_handler
 .text.user_op_alloc
                0x0000000000027810       0x2c Output/Proximo Release/Obj/app_timer.o
 .text.timer_stop_op_schedule
                0x000000000002783c       0x50 Output/Proximo Release/Obj/app_timer.o
 .text.nrfx_coredep_delay_us.part.0.constprop.4
                0x000000000002788c       0x10 Output/Proximo Release/Obj/app_timer.o
 .text.rtc1_stop
                0x000000000002789c       0x44 Output/Proximo Release/Obj/app_timer.o
 .text.RTC1_IRQHandler
                0x00000000000278e0       0x9c Output/Proximo Release/Obj/app_timer.o
                0x00000000000278e0                RTC1_IRQHandler
 .text.SWI0_EGU0_IRQHandler
                0x000000000002797c      0x2a4 Output/Proximo Release/Obj/app_timer.o
                0x000000000002797c                SWI0_EGU0_IRQHandler
 .text.app_timer_init
                0x0000000000027c20       0x64 Output/Proximo Release/Obj/app_timer.o
                0x0000000000027c20                app_timer_init
 .text.app_timer_create
                0x0000000000027c84       0x24 Output/Proximo Release/Obj/app_timer.o
                0x0000000000027c84                app_timer_create
 .text.app_timer_start
                0x0000000000027ca8       0x8c Output/Proximo Release/Obj/app_timer.o
                0x0000000000027ca8                app_timer_start
 .text.app_timer_stop
                0x0000000000027d34       0x20 Output/Proximo Release/Obj/app_timer.o
                0x0000000000027d34                app_timer_stop
 .text.app_util_critical_region_enter
                0x0000000000027d54       0x48 Output/Proximo Release/Obj/app_util_platform.o
                0x0000000000027d54                app_util_critical_region_enter
 .text.app_util_critical_region_exit
                0x0000000000027d9c       0x2c Output/Proximo Release/Obj/app_util_platform.o
                0x0000000000027d9c                app_util_critical_region_exit
 .text.event_send
                0x0000000000027dc8       0x20 Output/Proximo Release/Obj/fds.o
 .text.write_space_reserve
                0x0000000000027de8       0x5c Output/Proximo Release/Obj/fds.o
 .text.gc_page_erase
                0x0000000000027e44       0x40 Output/Proximo Release/Obj/fds.o
 .text.page_tag_write_swap
                0x0000000000027e84       0x28 Output/Proximo Release/Obj/fds.o
 .text.page_tag_write_data
                0x0000000000027eac       0x20 Output/Proximo Release/Obj/fds.o
 .text.record_header_flag_dirty
                0x0000000000027ecc       0x38 Output/Proximo Release/Obj/fds.o
 .text.gc_record_copy
                0x0000000000027f04       0x38 Output/Proximo Release/Obj/fds.o
 .text.queue_buf_get
                0x0000000000027f3c       0x1c Output/Proximo Release/Obj/fds.o
 .text.header_check
                0x0000000000027f58       0x28 Output/Proximo Release/Obj/fds.o
 .text.page_scan
                0x0000000000027f80       0x70 Output/Proximo Release/Obj/fds.o
 .text.record_find_next
                0x0000000000027ff0       0x58 Output/Proximo Release/Obj/fds.o
 .text.record_find_by_desc
                0x0000000000028048       0xac Output/Proximo Release/Obj/fds.o
 .text.record_find
                0x00000000000280f4       0x8c Output/Proximo Release/Obj/fds.o
 .text.gc_record_find_next
                0x0000000000028180       0x24 Output/Proximo Release/Obj/fds.o
 .text.queue_process
                0x00000000000281a4      0x4b4 Output/Proximo Release/Obj/fds.o
 .text.fs_event_handler
                0x0000000000028658        0x6 Output/Proximo Release/Obj/fds.o
 *fill*         0x000000000002865e        0x2 
 .text.queue_start
                0x0000000000028660       0x1c Output/Proximo Release/Obj/fds.o
 .text.write_enqueue
                0x000000000002867c       0xec Output/Proximo Release/Obj/fds.o
 .text.fds_register
                0x0000000000028768       0x2c Output/Proximo Release/Obj/fds.o
                0x0000000000028768                fds_register
 .text.fds_init
                0x0000000000028794      0x22c Output/Proximo Release/Obj/fds.o
                0x0000000000028794                fds_init
 .text.fds_record_open
                0x00000000000289c0       0x48 Output/Proximo Release/Obj/fds.o
                0x00000000000289c0                fds_record_open
 .text.fds_record_close
                0x0000000000028a08       0x44 Output/Proximo Release/Obj/fds.o
                0x0000000000028a08                fds_record_close
 .text.fds_reserve
                0x0000000000028a4c       0x34 Output/Proximo Release/Obj/fds.o
                0x0000000000028a4c                fds_reserve
 .text.fds_reserve_cancel
                0x0000000000028a80       0x4c Output/Proximo Release/Obj/fds.o
                0x0000000000028a80                fds_reserve_cancel
 .text.fds_record_write
                0x0000000000028acc        0x8 Output/Proximo Release/Obj/fds.o
                0x0000000000028acc                fds_record_write
 .text.fds_record_write_reserved
                0x0000000000028ad4        0xc Output/Proximo Release/Obj/fds.o
                0x0000000000028ad4                fds_record_write_reserved
 .text.fds_record_update
                0x0000000000028ae0        0xe Output/Proximo Release/Obj/fds.o
                0x0000000000028ae0                fds_record_update
 *fill*         0x0000000000028aee        0x2 
 .text.fds_file_delete
                0x0000000000028af0       0x4c Output/Proximo Release/Obj/fds.o
                0x0000000000028af0                fds_file_delete
 .text.fds_gc   0x0000000000028b3c       0x48 Output/Proximo Release/Obj/fds.o
                0x0000000000028b3c                fds_gc
 .text.fds_record_find
                0x0000000000028b84       0x1c Output/Proximo Release/Obj/fds.o
                0x0000000000028b84                fds_record_find
 .text.fds_record_find_by_key
                0x0000000000028ba0       0x18 Output/Proximo Release/Obj/fds.o
                0x0000000000028ba0                fds_record_find_by_key
 .text.fds_record_find_in_file
                0x0000000000028bb8       0x18 Output/Proximo Release/Obj/fds.o
                0x0000000000028bb8                fds_record_find_in_file
 .text.fds_record_id_from_desc
                0x0000000000028bd0       0x10 Output/Proximo Release/Obj/fds.o
                0x0000000000028bd0                fds_record_id_from_desc
 .text.nrf_atfifo_init
                0x0000000000028be0       0x26 Output/Proximo Release/Obj/nrf_atfifo.o
                0x0000000000028be0                nrf_atfifo_init
 .text.nrf_atfifo_clear
                0x0000000000028c06       0x44 Output/Proximo Release/Obj/nrf_atfifo.o
                0x0000000000028c06                nrf_atfifo_clear
 .text.nrf_atfifo_item_alloc
                0x0000000000028c4a       0x54 Output/Proximo Release/Obj/nrf_atfifo.o
                0x0000000000028c4a                nrf_atfifo_item_alloc
 .text.nrf_atfifo_item_put
                0x0000000000028c9e       0x20 Output/Proximo Release/Obj/nrf_atfifo.o
                0x0000000000028c9e                nrf_atfifo_item_put
 .text.nrf_atfifo_item_get
                0x0000000000028cbe       0x56 Output/Proximo Release/Obj/nrf_atfifo.o
                0x0000000000028cbe                nrf_atfifo_item_get
 .text.nrf_atfifo_item_free
                0x0000000000028d14       0x20 Output/Proximo Release/Obj/nrf_atfifo.o
                0x0000000000028d14                nrf_atfifo_item_free
 .text.nrf_atflags_set
                0x0000000000028d34       0x12 Output/Proximo Release/Obj/nrf_atflags.o
                0x0000000000028d34                nrf_atflags_set
 .text.nrf_atflags_fetch_set
                0x0000000000028d46       0x1c Output/Proximo Release/Obj/nrf_atflags.o
                0x0000000000028d46                nrf_atflags_fetch_set
 .text.nrf_atflags_clear
                0x0000000000028d62       0x14 Output/Proximo Release/Obj/nrf_atflags.o
                0x0000000000028d62                nrf_atflags_clear
 .text.nrf_atflags_get
                0x0000000000028d76       0x12 Output/Proximo Release/Obj/nrf_atflags.o
                0x0000000000028d76                nrf_atflags_get
 .text.nrf_atflags_find_and_set_flag
                0x0000000000028d88       0x5a Output/Proximo Release/Obj/nrf_atflags.o
                0x0000000000028d88                nrf_atflags_find_and_set_flag
 .text.nrf_atomic_u32_fetch_store
                0x0000000000028de2       0x18 Output/Proximo Release/Obj/nrf_atomic.o
                0x0000000000028de2                nrf_atomic_u32_fetch_store
 .text.nrf_atomic_u32_fetch_or
                0x0000000000028dfa       0x1a Output/Proximo Release/Obj/nrf_atomic.o
                0x0000000000028dfa                nrf_atomic_u32_fetch_or
 .text.nrf_atomic_u32_or
                0x0000000000028e14       0x1a Output/Proximo Release/Obj/nrf_atomic.o
                0x0000000000028e14                nrf_atomic_u32_or
 .text.nrf_atomic_u32_fetch_and
                0x0000000000028e2e       0x1a Output/Proximo Release/Obj/nrf_atomic.o
                0x0000000000028e2e                nrf_atomic_u32_fetch_and
 .text.nrf_atomic_u32_and
                0x0000000000028e48       0x1a Output/Proximo Release/Obj/nrf_atomic.o
                0x0000000000028e48                nrf_atomic_u32_and
 .text.nrf_atomic_u32_fetch_add
                0x0000000000028e62       0x1a Output/Proximo Release/Obj/nrf_atomic.o
                0x0000000000028e62                nrf_atomic_u32_fetch_add
 .text.nrf_atomic_u32_add
                0x0000000000028e7c       0x1a Output/Proximo Release/Obj/nrf_atomic.o
                0x0000000000028e7c                nrf_atomic_u32_add
 .text.nrf_atomic_u32_sub
                0x0000000000028e96       0x1a Output/Proximo Release/Obj/nrf_atomic.o
                0x0000000000028e96                nrf_atomic_u32_sub
 .text.nrf_atomic_flag_set_fetch
                0x0000000000028eb0        0x6 Output/Proximo Release/Obj/nrf_atomic.o
                0x0000000000028eb0                nrf_atomic_flag_set_fetch
 .text.nrf_atomic_flag_set
                0x0000000000028eb6        0x6 Output/Proximo Release/Obj/nrf_atomic.o
                0x0000000000028eb6                nrf_atomic_flag_set
 .text.nrf_atomic_flag_clear_fetch
                0x0000000000028ebc        0x6 Output/Proximo Release/Obj/nrf_atomic.o
                0x0000000000028ebc                nrf_atomic_flag_clear_fetch
 .text.nrf_balloc_init
                0x0000000000028ec2       0x2e Output/Proximo Release/Obj/nrf_balloc.o
                0x0000000000028ec2                nrf_balloc_init
 .text.nrf_balloc_alloc
                0x0000000000028ef0       0x46 Output/Proximo Release/Obj/nrf_balloc.o
                0x0000000000028ef0                nrf_balloc_alloc
 .text.nrf_balloc_free
                0x0000000000028f36       0x32 Output/Proximo Release/Obj/nrf_balloc.o
                0x0000000000028f36                nrf_balloc_free
 .text.nrf_fprintf_buffer_flush
                0x0000000000028f68       0x16 Output/Proximo Release/Obj/nrf_fprintf.o
                0x0000000000028f68                nrf_fprintf_buffer_flush
 .text.nrf_fprintf
                0x0000000000028f7e       0x1e Output/Proximo Release/Obj/nrf_fprintf.o
                0x0000000000028f7e                nrf_fprintf
 .text.buffer_add
                0x0000000000028f9c       0x1e Output/Proximo Release/Obj/nrf_fprintf_format.o
 *fill*         0x0000000000028fba        0x2 
 .text.unsigned_print
                0x0000000000028fbc       0xb0 Output/Proximo Release/Obj/nrf_fprintf_format.o
 .text.nrf_fprintf_fmt
                0x000000000002906c      0x280 Output/Proximo Release/Obj/nrf_fprintf_format.o
                0x000000000002906c                nrf_fprintf_fmt
 .text.nrf_fstorage_init
                0x00000000000292ec       0x5c Output/Proximo Release/Obj/nrf_fstorage.o
                0x00000000000292ec                nrf_fstorage_init
 .text.nrf_fstorage_write
                0x0000000000029348      0x110 Output/Proximo Release/Obj/nrf_fstorage.o
                0x0000000000029348                nrf_fstorage_write
 .text.nrf_fstorage_erase
                0x0000000000029458       0xbc Output/Proximo Release/Obj/nrf_fstorage.o
                0x0000000000029458                nrf_fstorage_erase
 .text.nrf_fstorage_is_busy
                0x0000000000029514       0x48 Output/Proximo Release/Obj/nrf_fstorage.o
                0x0000000000029514                nrf_fstorage_is_busy
 .text.sd_flash_write
                0x000000000002955c        0x4 Output/Proximo Release/Obj/nrf_fstorage_sd.o
 .text.sd_flash_page_erase
                0x0000000000029560        0x4 Output/Proximo Release/Obj/nrf_fstorage_sd.o
 .text.event_send
                0x0000000000029564       0x50 Output/Proximo Release/Obj/nrf_fstorage_sd.o
 .text.rmap     0x00000000000295b4        0x4 Output/Proximo Release/Obj/nrf_fstorage_sd.o
 .text.wmap     0x00000000000295b8        0x4 Output/Proximo Release/Obj/nrf_fstorage_sd.o
 .text.is_busy  0x00000000000295bc       0x10 Output/Proximo Release/Obj/nrf_fstorage_sd.o
 .text.nrf_fstorage_sdh_req_handler
                0x00000000000295cc       0x14 Output/Proximo Release/Obj/nrf_fstorage_sd.o
                0x00000000000295cc                nrf_fstorage_sdh_req_handler
 .text.read     0x00000000000295e0        0xe Output/Proximo Release/Obj/nrf_fstorage_sd.o
 *fill*         0x00000000000295ee        0x2 
 .text.uninit   0x00000000000295f0       0x20 Output/Proximo Release/Obj/nrf_fstorage_sd.o
 .text.init     0x0000000000029610       0x38 Output/Proximo Release/Obj/nrf_fstorage_sd.o
 .text.queue_process
                0x0000000000029648       0xa4 Output/Proximo Release/Obj/nrf_fstorage_sd.o
 .text.nrf_fstorage_sys_evt_handler
                0x00000000000296ec       0xa8 Output/Proximo Release/Obj/nrf_fstorage_sd.o
                0x00000000000296ec                nrf_fstorage_sys_evt_handler
 .text.nrf_fstorage_sdh_state_handler
                0x0000000000029794       0x20 Output/Proximo Release/Obj/nrf_fstorage_sd.o
                0x0000000000029794                nrf_fstorage_sdh_state_handler
 .text.queue_start
                0x00000000000297b4       0x20 Output/Proximo Release/Obj/nrf_fstorage_sd.o
 .text.erase    0x00000000000297d4       0x4c Output/Proximo Release/Obj/nrf_fstorage_sd.o
 .text.write    0x0000000000029820       0x50 Output/Proximo Release/Obj/nrf_fstorage_sd.o
 .text.nrf_memobj_pool_init
                0x0000000000029870        0x4 Output/Proximo Release/Obj/nrf_memobj.o
                0x0000000000029870                nrf_memobj_pool_init
 .text.nrf_memobj_free
                0x0000000000029874       0x2c Output/Proximo Release/Obj/nrf_memobj.o
                0x0000000000029874                nrf_memobj_free
 .text.nrf_memobj_alloc
                0x00000000000298a0       0x62 Output/Proximo Release/Obj/nrf_memobj.o
                0x00000000000298a0                nrf_memobj_alloc
 .text.nrf_memobj_get
                0x0000000000029902        0x8 Output/Proximo Release/Obj/nrf_memobj.o
                0x0000000000029902                nrf_memobj_get
 .text.nrf_memobj_put
                0x000000000002990a       0x1e Output/Proximo Release/Obj/nrf_memobj.o
                0x000000000002990a                nrf_memobj_put
 .text.nrf_memobj_write
                0x0000000000029928       0x56 Output/Proximo Release/Obj/nrf_memobj.o
                0x0000000000029928                nrf_memobj_write
 .text.nrf_memobj_read
                0x000000000002997e       0x54 Output/Proximo Release/Obj/nrf_memobj.o
                0x000000000002997e                nrf_memobj_read
 .text.sd_app_evt_wait
                0x00000000000299d2        0x4 Output/Proximo Release/Obj/nrf_pwr_mgmt.o
 *fill*         0x00000000000299d6        0x2 
 .text.nrf_pwr_mgmt_init
                0x00000000000299d8       0x2c Output/Proximo Release/Obj/nrf_pwr_mgmt.o
                0x00000000000299d8                nrf_pwr_mgmt_init
 .text.nrf_pwr_mgmt_run
                0x0000000000029a04       0x4c Output/Proximo Release/Obj/nrf_pwr_mgmt.o
                0x0000000000029a04                nrf_pwr_mgmt_run
 .text.nrf_section_iter_init
                0x0000000000029a50       0x14 Output/Proximo Release/Obj/nrf_section_iter.o
                0x0000000000029a50                nrf_section_iter_init
 .text.nrf_section_iter_next
                0x0000000000029a64       0x18 Output/Proximo Release/Obj/nrf_section_iter.o
                0x0000000000029a64                nrf_section_iter_next
 .text.nrf_strerror_find
                0x0000000000029a7c       0x3c Output/Proximo Release/Obj/nrf_strerror.o
                0x0000000000029a7c                nrf_strerror_find
 .text.nrf_strerror_get
                0x0000000000029ab8       0x14 Output/Proximo Release/Obj/nrf_strerror.o
                0x0000000000029ab8                nrf_strerror_get
 .text.sensorsim_init
                0x0000000000029acc       0x16 Output/Proximo Release/Obj/sensorsim.o
                0x0000000000029acc                sensorsim_init
 .text.sensorsim_increment
                0x0000000000029ae2       0x1c Output/Proximo Release/Obj/sensorsim.o
                0x0000000000029ae2                sensorsim_increment
 .text.sensorsim_decrement
                0x0000000000029afe       0x1c Output/Proximo Release/Obj/sensorsim.o
                0x0000000000029afe                sensorsim_decrement
 .text.sensorsim_measure
                0x0000000000029b1a       0x16 Output/Proximo Release/Obj/sensorsim.o
                0x0000000000029b1a                sensorsim_measure
 .text.errata_57
                0x0000000000029b30       0x34 Output/Proximo Release/Obj/system_nrf52.o
 .text.errata_136
                0x0000000000029b64       0x40 Output/Proximo Release/Obj/system_nrf52.o
 .text.SystemInit
                0x0000000000029ba4      0x264 Output/Proximo Release/Obj/system_nrf52.o
                0x0000000000029ba4                SystemInit
 .text.bsp_board_led_state_get
                0x0000000000029e08       0x1c Output/Proximo Release/Obj/boards.o
                0x0000000000029e08                bsp_board_led_state_get
 .text.bsp_board_led_on
                0x0000000000029e24       0x18 Output/Proximo Release/Obj/boards.o
                0x0000000000029e24                bsp_board_led_on
 .text.bsp_board_led_off
                0x0000000000029e3c       0x18 Output/Proximo Release/Obj/boards.o
                0x0000000000029e3c                bsp_board_led_off
 .text.bsp_board_leds_off
                0x0000000000029e54       0x1e Output/Proximo Release/Obj/boards.o
                0x0000000000029e54                bsp_board_leds_off
 .text.bsp_board_leds_on
                0x0000000000029e72       0x1e Output/Proximo Release/Obj/boards.o
                0x0000000000029e72                bsp_board_leds_on
 .text.bsp_board_led_invert
                0x0000000000029e90       0x24 Output/Proximo Release/Obj/boards.o
                0x0000000000029e90                bsp_board_led_invert
 .text.bsp_board_button_state_get
                0x0000000000029eb4       0x1c Output/Proximo Release/Obj/boards.o
                0x0000000000029eb4                bsp_board_button_state_get
 .text.bsp_board_pin_to_button_idx
                0x0000000000029ed0       0x24 Output/Proximo Release/Obj/boards.o
                0x0000000000029ed0                bsp_board_pin_to_button_idx
 .text.bsp_board_button_idx_to_pin
                0x0000000000029ef4        0xc Output/Proximo Release/Obj/boards.o
                0x0000000000029ef4                bsp_board_button_idx_to_pin
 .text.bsp_board_init
                0x0000000000029f00       0x3e Output/Proximo Release/Obj/boards.o
                0x0000000000029f00                bsp_board_init
 *fill*         0x0000000000029f3e        0x2 
 .text.clock_clk_started_notify
                0x0000000000029f40       0x28 Output/Proximo Release/Obj/nrf_drv_clock.o
 .text.clock_irq_handler
                0x0000000000029f68       0x1c Output/Proximo Release/Obj/nrf_drv_clock.o
 .text.soc_evt_handler
                0x0000000000029f84       0x14 Output/Proximo Release/Obj/nrf_drv_clock.o
 .text.nrf_drv_clock_init
                0x0000000000029f98       0x38 Output/Proximo Release/Obj/nrf_drv_clock.o
                0x0000000000029f98                nrf_drv_clock_init
 .text.nrf_drv_clock_lfclk_release
                0x0000000000029fd0       0x30 Output/Proximo Release/Obj/nrf_drv_clock.o
                0x0000000000029fd0                nrf_drv_clock_lfclk_release
 .text.sd_state_evt_handler
                0x000000000002a000       0x58 Output/Proximo Release/Obj/nrf_drv_clock.o
 .text.uarte_evt_handler
                0x000000000002a058       0x34 Output/Proximo Release/Obj/nrf_drv_uart.o
 .text.uart_evt_handler
                0x000000000002a08c       0x34 Output/Proximo Release/Obj/nrf_drv_uart.o
 .text.nrf_drv_uart_init
                0x000000000002a0c0       0x7c Output/Proximo Release/Obj/nrf_drv_uart.o
                0x000000000002a0c0                nrf_drv_uart_init
 .text.nrf_clock_event_clear
                0x000000000002a13c       0x14 Output/Proximo Release/Obj/nrfx_clock.o
 .text.nrfx_clock_init
                0x000000000002a150       0x1c Output/Proximo Release/Obj/nrfx_clock.o
                0x000000000002a150                nrfx_clock_init
 .text.nrfx_clock_enable
                0x000000000002a16c       0x28 Output/Proximo Release/Obj/nrfx_clock.o
                0x000000000002a16c                nrfx_clock_enable
 .text.nrfx_clock_lfclk_stop
                0x000000000002a194       0x18 Output/Proximo Release/Obj/nrfx_clock.o
                0x000000000002a194                nrfx_clock_lfclk_stop
 .text.POWER_CLOCK_IRQHandler
                0x000000000002a1ac       0x58 Output/Proximo Release/Obj/nrfx_clock.o
                0x000000000002a1ac                POWER_CLOCK_IRQHandler
 .text.nrf_gpiote_event_clear
                0x000000000002a204       0x18 Output/Proximo Release/Obj/nrfx_gpiote.o
 .text.nrf_gpio_cfg_sense_set
                0x000000000002a21c       0x20 Output/Proximo Release/Obj/nrfx_gpiote.o
 .text.channel_free
                0x000000000002a23c       0x1c Output/Proximo Release/Obj/nrfx_gpiote.o
 .text.nrfx_gpiote_init
                0x000000000002a258       0x70 Output/Proximo Release/Obj/nrfx_gpiote.o
                0x000000000002a258                nrfx_gpiote_init
 .text.nrfx_gpiote_is_init
                0x000000000002a2c8       0x14 Output/Proximo Release/Obj/nrfx_gpiote.o
                0x000000000002a2c8                nrfx_gpiote_is_init
 .text.nrfx_gpiote_in_init
                0x000000000002a2dc       0xe8 Output/Proximo Release/Obj/nrfx_gpiote.o
                0x000000000002a2dc                nrfx_gpiote_in_init
 .text.nrfx_gpiote_in_event_enable
                0x000000000002a3c4       0x8c Output/Proximo Release/Obj/nrfx_gpiote.o
                0x000000000002a3c4                nrfx_gpiote_in_event_enable
 .text.nrfx_gpiote_in_is_set
                0x000000000002a450       0x12 Output/Proximo Release/Obj/nrfx_gpiote.o
                0x000000000002a450                nrfx_gpiote_in_is_set
 *fill*         0x000000000002a462        0x2 
 .text.GPIOTE_IRQHandler
                0x000000000002a464      0x184 Output/Proximo Release/Obj/nrfx_gpiote.o
                0x000000000002a464                GPIOTE_IRQHandler
 .text.UARTE0_UART0_IRQHandler
                0x000000000002a5e8        0xc Output/Proximo Release/Obj/nrfx_prs.o
                0x000000000002a5e8                UARTE0_UART0_IRQHandler
 .text.nrfx_prs_acquire
                0x000000000002a5f4       0x40 Output/Proximo Release/Obj/nrfx_prs.o
                0x000000000002a5f4                nrfx_prs_acquire
 .text.nrfx_prs_release
                0x000000000002a634       0x18 Output/Proximo Release/Obj/nrfx_prs.o
                0x000000000002a634                nrfx_prs_release
 .text.nrf_uart_event_clear
                0x000000000002a64c       0x10 Output/Proximo Release/Obj/nrfx_uart.o
 .text.tx_byte  0x000000000002a65c       0x1e Output/Proximo Release/Obj/nrfx_uart.o
 .text.rx_byte  0x000000000002a67a       0x2c Output/Proximo Release/Obj/nrfx_uart.o
 *fill*         0x000000000002a6a6        0x2 
 .text.rx_done_event.constprop.8
                0x000000000002a6a8       0x20 Output/Proximo Release/Obj/nrfx_uart.o
 .text.nrfx_uart_0_irq_handler
                0x000000000002a6c8      0x140 Output/Proximo Release/Obj/nrfx_uart.o
                0x000000000002a6c8                nrfx_uart_0_irq_handler
 .text.nrfx_uart_init
                0x000000000002a808      0x184 Output/Proximo Release/Obj/nrfx_uart.o
                0x000000000002a808                nrfx_uart_init
 .text.nrfx_uart_uninit
                0x000000000002a98c       0xc8 Output/Proximo Release/Obj/nrfx_uart.o
                0x000000000002a98c                nrfx_uart_uninit
 .text.nrfx_uart_tx
                0x000000000002aa54       0x98 Output/Proximo Release/Obj/nrfx_uart.o
                0x000000000002aa54                nrfx_uart_tx
 .text.nrf_uarte_event_clear
                0x000000000002aaec       0x10 Output/Proximo Release/Obj/nrfx_uarte.o
 .text.rx_done_event.constprop.7
                0x000000000002aafc       0x24 Output/Proximo Release/Obj/nrfx_uarte.o
 .text.nrfx_uarte_0_irq_handler
                0x000000000002ab20       0xec Output/Proximo Release/Obj/nrfx_uarte.o
                0x000000000002ab20                nrfx_uarte_0_irq_handler
 .text.nrfx_uarte_init
                0x000000000002ac0c      0x194 Output/Proximo Release/Obj/nrfx_uarte.o
                0x000000000002ac0c                nrfx_uarte_init
 .text.nrfx_uarte_uninit
                0x000000000002ada0       0xc8 Output/Proximo Release/Obj/nrfx_uarte.o
                0x000000000002ada0                nrfx_uarte_uninit
 .text.nrfx_uarte_tx
                0x000000000002ae68       0x8c Output/Proximo Release/Obj/nrfx_uarte.o
                0x000000000002ae68                nrfx_uarte_tx
 .text.alert_timer_handler
                0x000000000002aef4        0x6 Output/Proximo Release/Obj/bsp.o
 *fill*         0x000000000002aefa        0x2 
 .text.leds_off
                0x000000000002aefc       0x2c Output/Proximo Release/Obj/bsp.o
 .text.bsp_led_indication
                0x000000000002af28      0x1f0 Output/Proximo Release/Obj/bsp.o
 .text.bsp_button_event_handler
                0x000000000002b118       0x9c Output/Proximo Release/Obj/bsp.o
 .text.button_timer_handler
                0x000000000002b1b4        0x8 Output/Proximo Release/Obj/bsp.o
 .text.leds_timer_handler
                0x000000000002b1bc       0x1c Output/Proximo Release/Obj/bsp.o
 .text.bsp_button_is_pressed
                0x000000000002b1d8        0xc Output/Proximo Release/Obj/bsp.o
                0x000000000002b1d8                bsp_button_is_pressed
 .text.bsp_indication_set
                0x000000000002b1e4       0x18 Output/Proximo Release/Obj/bsp.o
                0x000000000002b1e4                bsp_indication_set
 .text.bsp_init
                0x000000000002b1fc       0x9c Output/Proximo Release/Obj/bsp.o
                0x000000000002b1fc                bsp_init
 .text.bsp_event_to_button_action_assign
                0x000000000002b298       0x4c Output/Proximo Release/Obj/bsp.o
                0x000000000002b298                bsp_event_to_button_action_assign
 .text.bsp_wakeup_button_enable
                0x000000000002b2e4       0x30 Output/Proximo Release/Obj/bsp.o
                0x000000000002b2e4                bsp_wakeup_button_enable
 .text.advertising_buttons_configure
                0x000000000002b314       0x36 Output/Proximo Release/Obj/bsp_btn_ble.o
 *fill*         0x000000000002b34a        0x2 
 .text.ble_evt_handler
                0x000000000002b34c       0x7c Output/Proximo Release/Obj/bsp_btn_ble.o
 .text.bsp_btn_ble_sleep_mode_prepare
                0x000000000002b3c8       0x1e Output/Proximo Release/Obj/bsp_btn_ble.o
                0x000000000002b3c8                bsp_btn_ble_sleep_mode_prepare
 *fill*         0x000000000002b3e6        0x2 
 .text.bsp_btn_ble_init
                0x000000000002b3e8       0x40 Output/Proximo Release/Obj/bsp_btn_ble.o
                0x000000000002b3e8                bsp_btn_ble_init
 .text.sd_ble_gap_addr_get
                0x000000000002b428        0x4 Output/Proximo Release/Obj/ble_advdata.o
 .text.sd_ble_gap_appearance_get
                0x000000000002b42c        0x4 Output/Proximo Release/Obj/ble_advdata.o
 .text.sd_ble_gap_device_name_get
                0x000000000002b430        0x4 Output/Proximo Release/Obj/ble_advdata.o
 .text.sd_ble_uuid_encode
                0x000000000002b434        0x4 Output/Proximo Release/Obj/ble_advdata.o
 .text.uuid_list_sized_encode
                0x000000000002b438       0xa4 Output/Proximo Release/Obj/ble_advdata.o
 .text.uuid_list_encode
                0x000000000002b4dc       0x34 Output/Proximo Release/Obj/ble_advdata.o
 .text.ble_advdata_encode
                0x000000000002b510      0x378 Output/Proximo Release/Obj/ble_advdata.o
                0x000000000002b510                ble_advdata_encode
 .text.ble_advdata_search
                0x000000000002b888       0x38 Output/Proximo Release/Obj/ble_advdata.o
                0x000000000002b888                ble_advdata_search
 .text.ble_advdata_parse
                0x000000000002b8c0       0x20 Output/Proximo Release/Obj/ble_advdata.o
                0x000000000002b8c0                ble_advdata_parse
 .text.sd_ble_gap_adv_set_configure
                0x000000000002b8e0        0x4 Output/Proximo Release/Obj/ble_advertising.o
 .text.sd_ble_gap_adv_start
                0x000000000002b8e4        0x4 Output/Proximo Release/Obj/ble_advertising.o
 .text.sd_ble_gap_adv_stop
                0x000000000002b8e8        0x4 Output/Proximo Release/Obj/ble_advertising.o
 .text.flags_set
                0x000000000002b8ec       0x2c Output/Proximo Release/Obj/ble_advertising.o
 .text.ble_advertising_conn_cfg_tag_set
                0x000000000002b918        0x6 Output/Proximo Release/Obj/ble_advertising.o
                0x000000000002b918                ble_advertising_conn_cfg_tag_set
 .text.ble_advertising_init
                0x000000000002b91e       0xe0 Output/Proximo Release/Obj/ble_advertising.o
                0x000000000002b91e                ble_advertising_init
 *fill*         0x000000000002b9fe        0x2 
 .text.ble_advertising_start
                0x000000000002ba00      0x244 Output/Proximo Release/Obj/ble_advertising.o
                0x000000000002ba00                ble_advertising_start
 .text.ble_advertising_on_ble_evt
                0x000000000002bc44       0x66 Output/Proximo Release/Obj/ble_advertising.o
                0x000000000002bc44                ble_advertising_on_ble_evt
 .text.ble_advertising_on_sys_evt
                0x000000000002bcaa       0x28 Output/Proximo Release/Obj/ble_advertising.o
                0x000000000002bcaa                ble_advertising_on_sys_evt
 .text.ble_advertising_restart_without_whitelist
                0x000000000002bcd2       0x3c Output/Proximo Release/Obj/ble_advertising.o
                0x000000000002bcd2                ble_advertising_restart_without_whitelist
 .text.sd_ble_gap_conn_param_update
                0x000000000002bd0e        0x4 Output/Proximo Release/Obj/ble_conn_params.o
 .text.sd_ble_gap_disconnect
                0x000000000002bd12        0x4 Output/Proximo Release/Obj/ble_conn_params.o
 .text.sd_ble_gap_ppcp_set
                0x000000000002bd16        0x4 Output/Proximo Release/Obj/ble_conn_params.o
 .text.sd_ble_gap_ppcp_get
                0x000000000002bd1a        0x4 Output/Proximo Release/Obj/ble_conn_params.o
 *fill*         0x000000000002bd1e        0x2 
 .text.instance_get
                0x000000000002bd20       0x14 Output/Proximo Release/Obj/ble_conn_params.o
 .text.send_error_evt
                0x000000000002bd34       0x10 Output/Proximo Release/Obj/ble_conn_params.o
 .text.update_timeout_handler
                0x000000000002bd44       0x6c Output/Proximo Release/Obj/ble_conn_params.o
 .text.conn_params_negotiation
                0x000000000002bdb0       0x48 Output/Proximo Release/Obj/ble_conn_params.o
 .text.is_conn_params_ok.constprop.3
                0x000000000002bdf8       0x3c Output/Proximo Release/Obj/ble_conn_params.o
 .text.ble_evt_handler
                0x000000000002be34       0xdc Output/Proximo Release/Obj/ble_conn_params.o
 .text.ble_conn_params_init
                0x000000000002bf10       0x74 Output/Proximo Release/Obj/ble_conn_params.o
                0x000000000002bf10                ble_conn_params_init
 .text.for_each_set_flag
                0x000000000002bf84       0x34 Output/Proximo Release/Obj/ble_conn_state.o
 .text.conn_handle_list_get
                0x000000000002bfb8       0x2e Output/Proximo Release/Obj/ble_conn_state.o
                0x000000000002bfb8                conn_handle_list_get
 *fill*         0x000000000002bfe6        0x2 
 .text.ble_evt_handler
                0x000000000002bfe8       0xd0 Output/Proximo Release/Obj/ble_conn_state.o
 .text.ble_conn_state_valid
                0x000000000002c0b8       0x14 Output/Proximo Release/Obj/ble_conn_state.o
                0x000000000002c0b8                ble_conn_state_valid
 .text.ble_conn_state_role
                0x000000000002c0cc       0x20 Output/Proximo Release/Obj/ble_conn_state.o
                0x000000000002c0cc                ble_conn_state_role
 .text.ble_conn_state_status
                0x000000000002c0ec       0x20 Output/Proximo Release/Obj/ble_conn_state.o
                0x000000000002c0ec                ble_conn_state_status
 .text.ble_conn_state_encrypted
                0x000000000002c10c       0x1c Output/Proximo Release/Obj/ble_conn_state.o
                0x000000000002c10c                ble_conn_state_encrypted
 .text.ble_conn_state_conn_handles
                0x000000000002c128       0x14 Output/Proximo Release/Obj/ble_conn_state.o
                0x000000000002c128                ble_conn_state_conn_handles
 .text.ble_conn_state_user_flag_acquire
                0x000000000002c13c       0x14 Output/Proximo Release/Obj/ble_conn_state.o
                0x000000000002c13c                ble_conn_state_user_flag_acquire
 .text.ble_conn_state_user_flag_get
                0x000000000002c150       0x30 Output/Proximo Release/Obj/ble_conn_state.o
                0x000000000002c150                ble_conn_state_user_flag_get
 .text.ble_conn_state_user_flag_set
                0x000000000002c180       0x3c Output/Proximo Release/Obj/ble_conn_state.o
                0x000000000002c180                ble_conn_state_user_flag_set
 .text.ble_conn_state_for_each_set_user_flag
                0x000000000002c1bc       0x30 Output/Proximo Release/Obj/ble_conn_state.o
                0x000000000002c1bc                ble_conn_state_for_each_set_user_flag
 .text.ble_srv_is_notification_enabled
                0x000000000002c1ec        0x8 Output/Proximo Release/Obj/ble_srv_common.o
                0x000000000002c1ec                ble_srv_is_notification_enabled
 .text.ble_srv_report_ref_encode
                0x000000000002c1f4        0xc Output/Proximo Release/Obj/ble_srv_common.o
                0x000000000002c1f4                ble_srv_report_ref_encode
 .text.ble_srv_ascii_to_utf8
                0x000000000002c200       0x12 Output/Proximo Release/Obj/ble_srv_common.o
                0x000000000002c200                ble_srv_ascii_to_utf8
 .text.evt_send
                0x000000000002c212       0x16 Output/Proximo Release/Obj/gatt_cache_manager.o
 .text.send_unexpected_error
                0x000000000002c228       0x28 Output/Proximo Release/Obj/gatt_cache_manager.o
 .text.local_db_apply_in_evt
                0x000000000002c250       0x6c Output/Proximo Release/Obj/gatt_cache_manager.o
 .text.apply_pending_handle
                0x000000000002c2bc        0x4 Output/Proximo Release/Obj/gatt_cache_manager.o
 .text.service_changed_pending_flags_check
                0x000000000002c2c0       0x14 Output/Proximo Release/Obj/gatt_cache_manager.o
 .text.update_pending_flags_check
                0x000000000002c2d4       0x14 Output/Proximo Release/Obj/gatt_cache_manager.o
 .text.sc_send_pending_handle
                0x000000000002c2e8       0x98 Output/Proximo Release/Obj/gatt_cache_manager.o
 .text.db_update_pending_handle
                0x000000000002c380       0x84 Output/Proximo Release/Obj/gatt_cache_manager.o
 .text.gcm_im_evt_handler
                0x000000000002c404       0x2c Output/Proximo Release/Obj/gatt_cache_manager.o
                0x000000000002c404                gcm_im_evt_handler
 .text.gcm_pdb_evt_handler
                0x000000000002c430       0x80 Output/Proximo Release/Obj/gatt_cache_manager.o
                0x000000000002c430                gcm_pdb_evt_handler
 .text.gcm_init
                0x000000000002c4b0       0x5c Output/Proximo Release/Obj/gatt_cache_manager.o
                0x000000000002c4b0                gcm_init
 .text.gcm_ble_evt_handler
                0x000000000002c50c       0xac Output/Proximo Release/Obj/gatt_cache_manager.o
                0x000000000002c50c                gcm_ble_evt_handler
 .text.sd_ble_gatts_service_changed
                0x000000000002c5b8        0x4 Output/Proximo Release/Obj/gatts_cache_manager.o
 .text.sd_ble_gatts_sys_attr_set
                0x000000000002c5bc        0x4 Output/Proximo Release/Obj/gatts_cache_manager.o
 .text.sd_ble_gatts_sys_attr_get
                0x000000000002c5c0        0x4 Output/Proximo Release/Obj/gatts_cache_manager.o
 .text.sd_ble_gatts_initial_user_handle_get
                0x000000000002c5c4        0x4 Output/Proximo Release/Obj/gatts_cache_manager.o
 .text.service_changed_pending_set
                0x000000000002c5c8       0x48 Output/Proximo Release/Obj/gatts_cache_manager.o
 .text.gscm_pdb_evt_handler
                0x000000000002c610       0x18 Output/Proximo Release/Obj/gatts_cache_manager.o
                0x000000000002c610                gscm_pdb_evt_handler
 .text.gscm_init
                0x000000000002c628       0x10 Output/Proximo Release/Obj/gatts_cache_manager.o
                0x000000000002c628                gscm_init
 .text.gscm_local_db_cache_update
                0x000000000002c638       0x8a Output/Proximo Release/Obj/gatts_cache_manager.o
                0x000000000002c638                gscm_local_db_cache_update
 .text.gscm_local_db_cache_apply
                0x000000000002c6c2       0x7a Output/Proximo Release/Obj/gatts_cache_manager.o
                0x000000000002c6c2                gscm_local_db_cache_apply
 .text.gscm_service_changed_ind_needed
                0x000000000002c73c       0x24 Output/Proximo Release/Obj/gatts_cache_manager.o
                0x000000000002c73c                gscm_service_changed_ind_needed
 .text.gscm_service_changed_ind_send
                0x000000000002c760       0x34 Output/Proximo Release/Obj/gatts_cache_manager.o
                0x000000000002c760                gscm_service_changed_ind_send
 .text.gscm_db_change_notification_done
                0x000000000002c794       0x20 Output/Proximo Release/Obj/gatts_cache_manager.o
                0x000000000002c794                gscm_db_change_notification_done
 .text.sd_ecb_block_encrypt
                0x000000000002c7b4        0x4 Output/Proximo Release/Obj/id_manager.o
 .text.get_free_connection
                0x000000000002c7b8       0x30 Output/Proximo Release/Obj/id_manager.o
                0x000000000002c7b8                get_free_connection
 .text.get_connection_by_conn_handle
                0x000000000002c7e8       0x34 Output/Proximo Release/Obj/id_manager.o
                0x000000000002c7e8                get_connection_by_conn_handle
 .text.new_connection
                0x000000000002c81c       0x58 Output/Proximo Release/Obj/id_manager.o
                0x000000000002c81c                new_connection
 .text.is_valid_irk
                0x000000000002c874       0x16 Output/Proximo Release/Obj/id_manager.o
                0x000000000002c874                is_valid_irk
 .text.addr_compare
                0x000000000002c88a       0x28 Output/Proximo Release/Obj/id_manager.o
                0x000000000002c88a                addr_compare
 .text.im_is_duplicate_bonding_data
                0x000000000002c8b2       0x62 Output/Proximo Release/Obj/id_manager.o
                0x000000000002c8b2                im_is_duplicate_bonding_data
 .text.im_find_duplicate_bonding_data
                0x000000000002c914       0x3c Output/Proximo Release/Obj/id_manager.o
                0x000000000002c914                im_find_duplicate_bonding_data
 .text.im_init  0x000000000002c950       0x34 Output/Proximo Release/Obj/id_manager.o
                0x000000000002c950                im_init
 .text.im_peer_id_get_by_conn_handle
                0x000000000002c984       0x20 Output/Proximo Release/Obj/id_manager.o
                0x000000000002c984                im_peer_id_get_by_conn_handle
 .text.im_ble_addr_get
                0x000000000002c9a4       0x30 Output/Proximo Release/Obj/id_manager.o
                0x000000000002c9a4                im_ble_addr_get
 .text.im_conn_handle_get
                0x000000000002c9d4       0x28 Output/Proximo Release/Obj/id_manager.o
                0x000000000002c9d4                im_conn_handle_get
 .text.im_master_id_is_valid
                0x000000000002c9fc       0x1a Output/Proximo Release/Obj/id_manager.o
                0x000000000002c9fc                im_master_id_is_valid
 .text.im_master_ids_compare
                0x000000000002ca16       0x28 Output/Proximo Release/Obj/id_manager.o
                0x000000000002ca16                im_master_ids_compare
 .text.im_peer_id_get_by_master_id
                0x000000000002ca3e       0x40 Output/Proximo Release/Obj/id_manager.o
                0x000000000002ca3e                im_peer_id_get_by_master_id
 *fill*         0x000000000002ca7e        0x2 
 .text.im_new_peer_id
                0x000000000002ca80       0x1c Output/Proximo Release/Obj/id_manager.o
                0x000000000002ca80                im_new_peer_id
 .text.im_peer_free
                0x000000000002ca9c       0x38 Output/Proximo Release/Obj/id_manager.o
                0x000000000002ca9c                im_peer_free
 .text.ah       0x000000000002cad4       0x54 Output/Proximo Release/Obj/id_manager.o
                0x000000000002cad4                ah
 .text.im_address_resolve
                0x000000000002cb28       0x48 Output/Proximo Release/Obj/id_manager.o
                0x000000000002cb28                im_address_resolve
 .text.im_ble_evt_handler
                0x000000000002cb70       0xd4 Output/Proximo Release/Obj/id_manager.o
                0x000000000002cb70                im_ble_evt_handler
 .text.sd_ble_gap_data_length_update
                0x000000000002cc44        0x4 Output/Proximo Release/Obj/nrf_ble_gatt.o
 .text.sd_ble_gattc_exchange_mtu_request
                0x000000000002cc48        0x4 Output/Proximo Release/Obj/nrf_ble_gatt.o
 .text.sd_ble_gatts_exchange_mtu_reply
                0x000000000002cc4c        0x4 Output/Proximo Release/Obj/nrf_ble_gatt.o
 .text.data_length_update
                0x000000000002cc50       0x88 Output/Proximo Release/Obj/nrf_ble_gatt.o
 .text.nrf_ble_gatt_init
                0x000000000002ccd8       0x28 Output/Proximo Release/Obj/nrf_ble_gatt.o
                0x000000000002ccd8                nrf_ble_gatt_init
 .text.nrf_ble_gatt_on_ble_evt
                0x000000000002cd00      0x1a4 Output/Proximo Release/Obj/nrf_ble_gatt.o
                0x000000000002cd00                nrf_ble_gatt_on_ble_evt
 .text.sd_ble_gatts_rw_authorize_reply
                0x000000000002cea4        0x4 Output/Proximo Release/Obj/nrf_ble_qwr.o
 .text.sd_ble_user_mem_reply
                0x000000000002cea8        0x4 Output/Proximo Release/Obj/nrf_ble_qwr.o
 .text.user_mem_reply.part.0
                0x000000000002ceac       0x24 Output/Proximo Release/Obj/nrf_ble_qwr.o
 .text.nrf_ble_qwr_init
                0x000000000002ced0       0x24 Output/Proximo Release/Obj/nrf_ble_qwr.o
                0x000000000002ced0                nrf_ble_qwr_init
 .text.nrf_ble_qwr_conn_handle_assign
                0x000000000002cef4       0x16 Output/Proximo Release/Obj/nrf_ble_qwr.o
                0x000000000002cef4                nrf_ble_qwr_conn_handle_assign
 .text.nrf_ble_qwr_on_ble_evt
                0x000000000002cf0a       0xa0 Output/Proximo Release/Obj/nrf_ble_qwr.o
                0x000000000002cf0a                nrf_ble_qwr_on_ble_evt
 .text.peer_data_id_is_valid
                0x000000000002cfaa       0x10 Output/Proximo Release/Obj/peer_data_storage.o
 .text.pds_evt_send
                0x000000000002cfba        0xa Output/Proximo Release/Obj/peer_data_storage.o
 .text.peer_data_delete_process
                0x000000000002cfc4       0x84 Output/Proximo Release/Obj/peer_data_storage.o
 .text.fds_evt_handler
                0x000000000002d048       0xc8 Output/Proximo Release/Obj/peer_data_storage.o
 .text.peer_data_find
                0x000000000002d110       0x32 Output/Proximo Release/Obj/peer_data_storage.o
 *fill*         0x000000000002d142        0x2 
 .text.pds_init
                0x000000000002d144       0x64 Output/Proximo Release/Obj/peer_data_storage.o
                0x000000000002d144                pds_init
 .text.pds_peer_data_read
                0x000000000002d1a8       0x68 Output/Proximo Release/Obj/peer_data_storage.o
                0x000000000002d1a8                pds_peer_data_read
 .text.pds_peer_data_iterate_prepare
                0x000000000002d210       0x10 Output/Proximo Release/Obj/peer_data_storage.o
                0x000000000002d210                pds_peer_data_iterate_prepare
 .text.pds_peer_data_iterate
                0x000000000002d220       0x5c Output/Proximo Release/Obj/peer_data_storage.o
                0x000000000002d220                pds_peer_data_iterate
 .text.pds_space_reserve
                0x000000000002d27c       0x2e Output/Proximo Release/Obj/peer_data_storage.o
                0x000000000002d27c                pds_space_reserve
 .text.pds_space_reserve_cancel
                0x000000000002d2aa       0x1c Output/Proximo Release/Obj/peer_data_storage.o
                0x000000000002d2aa                pds_space_reserve_cancel
 .text.pds_peer_data_store
                0x000000000002d2c6       0x9e Output/Proximo Release/Obj/peer_data_storage.o
                0x000000000002d2c6                pds_peer_data_store
 .text.pds_peer_id_allocate
                0x000000000002d364        0x8 Output/Proximo Release/Obj/peer_data_storage.o
                0x000000000002d364                pds_peer_id_allocate
 .text.pds_peer_id_free
                0x000000000002d36c       0x16 Output/Proximo Release/Obj/peer_data_storage.o
                0x000000000002d36c                pds_peer_id_free
 .text.pds_peer_id_is_allocated
                0x000000000002d382        0x4 Output/Proximo Release/Obj/peer_data_storage.o
                0x000000000002d382                pds_peer_id_is_allocated
 .text.pds_next_peer_id_get
                0x000000000002d386        0x4 Output/Proximo Release/Obj/peer_data_storage.o
                0x000000000002d386                pds_next_peer_id_get
 .text.pds_next_deleted_peer_id_get
                0x000000000002d38a        0x4 Output/Proximo Release/Obj/peer_data_storage.o
                0x000000000002d38a                pds_next_deleted_peer_id_get
 *fill*         0x000000000002d38e        0x2 
 .text.write_buffer_record_find_next
                0x000000000002d390       0x24 Output/Proximo Release/Obj/peer_database.o
 .text.write_buffer_record_find
                0x000000000002d3b4       0x36 Output/Proximo Release/Obj/peer_database.o
 *fill*         0x000000000002d3ea        0x2 
 .text.pdb_evt_send
                0x000000000002d3ec       0x1c Output/Proximo Release/Obj/peer_database.o
 .text.write_buf_length_words_set
                0x000000000002d408       0x28 Output/Proximo Release/Obj/peer_database.o
 .text.write_buffer_record_release
                0x000000000002d430       0x44 Output/Proximo Release/Obj/peer_database.o
 .text.write_buf_store
                0x000000000002d474       0x98 Output/Proximo Release/Obj/peer_database.o
                0x000000000002d474                write_buf_store
 .text.pdb_pds_evt_handler
                0x000000000002d50c       0xf0 Output/Proximo Release/Obj/peer_database.o
                0x000000000002d50c                pdb_pds_evt_handler
 .text.pdb_init
                0x000000000002d5fc       0x70 Output/Proximo Release/Obj/peer_database.o
                0x000000000002d5fc                pdb_init
 .text.pdb_peer_allocate
                0x000000000002d66c        0x4 Output/Proximo Release/Obj/peer_database.o
                0x000000000002d66c                pdb_peer_allocate
 .text.pdb_peer_data_ptr_get
                0x000000000002d670        0x6 Output/Proximo Release/Obj/peer_database.o
                0x000000000002d670                pdb_peer_data_ptr_get
 *fill*         0x000000000002d676        0x2 
 .text.pdb_write_buf_get
                0x000000000002d678       0xe4 Output/Proximo Release/Obj/peer_database.o
                0x000000000002d678                pdb_write_buf_get
 .text.pdb_write_buf_release
                0x000000000002d75c       0x28 Output/Proximo Release/Obj/peer_database.o
                0x000000000002d75c                pdb_write_buf_release
 .text.pdb_peer_free
                0x000000000002d784       0x48 Output/Proximo Release/Obj/peer_database.o
                0x000000000002d784                pdb_peer_free
 .text.pdb_write_buf_store_prepare
                0x000000000002d7cc       0x60 Output/Proximo Release/Obj/peer_database.o
                0x000000000002d7cc                pdb_write_buf_store_prepare
 .text.pdb_write_buf_store
                0x000000000002d82c       0x26 Output/Proximo Release/Obj/peer_database.o
                0x000000000002d82c                pdb_write_buf_store
 .text.pdb_next_peer_id_get
                0x000000000002d852        0x4 Output/Proximo Release/Obj/peer_database.o
                0x000000000002d852                pdb_next_peer_id_get
 .text.pdb_next_deleted_peer_id_get
                0x000000000002d856        0x4 Output/Proximo Release/Obj/peer_database.o
                0x000000000002d856                pdb_next_deleted_peer_id_get
 .text.pdb_peer_data_load
                0x000000000002d85a       0x14 Output/Proximo Release/Obj/peer_database.o
                0x000000000002d85a                pdb_peer_data_load
 .text.pdb_raw_store
                0x000000000002d86e        0x8 Output/Proximo Release/Obj/peer_database.o
                0x000000000002d86e                pdb_raw_store
 .text.claim    0x000000000002d876       0x36 Output/Proximo Release/Obj/peer_id.o
 .text.peer_id_init
                0x000000000002d8ac       0x2c Output/Proximo Release/Obj/peer_id.o
                0x000000000002d8ac                peer_id_init
 .text.peer_id_allocate
                0x000000000002d8d8        0xc Output/Proximo Release/Obj/peer_id.o
                0x000000000002d8d8                peer_id_allocate
 .text.peer_id_delete
                0x000000000002d8e4       0x24 Output/Proximo Release/Obj/peer_id.o
                0x000000000002d8e4                peer_id_delete
 .text.peer_id_free
                0x000000000002d908       0x28 Output/Proximo Release/Obj/peer_id.o
                0x000000000002d908                peer_id_free
 .text.peer_id_is_allocated
                0x000000000002d930       0x14 Output/Proximo Release/Obj/peer_id.o
                0x000000000002d930                peer_id_is_allocated
 .text.peer_id_is_deleted
                0x000000000002d944       0x14 Output/Proximo Release/Obj/peer_id.o
                0x000000000002d944                peer_id_is_deleted
 .text.next_id_get
                0x000000000002d958       0x32 Output/Proximo Release/Obj/peer_id.o
                0x000000000002d958                next_id_get
 *fill*         0x000000000002d98a        0x2 
 .text.peer_id_get_next_used
                0x000000000002d98c       0x34 Output/Proximo Release/Obj/peer_id.o
                0x000000000002d98c                peer_id_get_next_used
 .text.peer_id_get_next_deleted
                0x000000000002d9c0        0xc Output/Proximo Release/Obj/peer_id.o
                0x000000000002d9c0                peer_id_get_next_deleted
 .text.evt_send
                0x000000000002d9cc       0x28 Output/Proximo Release/Obj/peer_manager.o
 .text.ble_evt_handler
                0x000000000002d9f4       0x24 Output/Proximo Release/Obj/peer_manager.o
 .text.pm_sm_evt_handler
                0x000000000002da18        0x8 Output/Proximo Release/Obj/peer_manager.o
                0x000000000002da18                pm_sm_evt_handler
 .text.pm_gcm_evt_handler
                0x000000000002da20        0x4 Output/Proximo Release/Obj/peer_manager.o
                0x000000000002da20                pm_gcm_evt_handler
 .text.pm_im_evt_handler
                0x000000000002da24        0x4 Output/Proximo Release/Obj/peer_manager.o
                0x000000000002da24                pm_im_evt_handler
 .text.pm_init  0x000000000002da28       0x64 Output/Proximo Release/Obj/peer_manager.o
                0x000000000002da28                pm_init
 .text.pm_register
                0x000000000002da8c       0x30 Output/Proximo Release/Obj/peer_manager.o
                0x000000000002da8c                pm_register
 .text.pm_sec_params_set
                0x000000000002dabc       0x14 Output/Proximo Release/Obj/peer_manager.o
                0x000000000002dabc                pm_sec_params_set
 .text.pm_conn_sec_config_reply
                0x000000000002dad0        0x8 Output/Proximo Release/Obj/peer_manager.o
                0x000000000002dad0                pm_conn_sec_config_reply
 .text.pm_peer_delete
                0x000000000002dad8       0x14 Output/Proximo Release/Obj/peer_manager.o
                0x000000000002dad8                pm_peer_delete
 .text.pm_peers_delete
                0x000000000002daec       0x74 Output/Proximo Release/Obj/peer_manager.o
                0x000000000002daec                pm_peers_delete
 .text.pm_peer_ranks_get
                0x000000000002db60       0xbc Output/Proximo Release/Obj/peer_manager.o
                0x000000000002db60                pm_peer_ranks_get
 .text.rank_vars_update
                0x000000000002dc1c       0x2c Output/Proximo Release/Obj/peer_manager.o
 .text.pm_pdb_evt_handler
                0x000000000002dc48      0x134 Output/Proximo Release/Obj/peer_manager.o
                0x000000000002dc48                pm_pdb_evt_handler
 .text.pm_buffer_init
                0x000000000002dd7c       0x36 Output/Proximo Release/Obj/pm_buffer.o
                0x000000000002dd7c                pm_buffer_init
 .text.pm_buffer_ptr_get
                0x000000000002ddb2       0x2e Output/Proximo Release/Obj/pm_buffer.o
                0x000000000002ddb2                pm_buffer_ptr_get
 .text.pm_buffer_release
                0x000000000002dde0       0x2a Output/Proximo Release/Obj/pm_buffer.o
                0x000000000002dde0                pm_buffer_release
 .text.pm_buffer_block_acquire
                0x000000000002de0a       0x60 Output/Proximo Release/Obj/pm_buffer.o
                0x000000000002de0a                pm_buffer_block_acquire
 .text.pm_mutex_init
                0x000000000002de6a        0xe Output/Proximo Release/Obj/pm_mutex.o
                0x000000000002de6a                pm_mutex_init
 .text.pm_mutex_lock
                0x000000000002de78       0x4a Output/Proximo Release/Obj/pm_mutex.o
                0x000000000002de78                pm_mutex_lock
 .text.pm_mutex_unlock
                0x000000000002dec2       0x3a Output/Proximo Release/Obj/pm_mutex.o
                0x000000000002dec2                pm_mutex_unlock
 .text.pm_mutex_lock_first_available
                0x000000000002defc       0x68 Output/Proximo Release/Obj/pm_mutex.o
                0x000000000002defc                pm_mutex_lock_first_available
 .text.pm_mutex_lock_status_get
                0x000000000002df64       0x1e Output/Proximo Release/Obj/pm_mutex.o
                0x000000000002df64                pm_mutex_lock_status_get
 .text.sd_ble_gap_authenticate
                0x000000000002df82        0x4 Output/Proximo Release/Obj/security_dispatcher.o
 .text.sd_ble_gap_sec_params_reply
                0x000000000002df86        0x4 Output/Proximo Release/Obj/security_dispatcher.o
 .text.sd_ble_gap_sec_info_reply
                0x000000000002df8a        0x4 Output/Proximo Release/Obj/security_dispatcher.o
 .text.flag_id_init
                0x000000000002df8e       0x12 Output/Proximo Release/Obj/security_dispatcher.o
 .text.evt_send
                0x000000000002dfa0       0x16 Output/Proximo Release/Obj/security_dispatcher.o
 .text.send_config_req
                0x000000000002dfb6       0x26 Output/Proximo Release/Obj/security_dispatcher.o
 .text.send_unexpected_error
                0x000000000002dfdc       0x28 Output/Proximo Release/Obj/security_dispatcher.o
 .text.conn_sec_failure
                0x000000000002e004       0x48 Output/Proximo Release/Obj/security_dispatcher.o
 .text.sec_proc_start.part.0
                0x000000000002e04c       0x60 Output/Proximo Release/Obj/security_dispatcher.o
 .text.link_secure_failure.part.2
                0x000000000002e0ac       0x8c Output/Proximo Release/Obj/security_dispatcher.o
 .text.smd_conn_sec_config_reply
                0x000000000002e138       0x10 Output/Proximo Release/Obj/security_dispatcher.o
                0x000000000002e138                smd_conn_sec_config_reply
 .text.smd_init
                0x000000000002e148       0x70 Output/Proximo Release/Obj/security_dispatcher.o
                0x000000000002e148                smd_init
 .text.smd_params_reply
                0x000000000002e1b8      0x174 Output/Proximo Release/Obj/security_dispatcher.o
                0x000000000002e1b8                smd_params_reply
 .text.smd_link_secure
                0x000000000002e32c       0x26 Output/Proximo Release/Obj/security_dispatcher.o
                0x000000000002e32c                smd_link_secure
 *fill*         0x000000000002e352        0x2 
 .text.smd_ble_evt_handler
                0x000000000002e354      0x2a4 Output/Proximo Release/Obj/security_dispatcher.o
                0x000000000002e354                smd_ble_evt_handler
 .text.new_context_get
                0x000000000002e5f8       0x14 Output/Proximo Release/Obj/security_manager.o
 .text.sec_params_verify
                0x000000000002e60c       0x5e Output/Proximo Release/Obj/security_manager.o
 .text.evt_send
                0x000000000002e66a        0x4 Output/Proximo Release/Obj/security_manager.o
 .text.flag_id_init
                0x000000000002e66e       0x12 Output/Proximo Release/Obj/security_manager.o
 .text.events_send_from_err_code.part.0
                0x000000000002e680       0x70 Output/Proximo Release/Obj/security_manager.o
 .text.link_secure
                0x000000000002e6f0      0x124 Output/Proximo Release/Obj/security_manager.o
 .text.link_secure_pending_handle
                0x000000000002e814       0x30 Output/Proximo Release/Obj/security_manager.o
 .text.smd_params_reply_perform
                0x000000000002e844       0xac Output/Proximo Release/Obj/security_manager.o
 .text.params_reply_pending_handle
                0x000000000002e8f0        0x6 Output/Proximo Release/Obj/security_manager.o
 *fill*         0x000000000002e8f6        0x2 
 .text.sm_smd_evt_handler
                0x000000000002e8f8       0x60 Output/Proximo Release/Obj/security_manager.o
                0x000000000002e8f8                sm_smd_evt_handler
 .text.sm_pdb_evt_handler
                0x000000000002e958       0x60 Output/Proximo Release/Obj/security_manager.o
                0x000000000002e958                sm_pdb_evt_handler
 .text.sm_init  0x000000000002e9b8       0x4c Output/Proximo Release/Obj/security_manager.o
                0x000000000002e9b8                sm_init
 .text.sm_ble_evt_handler
                0x000000000002ea04       0x20 Output/Proximo Release/Obj/security_manager.o
                0x000000000002ea04                sm_ble_evt_handler
 .text.sm_sec_params_set
                0x000000000002ea24       0x3c Output/Proximo Release/Obj/security_manager.o
                0x000000000002ea24                sm_sec_params_set
 .text.sm_conn_sec_config_reply
                0x000000000002ea60        0x4 Output/Proximo Release/Obj/security_manager.o
                0x000000000002ea60                sm_conn_sec_config_reply
 .text.sd_ble_gatts_service_add
                0x000000000002ea64        0x4 Output/Proximo Release/Obj/ble_bas.o
 .text.sd_ble_gatts_characteristic_add
                0x000000000002ea68        0x4 Output/Proximo Release/Obj/ble_bas.o
 .text.sd_ble_gatts_descriptor_add
                0x000000000002ea6c        0x4 Output/Proximo Release/Obj/ble_bas.o
 .text.sd_ble_gatts_value_set
                0x000000000002ea70        0x4 Output/Proximo Release/Obj/ble_bas.o
 .text.sd_ble_gatts_hvx
                0x000000000002ea74        0x4 Output/Proximo Release/Obj/ble_bas.o
 .text.ble_bas_on_ble_evt
                0x000000000002ea78       0x4a Output/Proximo Release/Obj/ble_bas.o
                0x000000000002ea78                ble_bas_on_ble_evt
 .text.ble_bas_init
                0x000000000002eac2      0x1c2 Output/Proximo Release/Obj/ble_bas.o
                0x000000000002eac2                ble_bas_init
 .text.ble_bas_battery_level_update
                0x000000000002ec84       0xd6 Output/Proximo Release/Obj/ble_bas.o
                0x000000000002ec84                ble_bas_battery_level_update
 .text.sd_ble_gatts_service_add
                0x000000000002ed5a        0x4 Output/Proximo Release/Obj/ble_dis.o
 .text.sd_ble_gatts_characteristic_add
                0x000000000002ed5e        0x4 Output/Proximo Release/Obj/ble_dis.o
 *fill*         0x000000000002ed62        0x2 
 .text.char_add
                0x000000000002ed64       0xb4 Output/Proximo Release/Obj/ble_dis.o
 .text.ble_dis_init
                0x000000000002ee18      0x1a4 Output/Proximo Release/Obj/ble_dis.o
                0x000000000002ee18                ble_dis_init
 .text.sd_ble_gatts_service_add
                0x000000000002efbc        0x4 Output/Proximo Release/Obj/ble_hrs.o
 .text.sd_ble_gatts_characteristic_add
                0x000000000002efc0        0x4 Output/Proximo Release/Obj/ble_hrs.o
 .text.sd_ble_gatts_hvx
                0x000000000002efc4        0x4 Output/Proximo Release/Obj/ble_hrs.o
 .text.hrm_encode
                0x000000000002efc8       0x9e Output/Proximo Release/Obj/ble_hrs.o
 .text.heart_rate_measurement_char_add
                0x000000000002f066       0xd4 Output/Proximo Release/Obj/ble_hrs.o
 .text.ble_hrs_on_ble_evt
                0x000000000002f13a       0x50 Output/Proximo Release/Obj/ble_hrs.o
                0x000000000002f13a                ble_hrs_on_ble_evt
 .text.ble_hrs_init
                0x000000000002f18a       0xf2 Output/Proximo Release/Obj/ble_hrs.o
                0x000000000002f18a                ble_hrs_init
 .text.ble_hrs_heart_rate_measurement_send
                0x000000000002f27c       0x5c Output/Proximo Release/Obj/ble_hrs.o
                0x000000000002f27c                ble_hrs_heart_rate_measurement_send
 .text.ble_hrs_rr_interval_add
                0x000000000002f2d8       0x34 Output/Proximo Release/Obj/ble_hrs.o
                0x000000000002f2d8                ble_hrs_rr_interval_add
 .text.ble_hrs_sensor_contact_detected_update
                0x000000000002f30c        0x6 Output/Proximo Release/Obj/ble_hrs.o
                0x000000000002f30c                ble_hrs_sensor_contact_detected_update
 .text.ble_hrs_on_gatt_evt
                0x000000000002f312       0x1c Output/Proximo Release/Obj/ble_hrs.o
                0x000000000002f312                ble_hrs_on_gatt_evt
 .text.sd_softdevice_enable
                0x000000000002f32e        0x4 Output/Proximo Release/Obj/nrf_sdh.o
 .text.sd_softdevice_disable
                0x000000000002f332        0x4 Output/Proximo Release/Obj/nrf_sdh.o
 *fill*         0x000000000002f336        0x2 
 .text.sdh_request_observer_notify
                0x000000000002f338       0x30 Output/Proximo Release/Obj/nrf_sdh.o
 .text.sdh_state_observer_notify
                0x000000000002f368       0x28 Output/Proximo Release/Obj/nrf_sdh.o
 .text.softdevices_evt_irq_enable
                0x000000000002f390       0x3c Output/Proximo Release/Obj/nrf_sdh.o
 .text.softdevice_evt_irq_disable
                0x000000000002f3cc       0x24 Output/Proximo Release/Obj/nrf_sdh.o
 .text.nrf_sdh_enable_request
                0x000000000002f3f0       0x88 Output/Proximo Release/Obj/nrf_sdh.o
                0x000000000002f3f0                nrf_sdh_enable_request
 .text.nrf_sdh_disable_request
                0x000000000002f478       0x60 Output/Proximo Release/Obj/nrf_sdh.o
                0x000000000002f478                nrf_sdh_disable_request
 .text.nrf_sdh_request_continue
                0x000000000002f4d8       0x20 Output/Proximo Release/Obj/nrf_sdh.o
                0x000000000002f4d8                nrf_sdh_request_continue
 .text.nrf_sdh_is_enabled
                0x000000000002f4f8        0xc Output/Proximo Release/Obj/nrf_sdh.o
                0x000000000002f4f8                nrf_sdh_is_enabled
 .text.nrf_sdh_evts_poll
                0x000000000002f504       0x28 Output/Proximo Release/Obj/nrf_sdh.o
                0x000000000002f504                nrf_sdh_evts_poll
 .text.SWI2_EGU2_IRQHandler
                0x000000000002f52c        0x4 Output/Proximo Release/Obj/nrf_sdh.o
                0x000000000002f52c                SWI2_EGU2_IRQHandler
 .text.sd_ble_enable
                0x000000000002f530        0x4 Output/Proximo Release/Obj/nrf_sdh_ble.o
 .text.sd_ble_cfg_set
                0x000000000002f534        0x4 Output/Proximo Release/Obj/nrf_sdh_ble.o
 .text.sd_ble_evt_get
                0x000000000002f538        0x4 Output/Proximo Release/Obj/nrf_sdh_ble.o
 .text.nrf_sdh_ble_evts_poll.part.1
                0x000000000002f53c       0x4c Output/Proximo Release/Obj/nrf_sdh_ble.o
 .text.nrf_sdh_ble_evts_poll
                0x000000000002f588       0x10 Output/Proximo Release/Obj/nrf_sdh_ble.o
 .text.nrf_sdh_ble_default_cfg_set
                0x000000000002f598      0x194 Output/Proximo Release/Obj/nrf_sdh_ble.o
                0x000000000002f598                nrf_sdh_ble_default_cfg_set
 .text.nrf_sdh_ble_enable
                0x000000000002f72c       0x94 Output/Proximo Release/Obj/nrf_sdh_ble.o
                0x000000000002f72c                nrf_sdh_ble_enable
 .text.sd_evt_get
                0x000000000002f7c0        0x4 Output/Proximo Release/Obj/nrf_sdh_soc.o
 .text.nrf_sdh_soc_evts_poll
                0x000000000002f7c4       0x3c Output/Proximo Release/Obj/nrf_sdh_soc.o
 .text.libc.__int64_lsl
                0x000000000002f800       0x28 C:/Program Files/SEGGER/SEGGER Embedded Studio for ARM 3.34b/lib/libc_v7em_fpv4_sp_d16_hard_t_le_eabi.a(libc_asm.o)
                0x000000000002f800                __int64_lsl
                0x000000000002f800                __aeabi_llsl
                0x000000000002f800                __ashldi3
 .text.libc.__int64_udivmod
                0x000000000002f828       0xd0 C:/Program Files/SEGGER/SEGGER Embedded Studio for ARM 3.34b/lib/libc_v7em_fpv4_sp_d16_hard_t_le_eabi.a(libc_asm.o)
                0x000000000002f828                __aeabi_uldivmod
                0x000000000002f828                __int64_udiv
                0x000000000002f828                __udivdi3
                0x000000000002f828                __int64_udivmod
 .text.libc.__RAL_ascii_isctype
                0x000000000002f8f8       0x1c C:/Program Files/SEGGER/SEGGER Embedded Studio for ARM 3.34b/lib/libc_v7em_fpv4_sp_d16_hard_t_le_eabi.a(libc2.o)
 .text.libc.__RAL_ascii_toupper
                0x000000000002f914        0xc C:/Program Files/SEGGER/SEGGER Embedded Studio for ARM 3.34b/lib/libc_v7em_fpv4_sp_d16_hard_t_le_eabi.a(libc2.o)
 .text.libc.__RAL_ascii_tolower
                0x000000000002f920        0xc C:/Program Files/SEGGER/SEGGER Embedded Studio for ARM 3.34b/lib/libc_v7em_fpv4_sp_d16_hard_t_le_eabi.a(libc2.o)
 .text.libc.__RAL_ascii_iswctype
                0x000000000002f92c       0x1c C:/Program Files/SEGGER/SEGGER Embedded Studio for ARM 3.34b/lib/libc_v7em_fpv4_sp_d16_hard_t_le_eabi.a(libc2.o)
 .text.libc.__RAL_ascii_towupper
                0x000000000002f948        0xc C:/Program Files/SEGGER/SEGGER Embedded Studio for ARM 3.34b/lib/libc_v7em_fpv4_sp_d16_hard_t_le_eabi.a(libc2.o)
 .text.libc.__RAL_ascii_towlower
                0x000000000002f954        0xc C:/Program Files/SEGGER/SEGGER Embedded Studio for ARM 3.34b/lib/libc_v7em_fpv4_sp_d16_hard_t_le_eabi.a(libc2.o)
 .text.libc.__RAL_ascii_wctomb
                0x000000000002f960        0xe C:/Program Files/SEGGER/SEGGER Embedded Studio for ARM 3.34b/lib/libc_v7em_fpv4_sp_d16_hard_t_le_eabi.a(libc2.o)
                0x000000000002f960                __RAL_ascii_wctomb
 .text.libc.__RAL_ascii_mbtowc
                0x000000000002f96e       0x24 C:/Program Files/SEGGER/SEGGER Embedded Studio for ARM 3.34b/lib/libc_v7em_fpv4_sp_d16_hard_t_le_eabi.a(libc2.o)
                0x000000000002f96e                __RAL_ascii_mbtowc
 *fill*         0x000000000002f992        0x2 
 .text.libc.__RAL_isctype
                0x000000000002f994       0x14 C:/Program Files/SEGGER/SEGGER Embedded Studio for ARM 3.34b/lib/libc_v7em_fpv4_sp_d16_hard_t_le_eabi.a(libc2.o)
                0x000000000002f994                __RAL_isctype
 .text.libc.isprint
                0x000000000002f9a8        0xa C:/Program Files/SEGGER/SEGGER Embedded Studio for ARM 3.34b/lib/libc_v7em_fpv4_sp_d16_hard_t_le_eabi.a(libc2.o)
                0x000000000002f9a8                isprint
 .text.libc.memcmp
                0x000000000002f9b2       0x6a C:/Program Files/SEGGER/SEGGER Embedded Studio for ARM 3.34b/lib/libc_v7em_fpv4_sp_d16_hard_t_le_eabi.a(libc2.o)
                0x000000000002f9b2                memcmp
 .text.libc.memmove
                0x000000000002fa1c       0x3a C:/Program Files/SEGGER/SEGGER Embedded Studio for ARM 3.34b/lib/libc_v7em_fpv4_sp_d16_hard_t_le_eabi.a(libc2.o)
                0x000000000002fa1c                __aeabi_memmove8
                0x000000000002fa1c                __aeabi_memmove
                0x000000000002fa1c                __aeabi_memmove4
                0x000000000002fa1c                memmove
 *fill*         0x000000000002fa56        0x2 
 .text.libc.memcpy
                0x000000000002fa58       0x54 C:/Program Files/SEGGER/SEGGER Embedded Studio for ARM 3.34b/lib/libc_v7em_fpv4_sp_d16_hard_t_le_eabi.a(libc2_asm.o)
                0x000000000002fa58                __aeabi_memcpy
                0x000000000002fa58                memcpy
                0x000000000002fa64                __aeabi_memcpy8
                0x000000000002fa64                __aeabi_memcpy4
 .text.libc.memset
                0x000000000002faac       0x68 C:/Program Files/SEGGER/SEGGER Embedded Studio for ARM 3.34b/lib/libc_v7em_fpv4_sp_d16_hard_t_le_eabi.a(libc2_asm.o)
                0x000000000002faac                memset
 .text.libc.strlen
                0x000000000002fb14       0x60 C:/Program Files/SEGGER/SEGGER Embedded Studio for ARM 3.34b/lib/libc_v7em_fpv4_sp_d16_hard_t_le_eabi.a(libc2_asm.o)
                0x000000000002fb14                strlen
                0x000000000002fb74                __text_end__ = (__text_start__ + SIZEOF (.text))
                0x0000000000009880                __text_size__ = SIZEOF (.text)
                0x000000000002fb74                __text_load_end__ = __text_end__

.vfp11_veneer   0x0000000100000000        0x0
 .vfp11_veneer  0x0000000100000000        0x0 linker stubs

.v4_bx          0x0000000100000000        0x0
 .v4_bx         0x0000000100000000        0x0 linker stubs

.iplt           0x0000000100000000        0x0
 .iplt          0x0000000100000000        0x0 Output/Proximo Release/Obj/thumb_crt0.o
                0x0000000000000001                . = ASSERT (((__text_start__ == __text_end__) || ((__text_end__ >= __FLASH_segment_start__) && (__text_end__ <= __FLASH_segment_end__))), error: .text is too large to fit in FLASH memory segment)
                0x000000000002fb74                __sdh_soc_observers_load_start__ = ALIGN (__text_end__, 0x4)

.sdh_soc_observers
                0x000000000002fb74       0x18
                0x000000000002fb74                __sdh_soc_observers_start__ = .
                0x000000000002fb74                __start_sdh_soc_observers = __sdh_soc_observers_start__
 *(SORT(.sdh_soc_observers*))
 .sdh_soc_observers0
                0x000000000002fb74        0x8 Output/Proximo Release/Obj/nrf_fstorage_sd.o
 .sdh_soc_observers0
                0x000000000002fb7c        0x8 Output/Proximo Release/Obj/nrf_drv_clock.o
 .sdh_soc_observers1
                0x000000000002fb84        0x8 Output/Proximo Release/Obj/main.o
                0x000000000002fb8c                __sdh_soc_observers_end__ = (__sdh_soc_observers_start__ + SIZEOF (.sdh_soc_observers))
                0x0000000000000018                __sdh_soc_observers_size__ = SIZEOF (.sdh_soc_observers)
                0x000000000002fb8c                __stop_sdh_soc_observers = __sdh_soc_observers_end__