Archive member included to satisfy reference by file (symbol)

C:/Program Files/SEGGER/SEGGER Embedded Studio for ARM 3.34b/lib/libdebugio_v7em_fpv4_sp_d16_hard_t_le_eabi.a(libdebugio.o)
                              Output/rtc_pca10040 Release/Obj/thumb_crt0.o (debug_fopen)
C:/Program Files/SEGGER/SEGGER Embedded Studio for ARM 3.34b/lib/libdebugio_mempoll_v7em_fpv4_sp_d16_hard_t_le_eabi.a(mempoll_debug_operations.o)
                              C:/Program Files/SEGGER/SEGGER Embedded Studio for ARM 3.34b/lib/libdebugio_v7em_fpv4_sp_d16_hard_t_le_eabi.a(libdebugio.o) (__do_debug_operation)
C:/Program Files/SEGGER/SEGGER Embedded Studio for ARM 3.34b/lib/libdebugio_mempoll_v7em_fpv4_sp_d16_hard_t_le_eabi.a(do_nv_debug_operation.o)
                              C:/Program Files/SEGGER/SEGGER Embedded Studio for ARM 3.34b/lib/libdebugio_v7em_fpv4_sp_d16_hard_t_le_eabi.a(libdebugio.o) (__do_nvdebug_operation)
C:/Program Files/SEGGER/SEGGER Embedded Studio for ARM 3.34b/lib/libm_v7em_fpv4_sp_d16_hard_t_le_eabi.a(libm_asm.o)
                              C:/Program Files/SEGGER/SEGGER Embedded Studio for ARM 3.34b/lib/libvfscanf_v7em_fpv4_sp_d16_hard_t_le_eabi.o (__aeabi_i2d)
C:/Program Files/SEGGER/SEGGER Embedded Studio for ARM 3.34b/lib/libm_v7em_fpv4_sp_d16_hard_t_le_eabi.a(libm2.o)
                              C:/Program Files/SEGGER/SEGGER Embedded Studio for ARM 3.34b/lib/libvfprintf_v7em_fpv4_sp_d16_hard_t_le_eabi.o (frexp)
C:/Program Files/SEGGER/SEGGER Embedded Studio for ARM 3.34b/lib/libm_v7em_fpv4_sp_d16_hard_t_le_eabi.a(libm2_asm.o)
                              C:/Program Files/SEGGER/SEGGER Embedded Studio for ARM 3.34b/lib/libm_v7em_fpv4_sp_d16_hard_t_le_eabi.a(libm2.o) (fabs)
C:/Program Files/SEGGER/SEGGER Embedded Studio for ARM 3.34b/lib/libc_v7em_fpv4_sp_d16_hard_t_le_eabi.a(libc_asm.o)
                              C:/Program Files/SEGGER/SEGGER Embedded Studio for ARM 3.34b/lib/libvfprintf_v7em_fpv4_sp_d16_hard_t_le_eabi.o (__aeabi_uldivmod)
C:/Program Files/SEGGER/SEGGER Embedded Studio for ARM 3.34b/lib/libc_v7em_fpv4_sp_d16_hard_t_le_eabi.a(libc2.o)
                              C:/Program Files/SEGGER/SEGGER Embedded Studio for ARM 3.34b/lib/libvfscanf_v7em_fpv4_sp_d16_hard_t_le_eabi.o (__getc)
C:/Program Files/SEGGER/SEGGER Embedded Studio for ARM 3.34b/lib/libc_v7em_fpv4_sp_d16_hard_t_le_eabi.a(libc2_asm.o)
                              C:/Program Files/SEGGER/SEGGER Embedded Studio for ARM 3.34b/lib/libc_v7em_fpv4_sp_d16_hard_t_le_eabi.a(libc2.o) (memcpy)

Discarded input sections

 .text          0x0000000000000000        0x0 Output/rtc_pca10040 Release/Obj/thumb_crt0.o
 .data          0x0000000000000000        0x0 Output/rtc_pca10040 Release/Obj/thumb_crt0.o
 .bss           0x0000000000000000        0x0 Output/rtc_pca10040 Release/Obj/thumb_crt0.o
 .text.__aeabi_read_tp
                0x0000000000000000        0x8 Output/rtc_pca10040 Release/Obj/thumb_crt0.o
 .text.__heap_lock
                0x0000000000000000        0x2 Output/rtc_pca10040 Release/Obj/thumb_crt0.o
 .text.__heap_unlock
                0x0000000000000000        0x2 Output/rtc_pca10040 Release/Obj/thumb_crt0.o
 .text.__printf_lock
                0x0000000000000000        0x2 Output/rtc_pca10040 Release/Obj/thumb_crt0.o
 .text.__printf_unlock
                0x0000000000000000        0x2 Output/rtc_pca10040 Release/Obj/thumb_crt0.o
 .text.__scanf_lock
                0x0000000000000000        0x2 Output/rtc_pca10040 Release/Obj/thumb_crt0.o
 .text.__scanf_unlock
                0x0000000000000000        0x2 Output/rtc_pca10040 Release/Obj/thumb_crt0.o
 .text.__debug_io_lock
                0x0000000000000000        0x2 Output/rtc_pca10040 Release/Obj/thumb_crt0.o
 .text.__debug_io_unlock
                0x0000000000000000        0x2 Output/rtc_pca10040 Release/Obj/thumb_crt0.o
 .text.abort    0x0000000000000000        0x2 Output/rtc_pca10040 Release/Obj/thumb_crt0.o
 .text.__assert
                0x0000000000000000        0x2 Output/rtc_pca10040 Release/Obj/thumb_crt0.o
 .text.__aeabi_assert
                0x0000000000000000        0x2 Output/rtc_pca10040 Release/Obj/thumb_crt0.o
 .text.__cxa_pure_virtual
                0x0000000000000000        0x2 Output/rtc_pca10040 Release/Obj/thumb_crt0.o
 .text.__cxa_guard_acquire
                0x0000000000000000       0x10 Output/rtc_pca10040 Release/Obj/thumb_crt0.o
 .text.__cxa_guard_release
                0x0000000000000000        0x6 Output/rtc_pca10040 Release/Obj/thumb_crt0.o
 .text.__cxa_guard_abort
                0x0000000000000000        0x2 Output/rtc_pca10040 Release/Obj/thumb_crt0.o
 .text.__sync_synchronize
                0x0000000000000000        0x2 Output/rtc_pca10040 Release/Obj/thumb_crt0.o
 .text.__getchar
                0x0000000000000000        0x4 Output/rtc_pca10040 Release/Obj/thumb_crt0.o
 .text.__putchar
                0x0000000000000000        0x4 Output/rtc_pca10040 Release/Obj/thumb_crt0.o
[...]
Memory Configuration

Name             Origin             Length             Attributes
UNPLACED_SECTIONS 0x0000000100000000 0x0000000000000000 xw
RAM              0x0000000020000000 0x0000000000010000 xw
FLASH            0x0000000000000000 0x0000000000080000 xw
*default*        0x0000000000000000 0xffffffffffffffff

Linker script and memory map

                0x0000000000000000                __vfprintf = __vfprintf_long
                0x0000000000000000                __vfscanf = __vfscanf_int
                0x0000000020000000                __RAM_segment_start__ = 0x20000000
                0x0000000020010000                __RAM_segment_end__ = 0x20010000
                0x0000000000010000                __RAM_segment_size__ = 0x10000
                0x0000000000000000                __FLASH_segment_start__ = 0x0
                0x0000000000080000                __FLASH_segment_end__ = 0x80000
                0x0000000000080000                __FLASH_segment_size__ = 0x80000
                0x0000000000002000                __HEAPSIZE__ = 0x2000
                0x0000000000000000                __STACKSIZE_ABT__ = 0x0
                0x0000000000000000                __STACKSIZE_FIQ__ = 0x0
                0x0000000000000000                __STACKSIZE_IRQ__ = 0x0
                0x0000000000000000                __STACKSIZE_PROCESS__ = 0x0
                0x0000000000000000                __STACKSIZE_SVC__ = 0x0
                0x0000000000000000                __STACKSIZE_UND__ = 0x0
                0x0000000000002000                __STACKSIZE__ = 0x2000
                0x0000000020000000                __vectors_ram_load_start__ = 0x20000000

.vectors_ram    0x0000000020000000        0x0
                0x0000000020000000                __vectors_ram_start__ = .
                0x0000000020000000                __app_ram_start__ = __vectors_ram_start__
 *(.vectors_ram .vectors_ram.*)
                0x0000000020000000                __vectors_ram_end__ = (__vectors_ram_start__ + SIZEOF (.vectors_ram))
                0x0000000000000000                __vectors_ram_size__ = SIZEOF (.vectors_ram)
                0x0000000020000000                __vectors_ram_load_end__ = __vectors_ram_end__
                0x0000000000000001                . = ASSERT (((__vectors_ram_start__ == __vectors_ram_end__) || ((__vectors_ram_end__ >= __RAM_segment_start__) && (__vectors_ram_end__ <= __RAM_segment_end__))), error: .vectors_ram is too large to fit in RAM memory segment)
                0x0000000020000000                __nrf_sections_run_load_start__ = ALIGN (__vectors_ram_end__, 0x4)

.nrf_sections_run
                0x0000000020000000        0x0
                0x0000000020000000                __nrf_sections_run_start__ = .
                0x0000000020000000                __start_nrf_sections_run = __nrf_sections_run_start__
 *(.nrf_sections_run .nrf_sections_run.*)
                0x0000000020000000                __nrf_sections_run_end__ = (__nrf_sections_run_start__ + SIZEOF (.nrf_sections_run))
                0x0000000000000000                __nrf_sections_run_size__ = SIZEOF (.nrf_sections_run)
                0x0000000020000000                __nrf_sections_run_load_end__ = __nrf_sections_run_end__
                0x0000000000000001                . = ASSERT (((__nrf_sections_run_start__ == __nrf_sections_run_end__) || ((__nrf_sections_run_end__ >= __RAM_segment_start__) && (__nrf_sections_run_end__ <= __RAM_segment_end__))), error: .nrf_sections_run is too large to fit in RAM memory segment)
                0x0000000000000000                __vectors_load_start__ = 0x0

.vectors        0x0000000000000000       0xdc
                0x0000000000000000                __vectors_start__ = .
 *(.vectors .vectors.*)
 .vectors       0x0000000000000000       0xdc Output/rtc_pca10040 Release/Obj/ses_nrf52_Vectors.o
                0x0000000000000000                _vectors
                0x00000000000000dc                __vectors_end__ = (__vectors_start__ + SIZEOF (.vectors))
                0x00000000000000dc                __vectors_size__ = SIZEOF (.vectors)
                0x00000000000000dc                __vectors_load_end__ = __vectors_end__
                0x0000000000000001                . = ASSERT (((__vectors_start__ == __vectors_end__) || ((__vectors_end__ >= __FLASH_segment_start__) && (__vectors_end__ <= __FLASH_segment_end__))), error: .vectors is too large to fit in FLASH memory segment)
                0x00000000000000dc                __init_load_start__ = ALIGN (__vectors_end__, 0x4)

.init           0x00000000000000dc      0x218
                0x00000000000000dc                __init_start__ = .
 *(.init .init.*)
 .init          0x00000000000000dc      0x160 Output/rtc_pca10040 Release/Obj/thumb_crt0.o
                0x00000000000000dc                _start
                0x0000000000000192                exit
 .init          0x000000000000023c       0x58 Output/rtc_pca10040 Release/Obj/ses_nRF_Startup.o
                0x000000000000023c                Reset_Handler
                0x0000000000000260                InitializeUserMemorySections
 .init          0x0000000000000294       0x60 Output/rtc_pca10040 Release/Obj/ses_nrf52_Vectors.o
                0x0000000000000294                NMI_Handler
                0x0000000000000296                HardFault_Handler
                0x0000000000000298                MemoryManagement_Handler
                0x000000000000029a                BusFault_Handler
                0x000000000000029c                UsageFault_Handler
                0x000000000000029e                SVC_Handler
                0x00000000000002a0                DebugMon_Handler
                0x00000000000002a2                PendSV_Handler
                0x00000000000002a4                SysTick_Handler
                0x00000000000002aa                RADIO_IRQHandler
                0x00000000000002ac                UARTE0_UART0_IRQHandler
                0x00000000000002ae                SPIM0_SPIS0_TWIM0_TWIS0_SPI0_TWI0_IRQHandler
                0x00000000000002b0                SPIM1_SPIS1_TWIM1_TWIS1_SPI1_TWI1_IRQHandler
                0x00000000000002b2                NFCT_IRQHandler
                0x00000000000002b4                GPIOTE_IRQHandler
                0x00000000000002b6                SAADC_IRQHandler
                0x00000000000002b8                TIMER0_IRQHandler
                0x00000000000002ba                TIMER1_IRQHandler
                0x00000000000002bc                TIMER2_IRQHandler
                0x00000000000002c0                TEMP_IRQHandler
                0x00000000000002c2                RNG_IRQHandler
                0x00000000000002c4                ECB_IRQHandler
                0x00000000000002c6                CCM_AAR_IRQHandler
                0x00000000000002c8                WDT_IRQHandler
                0x00000000000002ca                RTC1_IRQHandler
                0x00000000000002cc                QDEC_IRQHandler
                0x00000000000002ce                COMP_LPCOMP_IRQHandler
                0x00000000000002d0                SWI0_EGU0_IRQHandler
                0x00000000000002d2                SWI1_EGU1_IRQHandler
                0x00000000000002d4                SWI2_EGU2_IRQHandler
                0x00000000000002d6                SWI3_EGU3_IRQHandler
                0x00000000000002d8                SWI4_EGU4_IRQHandler
                0x00000000000002da                SWI5_EGU5_IRQHandler
                0x00000000000002dc                TIMER3_IRQHandler
                0x00000000000002de                TIMER4_IRQHandler
                0x00000000000002e0                PWM0_IRQHandler
                0x00000000000002e2                PDM_IRQHandler
                0x00000000000002e4                MWU_IRQHandler
                0x00000000000002e6                PWM1_IRQHandler
                0x00000000000002e8                PWM2_IRQHandler
                0x00000000000002ea                SPIM2_SPIS2_SPI2_IRQHandler
                0x00000000000002ec                RTC2_IRQHandler
                0x00000000000002ee                I2S_IRQHandler
                0x00000000000002f0                FPU_IRQHandler
                0x00000000000002f4                __init_end__ = (__init_start__ + SIZEOF (.init))
                0x0000000000000218                __init_size__ = SIZEOF (.init)
                0x00000000000002f4                __init_load_end__ = __init_end__
                0x0000000000000001                . = ASSERT (((__init_start__ == __init_end__) || ((__init_end__ >= __FLASH_segment_start__) && (__init_end__ <= __FLASH_segment_end__))), error: .init is too large to fit in FLASH memory segment)
                0x00000000000002f4                __init_rodata_load_start__ = ALIGN (__init_end__, 0x4)

.init_rodata    0x00000000000002f4        0x0
                0x00000000000002f4                __init_rodata_start__ = .
 *(.init_rodata .init_rodata.*)
                0x00000000000002f4                __init_rodata_end__ = (__init_rodata_start__ + SIZEOF (.init_rodata))
                0x0000000000000000                __init_rodata_size__ = SIZEOF (.init_rodata)
                0x00000000000002f4                __init_rodata_load_end__ = __init_rodata_end__
                0x0000000000000001                . = ASSERT (((__init_rodata_start__ == __init_rodata_end__) || ((__init_rodata_end__ >= __FLASH_segment_start__) && (__init_rodata_end__ <= __FLASH_segment_end__))), error: .init_rodata is too large to fit in FLASH memory segment)
                0x00000000000002f4                __text_load_start__ = ALIGN (__init_rodata_end__, 0x4)

.text           0x00000000000002f4      0x82c
                0x00000000000002f4                __text_start__ = .
 *(.text .text.* .glue_7t .glue_7 .gnu.linkonce.t.* .gcc_except_table .ARM.extab* .gnu.linkonce.armextab.*)
 .glue_7        0x00000000000002f4        0x0 linker stubs
 .glue_7t       0x00000000000002f4        0x0 linker stubs
 .text.rtc_handler
                0x00000000000002f4       0x3a Output/rtc_pca10040 Release/Obj/main.o
 *fill*         0x000000000000032e        0x2 
 .text.startup.main
                0x0000000000000330       0x70 Output/rtc_pca10040 Release/Obj/main.o
                0x0000000000000330                main
 .text.bsp_board_led_off
                0x00000000000003a0       0x18 Output/rtc_pca10040 Release/Obj/boards.o
                0x00000000000003a0                bsp_board_led_off
 .text.bsp_board_leds_off
                0x00000000000003b8       0x1e Output/rtc_pca10040 Release/Obj/boards.o
                0x00000000000003b8                bsp_board_leds_off
 .text.bsp_board_init
                0x00000000000003d6       0x3e Output/rtc_pca10040 Release/Obj/boards.o
                0x00000000000003d6                bsp_board_init
 .text.app_error_handler_bare
                0x0000000000000414       0x1a Output/rtc_pca10040 Release/Obj/app_error.o
                0x0000000000000414                app_error_handler_bare
 *fill*         0x000000000000042e        0x2 
 .text.app_error_fault_handler
                0x0000000000000430       0x34 Output/rtc_pca10040 Release/Obj/app_error_weak.o
                0x0000000000000430                app_error_fault_handler
 .text.app_util_disable_irq
                0x0000000000000464       0x10 Output/rtc_pca10040 Release/Obj/app_util_platform.o
                0x0000000000000464                app_util_disable_irq
 .text.app_util_enable_irq
                0x0000000000000474       0x14 Output/rtc_pca10040 Release/Obj/app_util_platform.o
                0x0000000000000474                app_util_enable_irq
 .text.app_util_critical_region_enter
                0x0000000000000488        0x4 Output/rtc_pca10040 Release/Obj/app_util_platform.o
                0x0000000000000488                app_util_critical_region_enter
 .text.app_util_critical_region_exit
                0x000000000000048c        0x4 Output/rtc_pca10040 Release/Obj/app_util_platform.o
                0x000000000000048c                app_util_critical_region_exit
 .text.clock_clk_started_notify
                0x0000000000000490       0x28 Output/rtc_pca10040 Release/Obj/nrf_drv_clock.o
 .text.clock_irq_handler
                0x00000000000004b8       0x1c Output/rtc_pca10040 Release/Obj/nrf_drv_clock.o
 .text.nrf_drv_clock_init
                0x00000000000004d4       0x30 Output/rtc_pca10040 Release/Obj/nrf_drv_clock.o
                0x00000000000004d4                nrf_drv_clock_init
 .text.nrf_drv_clock_lfclk_request
                0x0000000000000504       0x54 Output/rtc_pca10040 Release/Obj/nrf_drv_clock.o
                0x0000000000000504                nrf_drv_clock_lfclk_request
 .text.nrf_clock_event_clear
                0x0000000000000558       0x14 Output/rtc_pca10040 Release/Obj/nrfx_clock.o
 .text.nrfx_clock_init
                0x000000000000056c       0x1c Output/rtc_pca10040 Release/Obj/nrfx_clock.o
                0x000000000000056c                nrfx_clock_init
 .text.nrfx_clock_enable
                0x0000000000000588       0x28 Output/rtc_pca10040 Release/Obj/nrfx_clock.o
                0x0000000000000588                nrfx_clock_enable
 .text.nrfx_clock_lfclk_start
                0x00000000000005b0       0x4c Output/rtc_pca10040 Release/Obj/nrfx_clock.o
                0x00000000000005b0                nrfx_clock_lfclk_start
 .text.POWER_CLOCK_IRQHandler
                0x00000000000005fc       0x58 Output/rtc_pca10040 Release/Obj/nrfx_clock.o
                0x00000000000005fc                POWER_CLOCK_IRQHandler
 .text.nrf_rtc_event_clear
                0x0000000000000654       0x10 Output/rtc_pca10040 Release/Obj/nrfx_rtc.o
 .text.nrfx_rtc_init
                0x0000000000000664       0x88 Output/rtc_pca10040 Release/Obj/nrfx_rtc.o
                0x0000000000000664                nrfx_rtc_init
 .text.nrfx_rtc_enable
                0x00000000000006ec       0x18 Output/rtc_pca10040 Release/Obj/nrfx_rtc.o
                0x00000000000006ec                nrfx_rtc_enable
 .text.nrfx_rtc_cc_set
                0x0000000000000704       0x84 Output/rtc_pca10040 Release/Obj/nrfx_rtc.o
                0x0000000000000704                nrfx_rtc_cc_set
 .text.nrfx_rtc_tick_enable
                0x0000000000000788       0x20 Output/rtc_pca10040 Release/Obj/nrfx_rtc.o
                0x0000000000000788                nrfx_rtc_tick_enable
 .text.RTC0_IRQHandler
                0x00000000000007a8       0xa0 Output/rtc_pca10040 Release/Obj/nrfx_rtc.o
                0x00000000000007a8                RTC0_IRQHandler
 .text.errata_57
                0x0000000000000848       0x34 Output/rtc_pca10040 Release/Obj/system_nrf52.o
 .text.errata_136
                0x000000000000087c       0x40 Output/rtc_pca10040 Release/Obj/system_nrf52.o
 .text.SystemInit
                0x00000000000008bc      0x264 Output/rtc_pca10040 Release/Obj/system_nrf52.o
                0x00000000000008bc                SystemInit
                0x0000000000000b20                __text_end__ = (__text_start__ + SIZEOF (.text))
                0x000000000000082c                __text_size__ = SIZEOF (.text)
                0x0000000000000b20                __text_load_end__ = __text_end__

.vfp11_veneer   0x0000000100000000        0x0
 .vfp11_veneer  0x0000000100000000        0x0 linker stubs

.v4_bx          0x0000000100000000        0x0
 .v4_bx         0x0000000100000000        0x0 linker stubs

.iplt           0x0000000100000000        0x0
 .iplt          0x0000000100000000        0x0 Output/rtc_pca10040 Release/Obj/thumb_crt0.o
                0x0000000000000001                . = ASSERT (((__text_start__ == __text_end__) || ((__text_end__ >= __FLASH_segment_start__) && (__text_end__ <= __FLASH_segment_end__))), error: .text is too large to fit in FLASH memory segment)
                0x0000000000000b20                __log_const_data_load_start__ = ALIGN (__text_end__, 0x4)

.log_const_data
                0x0000000000000b20        0x0
                0x0000000000000b20                __log_const_data_start__ = .
                0x0000000000000b20                __start_log_const_data = __log_const_data_start__
 *(SORT(.log_const_data*))
                0x0000000000000b20                __log_const_data_end__ = (__log_const_data_start__ + SIZEOF (.log_const_data))
                0x0000000000000000                __log_const_data_size__ = SIZEOF (.log_const_data)
                0x0000000000000b20                __stop_log_const_data = __log_const_data_end__
                0x0000000000000b20                __log_const_data_load_end__ = __log_const_data_end__
                0x0000000000000001                . = ASSERT (((__log_const_data_start__ == __log_const_data_end__) || ((__log_const_data_end__ >= __FLASH_segment_start__) && (__log_const_data_end__ <= __FLASH_segment_end__))), error: .log_const_data is too large to fit in FLASH memory segment)
                0x0000000000000b20                __nrf_balloc_load_start__ = ALIGN (__log_const_data_end__, 0x4)

.nrf_balloc     0x0000000000000b20        0x0
                0x0000000000000b20                __nrf_balloc_start__ = .
                0x0000000000000b20                __start_nrf_balloc = __nrf_balloc_start__
 *(.nrf_balloc*)
                0x0000000000000b20                __nrf_balloc_end__ = (__nrf_balloc_start__ + SIZEOF (.nrf_balloc))
                0x0000000000000000                __nrf_balloc_size__ = SIZEOF (.nrf_balloc)
                0x0000000000000b20                __stop_nrf_balloc = __nrf_balloc_end__
                0x0000000000000b20                __nrf_balloc_load_end__ = __nrf_balloc_end__
                0x0000000000000001                . = ASSERT (((__nrf_balloc_start__ == __nrf_balloc_end__) || ((__nrf_balloc_end__ >= __FLASH_segment_start__) && (__nrf_balloc_end__ <= __FLASH_segment_end__))), error: .nrf_balloc is too large to fit in FLASH memory segment)
                0x0000000000000b20                __nrf_sections_load_start__ = ALIGN (__nrf_balloc_end__, 0x4)

.nrf_sections   0x0000000000000b20        0x0
                0x0000000000000b20                __nrf_sections_start__ = .
                0x0000000000000b20                __start_nrf_sections = __nrf_sections_start__
 *(.nrf_sections .nrf_sections.*)
                0x0000000000000b20                __nrf_sections_end__ = (__nrf_sections_start__ + SIZEOF (.nrf_sections))
                0x0000000000000000                __nrf_sections_size__ = SIZEOF (.nrf_sections)
                0x0000000000000b20                __nrf_sections_load_end__ = __nrf_sections_end__
                0x0000000000000001                . = ASSERT (((__nrf_sections_start__ == __nrf_sections_end__) || ((__nrf_sections_end__ >= __FLASH_segment_start__) && (__nrf_sections_end__ <= __FLASH_segment_end__))), error: .nrf_sections is too large to fit in FLASH memory segment)
                0x0000000000000b20                __log_dynamic_data_load_start__ = ALIGN (__nrf_sections_end__, 0x4)

.log_dynamic_data
                0x0000000020000000        0x0 load address 0x0000000000000b20
                0x0000000020000000                __log_dynamic_data_start__ = .
 *(SORT(.log_dynamic_data*))
                0x0000000020000000                __log_dynamic_data_end__ = (__log_dynamic_data_start__ + SIZEOF (.log_dynamic_data))
                0x0000000000000000                __log_dynamic_data_size__ = SIZEOF (.log_dynamic_data)
                0x0000000000000b20                __log_dynamic_data_load_end__ = (__log_dynamic_data_load_start__ + SIZEOF (.log_dynamic_data))
                0x0000000000000001                . = ASSERT (((__log_dynamic_data_load_start__ == __log_dynamic_data_load_end__) || ((__log_dynamic_data_load_end__ >= __FLASH_segment_start__) && (__log_dynamic_data_load_end__ <= __FLASH_segment_end__))), error: .log_dynamic_data is too large to fit in FLASH memory segment)

.log_dynamic_data_run
                0x0000000020000000        0x0
                0x0000000020000000                __log_dynamic_data_run_start__ = .
                0x0000000020000000                __start_log_dynamic_data = __log_dynamic_data_run_start__
                0x0000000020000000                . = MAX ((__log_dynamic_data_run_start__ + SIZEOF (.log_dynamic_data)), .)
                0x0000000020000000                __log_dynamic_data_run_end__ = (__log_dynamic_data_run_start__ + SIZEOF (.log_dynamic_data_run))
                0x0000000000000000                __log_dynamic_data_run_size__ = SIZEOF (.log_dynamic_data_run)
                0x0000000020000000                __stop_log_dynamic_data = __log_dynamic_data_run_end__
                0x0000000020000000                __log_dynamic_data_run_load_end__ = __log_dynamic_data_run_end__
                0x0000000000000001                . = ASSERT (((__log_dynamic_data_run_start__ == __log_dynamic_data_run_end__) || ((__log_dynamic_data_run_end__ >= __RAM_segment_start__) && (__log_dynamic_data_run_end__ <= __RAM_segment_end__))), error: .log_dynamic_data_run is too large to fit in RAM memory segment)
                0x0000000020000000                __nrf_sections_run_end_load_start__ = ALIGN (__log_dynamic_data_run_end__, 0x4)

.nrf_sections_run_end
                0x0000000020000000        0x0
                0x0000000020000000                __nrf_sections_run_end_start__ = .
                0x0000000020000000                __end_nrf_sections_run = __nrf_sections_run_end_start__
 *(.nrf_sections_run_end .nrf_sections_run_end.*)
                0x0000000020000000                __nrf_sections_run_end_end__ = (__nrf_sections_run_end_start__ + SIZEOF (.nrf_sections_run_end))
                0x0000000000000000                __nrf_sections_run_end_size__ = SIZEOF (.nrf_sections_run_end)
                0x0000000020000000                __nrf_sections_run_end_load_end__ = __nrf_sections_run_end_end__
                0x0000000000000001                . = ASSERT (((__nrf_sections_run_end_start__ == __nrf_sections_run_end_end__) || ((__nrf_sections_run_end_end__ >= __RAM_segment_start__) && (__nrf_sections_run_end_end__ <= __RAM_segment_end__))), error: .nrf_sections_run_end is too large to fit in RAM memory segment)
                0x0000000000000b20                __dtors_load_start__ = ALIGN ((__log_dynamic_data_load_start__ + SIZEOF (.log_dynamic_data)), 0x4)

.dtors          0x0000000000000b20        0x0
                0x0000000000000b20                __dtors_start__ = .
 *(SORT(.dtors.*))
 *(.dtors)
 *(.fini_array)
 *(SORT(.fini_array.*))
                0x0000000000000b20                __dtors_end__ = (__dtors_start__ + SIZEOF (.dtors))
                0x0000000000000000                __dtors_size__ = SIZEOF (.dtors)
                0x0000000000000b20                __dtors_load_end__ = __dtors_end__
                0x0000000000000001                . = ASSERT (((__dtors_start__ == __dtors_end__) || ((__dtors_end__ >= __FLASH_segment_start__) && (__dtors_end__ <= __FLASH_segment_end__))), error: .dtors is too large to fit in FLASH memory segment)
                0x0000000000000b20                __ctors_load_start__ = ALIGN (__dtors_end__, 0x4)

.ctors          0x0000000000000b20        0x0
                0x0000000000000b20                __ctors_start__ = .
 *(SORT(.ctors.*))
 *(.ctors)
 *(.init_array)
 *(SORT(.init_array.*))
                0x0000000000000b20                __ctors_end__ = (__ctors_start__ + SIZEOF (.ctors))
                0x0000000000000000                __ctors_size__ = SIZEOF (.ctors)
                0x0000000000000b20                __ctors_load_end__ = __ctors_end__
                0x0000000000000001                . = ASSERT (((__ctors_start__ == __ctors_end__) || ((__ctors_end__ >= __FLASH_segment_start__) && (__ctors_end__ <= __FLASH_segment_end__))), error: .ctors is too large to fit in FLASH memory segment)
                0x0000000000000b20                __rodata_load_start__ = ALIGN (__ctors_end__, 0x4)

.rodata         0x0000000000000b20       0x14
                0x0000000000000b20                __rodata_start__ = .
 *(.rodata .rodata.* .gnu.linkonce.r.*)
 .rodata        0x0000000000000b20        0x6 Output/rtc_pca10040 Release/Obj/main.o
 *fill*         0x0000000000000b26        0x2 
 .rodata.rtc    0x0000000000000b28        0x8 Output/rtc_pca10040 Release/Obj/main.o
                0x0000000000000b28                rtc
 .rodata.m_board_led_list
                0x0000000000000b30        0x4 Output/rtc_pca10040 Release/Obj/boards.o
                0x0000000000000b34                __rodata_end__ = (__rodata_start__ + SIZEOF (.rodata))
                0x0000000000000014                __rodata_size__ = SIZEOF (.rodata)
                0x0000000000000b34                __rodata_load_end__ = __rodata_end__

.rel.dyn        0x0000000000000b34        0x0
 .rel.iplt      0x0000000000000b34        0x0 Output/rtc_pca10040 Release/Obj/thumb_crt0.o
                0x0000000000000001                . = ASSERT (((__rodata_start__ == __rodata_end__) || ((__rodata_end__ >= __FLASH_segment_start__) && (__rodata_end__ <= __FLASH_segment_end__))), error: .rodata is too large to fit in FLASH memory segment)
                0x0000000000000b34                __ARM.exidx_load_start__ = ALIGN (__rodata_end__, 0x4)

.ARM.exidx      0x0000000000000b34        0x0
                0x0000000000000b34                __ARM.exidx_start__ = .
                0x0000000000000b34                __exidx_start = __ARM.exidx_start__
 *(.ARM.exidx .ARM.exidx.*)
                0x0000000000000b34                __ARM.exidx_end__ = (__ARM.exidx_start__ + SIZEOF (.ARM.exidx))
                0x0000000000000000                __ARM.exidx_size__ = SIZEOF (.ARM.exidx)
                0x0000000000000b34                __exidx_end = __ARM.exidx_end__
                0x0000000000000b34                __ARM.exidx_load_end__ = __ARM.exidx_end__
                0x0000000000000001                . = ASSERT (((__ARM.exidx_start__ == __ARM.exidx_end__) || ((__ARM.exidx_end__ >= __FLASH_segment_start__) && (__ARM.exidx_end__ <= __FLASH_segment_end__))), error: .ARM.exidx is too large to fit in FLASH memory segment)
                0x0000000000000b34                __fast_load_start__ = ALIGN (__ARM.exidx_end__, 0x4)

.fast           0x0000000020000000        0x0 load address 0x0000000000000b34
                0x0000000020000000                __fast_start__ = .
 *(.fast .fast.*)
                0x0000000020000000                __fast_end__ = (__fast_start__ + SIZEOF (.fast))
                0x0000000000000000                __fast_size__ = SIZEOF (.fast)
                0x0000000000000b34                __fast_load_end__ = (__fast_load_start__ + SIZEOF (.fast))
                0x0000000000000001                . = ASSERT (((__fast_load_start__ == __fast_load_end__) || ((__fast_load_end__ >= __FLASH_segment_start__) && (__fast_load_end__ <= __FLASH_segment_end__))), error: .fast is too large to fit in FLASH memory segment)

.fast_run       0x0000000020000000        0x0
                0x0000000020000000                __fast_run_start__ = .
                0x0000000020000000                . = MAX ((__fast_run_start__ + SIZEOF (.fast)), .)
                0x0000000020000000                __fast_run_end__ = (__fast_run_start__ + SIZEOF (.fast_run))
                0x0000000000000000                __fast_run_size__ = SIZEOF (.fast_run)
                0x0000000020000000                __fast_run_load_end__ = __fast_run_end__
                0x0000000000000001                . = ASSERT (((__fast_run_start__ == __fast_run_end__) || ((__fast_run_end__ >= __RAM_segment_start__) && (__fast_run_end__ <= __RAM_segment_end__))), error: .fast_run is too large to fit in RAM memory segment)
                0x0000000000000b34                __data_load_start__ = ALIGN ((__fast_load_start__ + SIZEOF (.fast)), 0x4)

.data           0x0000000020000000        0x4 load address 0x0000000000000b34
                0x0000000020000000                __data_start__ = .
 *(.data .data.* .gnu.linkonce.d.*)
 .data.SystemCoreClock
                0x0000000020000000        0x4 Output/rtc_pca10040 Release/Obj/system_nrf52.o
                0x0000000020000000                SystemCoreClock
                0x0000000020000004                __data_end__ = (__data_start__ + SIZEOF (.data))
                0x0000000000000004                __data_size__ = SIZEOF (.data)
                0x0000000000000b38                __data_load_end__ = (__data_load_start__ + SIZEOF (.data))

.igot.plt       0x0000000100000000        0x0
 .igot.plt      0x0000000100000000        0x0 Output/rtc_pca10040 Release/Obj/thumb_crt0.o
                0x0000000000000001                . = ASSERT (((__data_load_start__ == __data_load_end__) || ((__data_load_end__ >= __FLASH_segment_start__) && (__data_load_end__ <= __FLASH_segment_end__))), error: .data is too large to fit in FLASH memory segment)

.data_run       0x0000000020000000        0x4 load address 0x0000000000000b34
                0x0000000020000000                __data_run_start__ = .
                0x0000000020000004                . = MAX ((__data_run_start__ + SIZEOF (.data)), .)
 *fill*         0x0000000020000000        0x4 
                0x0000000020000004                __data_run_end__ = (__data_run_start__ + SIZEOF (.data_run))
                0x0000000000000004                __data_run_size__ = SIZEOF (.data_run)
                0x0000000020000004                __data_run_load_end__ = __data_run_end__
                0x0000000000000001                . = ASSERT (((__data_run_start__ == __data_run_end__) || ((__data_run_end__ >= __RAM_segment_start__) && (__data_run_end__ <= __RAM_segment_end__))), error: .data_run is too large to fit in RAM memory segment)
                0x0000000000000b38                __tdata_load_start__ = ALIGN ((__data_load_start__ + SIZEOF (.data)), 0x4)

.tdata          0x0000000020000004        0x0 load address 0x0000000000000b38
                0x0000000020000004                __tdata_start__ = .
 *(.tdata .tdata.*)
                0x0000000020000004                __tdata_end__ = (__tdata_start__ + SIZEOF (.tdata))
                0x0000000000000000                __tdata_size__ = SIZEOF (.tdata)
                0x0000000000000b38                __tdata_load_end__ = (__tdata_load_start__ + SIZEOF (.tdata))
                0x0000000000000b38                __FLASH_segment_used_end__ = (ALIGN ((__data_load_start__ + SIZEOF (.data)), 0x4) + SIZEOF (.tdata))
                0x0000000000000b38                __FLASH_segment_used_size__ = (__FLASH_segment_used_end__ - __FLASH_segment_start__)
                0x0000000000000001                . = ASSERT (((__tdata_load_start__ == __tdata_load_end__) || ((__tdata_load_end__ >= __FLASH_segment_start__) && (__tdata_load_end__ <= __FLASH_segment_end__))), error: .tdata is too large to fit in FLASH memory segment)

.tdata_run      0x0000000020000004        0x0
                0x0000000020000004                __tdata_run_start__ = .
                0x0000000020000004                . = MAX ((__tdata_run_start__ + SIZEOF (.tdata)), .)
                0x0000000020000004                __tdata_run_end__ = (__tdata_run_start__ + SIZEOF (.tdata_run))
                0x0000000000000000                __tdata_run_size__ = SIZEOF (.tdata_run)
                0x0000000020000004                __tdata_run_load_end__ = __tdata_run_end__
                0x0000000000000001                . = ASSERT (((__tdata_run_start__ == __tdata_run_end__) || ((__tdata_run_end__ >= __RAM_segment_start__) && (__tdata_run_end__ <= __RAM_segment_end__))), error: .tdata_run is too large to fit in RAM memory segment)
                0x0000000020000004                __bss_load_start__ = ALIGN (__tdata_run_end__, 0x4)

.bss            0x0000000020000004       0x28
                0x0000000020000004                __bss_start__ = .
 *(.bss .bss.* .gnu.linkonce.b.*)
 .bss.m_in_critical_region
                0x0000000020000004        0x4 Output/rtc_pca10040 Release/Obj/app_util_platform.o
 .bss.m_clock_cb
                0x0000000020000008       0x14 Output/rtc_pca10040 Release/Obj/nrf_drv_clock.o
 .bss.m_clock_cb
                0x000000002000001c        0x8 Output/rtc_pca10040 Release/Obj/nrfx_clock.o
 .bss.m_cb      0x0000000020000024        0x3 Output/rtc_pca10040 Release/Obj/nrfx_rtc.o
 *fill*         0x0000000020000027        0x1 
 .bss.m_handlers
                0x0000000020000028        0x4 Output/rtc_pca10040 Release/Obj/nrfx_rtc.o
 *(COMMON)
                0x000000002000002c                __bss_end__ = (__bss_start__ + SIZEOF (.bss))
                0x0000000000000028                __bss_size__ = SIZEOF (.bss)
                0x000000002000002c                __bss_load_end__ = __bss_end__
                0x0000000000000001                . = ASSERT (((__bss_start__ == __bss_end__) || ((__bss_end__ >= __RAM_segment_start__) && (__bss_end__ <= __RAM_segment_end__))), error: .bss is too large to fit in RAM memory segment)
                0x000000002000002c                __tbss_load_start__ = ALIGN (__bss_end__, 0x4)

.tbss           0x000000002000002c        0x0
                0x000000002000002c                __tbss_start__ = .
 *(.tbss .tbss.*)
                0x000000002000002c                __tbss_end__ = (__tbss_start__ + SIZEOF (.tbss))
                0x0000000000000000                __tbss_size__ = SIZEOF (.tbss)
                0x000000002000002c                __tbss_load_end__ = __tbss_end__
                0x0000000000000001                . = ASSERT (((__tbss_start__ == __tbss_end__) || ((__tbss_end__ >= __RAM_segment_start__) && (__tbss_end__ <= __RAM_segment_end__))), error: .tbss is too large to fit in RAM memory segment)
                0x000000002000002c                __non_init_load_start__ = ALIGN (__tbss_end__, 0x4)

.non_init       0x000000002000002c        0x0
                0x000000002000002c                __non_init_start__ = .
 *(.non_init .non_init.*)
                0x000000002000002c                __non_init_end__ = (__non_init_start__ + SIZEOF (.non_init))
                0x0000000000000000                __non_init_size__ = SIZEOF (.non_init)
                0x000000002000002c                __non_init_load_end__ = __non_init_end__
                0x0000000000000001                . = ASSERT (((__non_init_start__ == __non_init_end__) || ((__non_init_end__ >= __RAM_segment_start__) && (__non_init_end__ <= __RAM_segment_end__))), error: .non_init is too large to fit in RAM memory segment)
                0x000000002000002c                __heap_load_start__ = ALIGN (__non_init_end__, 0x4)

.heap           0x000000002000002c     0x2000
                0x000000002000002c                __heap_start__ = .
 *(.heap .heap.*)
                0x000000002000202c                . = ALIGN (MAX ((__heap_start__ + __HEAPSIZE__), .), 0x4)
 *fill*         0x000000002000002c     0x2000 
                0x000000002000202c                __heap_end__ = (__heap_start__ + SIZEOF (.heap))
                0x0000000000002000                __heap_size__ = SIZEOF (.heap)
                0x000000002000202c                __heap_load_end__ = __heap_end__
                0x0000000000000001                . = ASSERT (((__heap_start__ == __heap_end__) || ((__heap_end__ >= __RAM_segment_start__) && (__heap_end__ <= __RAM_segment_end__))), error: .heap is too large to fit in RAM memory segment)
                0x000000002000e000                __stack_load_start__ = (__RAM_segment_end__ - 0x2000)

.stack          0x000000002000e000     0x2000
                0x000000002000e000                __stack_start__ = .
                0x000000002000e000                __StackLimit = __stack_start__
 *(.stack .stack.*)
                0x0000000020010000                . = ALIGN (MAX ((__stack_start__ + __STACKSIZE__), .), 0x8)
 *fill*         0x000000002000e000     0x2000 
                0x0000000020010000                __stack_end__ = (__stack_start__ + SIZEOF (.stack))
                0x0000000000002000                __stack_size__ = SIZEOF (.stack)
                0x0000000020010000                __StackTop = __stack_end__
                0x0000000020010000                __stack_load_end__ = __stack_end__
                0x0000000000000001                . = ASSERT (((__stack_start__ == __stack_end__) || ((__stack_end__ >= __RAM_segment_start__) && (__stack_end__ <= __RAM_segment_end__))), error: .stack is too large to fit in RAM memory segment)
                0x0000000000000001                . = ASSERT ((__heap_end__ <= __stack_start__), error: section .heap overlaps absolute placed section .stack)
                0x0000000020010000                __stack_process_load_start__ = ALIGN (__stack_end__, 0x8)

.stack_process  0x0000000020010000        0x0
                0x0000000020010000                __stack_process_start__ = .
 *(.stack_process .stack_process.*)
                0x0000000020010000                . = ALIGN (MAX ((__stack_process_start__ + __STACKSIZE_PROCESS__), .), 0x8)
                0x0000000020010000                __stack_process_end__ = (__stack_process_start__ + SIZEOF (.stack_process))
                0x0000000000000000                __stack_process_size__ = SIZEOF (.stack_process)
                0x0000000020010000                __stack_process_load_end__ = __stack_process_end__
                0x0000000020010000                __RAM_segment_used_end__ = (ALIGN (__stack_end__, 0x8) + SIZEOF (.stack_process))
                0x0000000000010000                __RAM_segment_used_size__ = (__RAM_segment_used_end__ - __RAM_segment_start__)
                0x0000000000000001                . = ASSERT (((__stack_process_start__ == __stack_process_end__) || ((__stack_process_end__ >= __RAM_segment_start__) && (__stack_process_end__ <= __RAM_segment_end__))), error: .stack_process is too large to fit in RAM memory segment)
START GROUP
LOAD Output/rtc_pca10040 Release/Obj/thumb_crt0.o
LOAD Output/rtc_pca10040 Release/Obj/main.o
LOAD Output/rtc_pca10040 Release/Obj/boards.o
LOAD Output/rtc_pca10040 Release/Obj/app_error.o
LOAD Output/rtc_pca10040 Release/Obj/app_error_handler_gcc.o
LOAD Output/rtc_pca10040 Release/Obj/app_error_weak.o
LOAD Output/rtc_pca10040 Release/Obj/app_util_platform.o
LOAD Output/rtc_pca10040 Release/Obj/nrf_assert.o
LOAD Output/rtc_pca10040 Release/Obj/nrf_strerror.o
LOAD Output/rtc_pca10040 Release/Obj/nrf_drv_clock.o
LOAD Output/rtc_pca10040 Release/Obj/nrf_nvic.o
LOAD Output/rtc_pca10040 Release/Obj/nrf_soc.o
LOAD Output/rtc_pca10040 Release/Obj/nrfx_clock.o
LOAD Output/rtc_pca10040 Release/Obj/nrfx_power_clock.o
LOAD Output/rtc_pca10040 Release/Obj/nrfx_rtc.o
LOAD Output/rtc_pca10040 Release/Obj/ses_nRF_Startup.o
LOAD Output/rtc_pca10040 Release/Obj/ses_nrf52_Vectors.o
LOAD Output/rtc_pca10040 Release/Obj/system_nrf52.o
LOAD C:/Program Files/SEGGER/SEGGER Embedded Studio for ARM 3.34b/lib/libdebugio_mempoll_v7em_fpv4_sp_d16_hard_t_le_eabi.a
LOAD C:/Program Files/SEGGER/SEGGER Embedded Studio for ARM 3.34b/lib/libm_v7em_fpv4_sp_d16_hard_t_le_eabi.a
LOAD C:/Program Files/SEGGER/SEGGER Embedded Studio for ARM 3.34b/lib/libc_v7em_fpv4_sp_d16_hard_t_le_eabi.a
LOAD C:/Program Files/SEGGER/SEGGER Embedded Studio for ARM 3.34b/lib/libcpp_v7em_fpv4_sp_d16_hard_t_le_eabi.a
LOAD C:/Program Files/SEGGER/SEGGER Embedded Studio for ARM 3.34b/lib/libdebugio_v7em_fpv4_sp_d16_hard_t_le_eabi.a
LOAD C:/Program Files/SEGGER/SEGGER Embedded Studio for ARM 3.34b/lib/libvfprintf_v7em_fpv4_sp_d16_hard_t_le_eabi.o
LOAD C:/Program Files/SEGGER/SEGGER Embedded Studio for ARM 3.34b/lib/libvfscanf_v7em_fpv4_sp_d16_hard_t_le_eabi.o
END GROUP
OUTPUT(Output/Release/Exe/rtc_pca10040.elf elf32-littlearm)

.ARM.attributes
                0x0000000000000000       0x35
 .ARM.attributes
                0x0000000000000000       0x25 Output/rtc_pca10040 Release/Obj/thumb_crt0.o
 .ARM.attributes
                0x0000000000000025       0x39 Output/rtc_pca10040 Release/Obj/main.o
 .ARM.attributes
                0x000000000000005e       0x39 Output/rtc_pca10040 Release/Obj/boards.o
 .ARM.attributes
                0x0000000000000097       0x39 Output/rtc_pca10040 Release/Obj/app_error.o
 .ARM.attributes
                0x00000000000000d0       0x39 Output/rtc_pca10040 Release/Obj/app_error_weak.o
 .ARM.attributes
                0x0000000000000109       0x39 Output/rtc_pca10040 Release/Obj/app_util_platform.o
 .ARM.attributes
                0x0000000000000142       0x39 Output/rtc_pca10040 Release/Obj/nrf_drv_clock.o
 .ARM.attributes
                0x000000000000017b       0x39 Output/rtc_pca10040 Release/Obj/nrfx_clock.o
 .ARM.attributes
                0x00000000000001b4       0x39 Output/rtc_pca10040 Release/Obj/nrfx_rtc.o
 .ARM.attributes
                0x00000000000001ed       0x25 Output/rtc_pca10040 Release/Obj/ses_nRF_Startup.o
 .ARM.attributes
                0x0000000000000212       0x25 Output/rtc_pca10040 Release/Obj/ses_nrf52_Vectors.o
 .ARM.attributes
                0x0000000000000237       0x39 Output/rtc_pca10040 Release/Obj/system_nrf52.o

.comment        0x0000000000000000       0x4c
 .comment       0x0000000000000000       0x4c Output/rtc_pca10040 Release/Obj/main.o
                                         0x4d (size before relaxing)
 .comment       0x000000000000004c       0x4d Output/rtc_pca10040 Release/Obj/boards.o
 .comment       0x000000000000004c       0x4d Output/rtc_pca10040 Release/Obj/app_error.o
 .comment       0x000000000000004c       0x4d Output/rtc_pca10040 Release/Obj/app_error_weak.o
 .comment       0x000000000000004c       0x4d Output/rtc_pca10040 Release/Obj/app_util_platform.o
 .comment       0x000000000000004c       0x4d Output/rtc_pca10040 Release/Obj/nrf_drv_clock.o
 .comment       0x000000000000004c       0x4d Output/rtc_pca10040 Release/Obj/nrfx_clock.o
 .comment       0x000000000000004c       0x4d Output/rtc_pca10040 Release/Obj/nrfx_rtc.o
 .comment       0x000000000000004c       0x4d Output/rtc_pca10040 Release/Obj/system_nrf52.o

.debug_line     0x0000000000000000     0x3929
 .debug_line    0x0000000000000000      0x2b5 Output/rtc_pca10040 Release/Obj/thumb_crt0.o
 .debug_line    0x00000000000002b5      0x61b Output/rtc_pca10040 Release/Obj/main.o
 .debug_line    0x00000000000008d0      0x648 Output/rtc_pca10040 Release/Obj/boards.o
 .debug_line    0x0000000000000f18      0x2ec Output/rtc_pca10040 Release/Obj/app_error.o
 .debug_line    0x0000000000001204      0x5fa Output/rtc_pca10040 Release/Obj/app_error_weak.o
 .debug_line    0x00000000000017fe      0x36e Output/rtc_pca10040 Release/Obj/app_util_platform.o
 .debug_line    0x0000000000001b6c      0x825 Output/rtc_pca10040 Release/Obj/nrf_drv_clock.o
 .debug_line    0x0000000000002391      0x874 Output/rtc_pca10040 Release/Obj/nrfx_clock.o
 .debug_line    0x0000000000002c05      0x922 Output/rtc_pca10040 Release/Obj/nrfx_rtc.o
 .debug_line    0x0000000000003527       0xa0 Output/rtc_pca10040 Release/Obj/ses_nRF_Startup.o
 .debug_line    0x00000000000035c7       0xa9 Output/rtc_pca10040 Release/Obj/ses_nrf52_Vectors.o
 .debug_line    0x0000000000003670      0x2b9 Output/rtc_pca10040 Release/Obj/system_nrf52.o

.debug_info     0x0000000000000000     0x937a
 .debug_info    0x0000000000000000       0xc4 Output/rtc_pca10040 Release/Obj/thumb_crt0.o
 .debug_info    0x00000000000000c4      0xecc Output/rtc_pca10040 Release/Obj/main.o
 .debug_info    0x0000000000000f90     0x1053 Output/rtc_pca10040 Release/Obj/boards.o
 .debug_info    0x0000000000001fe3      0x7e0 Output/rtc_pca10040 Release/Obj/app_error.o
 .debug_info    0x00000000000027c3      0x941 Output/rtc_pca10040 Release/Obj/app_error_weak.o
 .debug_info    0x0000000000003104      0xc64 Output/rtc_pca10040 Release/Obj/app_util_platform.o
 .debug_info    0x0000000000003d68     0x106c Output/rtc_pca10040 Release/Obj/nrf_drv_clock.o
 .debug_info    0x0000000000004dd4     0x179d Output/rtc_pca10040 Release/Obj/nrfx_clock.o
 .debug_info    0x0000000000006571     0x1bc0 Output/rtc_pca10040 Release/Obj/nrfx_rtc.o
 .debug_info    0x0000000000008131       0xbe Output/rtc_pca10040 Release/Obj/ses_nRF_Startup.o
 .debug_info    0x00000000000081ef       0xc0 Output/rtc_pca10040 Release/Obj/ses_nrf52_Vectors.o
 .debug_info    0x00000000000082af     0x10cb Output/rtc_pca10040 Release/Obj/system_nrf52.o

.debug_abbrev   0x0000000000000000     0x1ab2
 .debug_abbrev  0x0000000000000000       0x12 Output/rtc_pca10040 Release/Obj/thumb_crt0.o
 .debug_abbrev  0x0000000000000012      0x2fe Output/rtc_pca10040 Release/Obj/main.o
 .debug_abbrev  0x0000000000000310      0x317 Output/rtc_pca10040 Release/Obj/boards.o
 .debug_abbrev  0x0000000000000627      0x1a9 Output/rtc_pca10040 Release/Obj/app_error.o
 .debug_abbrev  0x00000000000007d0      0x1c4 Output/rtc_pca10040 Release/Obj/app_error_weak.o
 .debug_abbrev  0x0000000000000994      0x271 Output/rtc_pca10040 Release/Obj/app_util_platform.o
 .debug_abbrev  0x0000000000000c05      0x410 Output/rtc_pca10040 Release/Obj/nrf_drv_clock.o
 .debug_abbrev  0x0000000000001015      0x3fc Output/rtc_pca10040 Release/Obj/nrfx_clock.o
 .debug_abbrev  0x0000000000001411      0x471 Output/rtc_pca10040 Release/Obj/nrfx_rtc.o
 .debug_abbrev  0x0000000000001882       0x14 Output/rtc_pca10040 Release/Obj/ses_nRF_Startup.o
 .debug_abbrev  0x0000000000001896       0x14 Output/rtc_pca10040 Release/Obj/ses_nrf52_Vectors.o
 .debug_abbrev  0x00000000000018aa      0x208 Output/rtc_pca10040 Release/Obj/system_nrf52.o

.debug_aranges  0x0000000000000000      0x410
 .debug_aranges
                0x0000000000000000       0xe0 Output/rtc_pca10040 Release/Obj/thumb_crt0.o
 .debug_aranges
                0x00000000000000e0       0x28 Output/rtc_pca10040 Release/Obj/main.o
 .debug_aranges
                0x0000000000000108       0x78 Output/rtc_pca10040 Release/Obj/boards.o
 .debug_aranges
                0x0000000000000180       0x28 Output/rtc_pca10040 Release/Obj/app_error.o
 .debug_aranges
                0x00000000000001a8       0x20 Output/rtc_pca10040 Release/Obj/app_error_weak.o
 .debug_aranges
                0x00000000000001c8       0x48 Output/rtc_pca10040 Release/Obj/app_util_platform.o
 .debug_aranges
                0x0000000000000210       0x88 Output/rtc_pca10040 Release/Obj/nrf_drv_clock.o
 .debug_aranges
                0x0000000000000298       0x80 Output/rtc_pca10040 Release/Obj/nrfx_clock.o
 .debug_aranges
                0x0000000000000318       0x80 Output/rtc_pca10040 Release/Obj/nrfx_rtc.o
 .debug_aranges
                0x0000000000000398       0x20 Output/rtc_pca10040 Release/Obj/ses_nRF_Startup.o
 .debug_aranges
                0x00000000000003b8       0x20 Output/rtc_pca10040 Release/Obj/ses_nrf52_Vectors.o
 .debug_aranges
                0x00000000000003d8       0x38 Output/rtc_pca10040 Release/Obj/system_nrf52.o

.debug_ranges   0x0000000000000000      0x4f0
 .debug_ranges  0x0000000000000000       0xd8 Output/rtc_pca10040 Release/Obj/thumb_crt0.o
 .debug_ranges  0x00000000000000d8       0x30 Output/rtc_pca10040 Release/Obj/main.o
 .debug_ranges  0x0000000000000108       0xe0 Output/rtc_pca10040 Release/Obj/boards.o
 .debug_ranges  0x00000000000001e8       0x18 Output/rtc_pca10040 Release/Obj/app_error.o
 .debug_ranges  0x0000000000000200       0x10 Output/rtc_pca10040 Release/Obj/app_error_weak.o
 .debug_ranges  0x0000000000000210       0x38 Output/rtc_pca10040 Release/Obj/app_util_platform.o
 .debug_ranges  0x0000000000000248       0xc0 Output/rtc_pca10040 Release/Obj/nrf_drv_clock.o
 .debug_ranges  0x0000000000000308       0xb8 Output/rtc_pca10040 Release/Obj/nrfx_clock.o
 .debug_ranges  0x00000000000003c0      0x108 Output/rtc_pca10040 Release/Obj/nrfx_rtc.o
 .debug_ranges  0x00000000000004c8       0x28 Output/rtc_pca10040 Release/Obj/system_nrf52.o

.debug_frame    0x0000000000000000      0x6ec
 .debug_frame   0x0000000000000000       0x3c Output/rtc_pca10040 Release/Obj/main.o
 .debug_frame   0x000000000000003c      0x104 Output/rtc_pca10040 Release/Obj/boards.o
 .debug_frame   0x0000000000000140       0x58 Output/rtc_pca10040 Release/Obj/app_error.o
 .debug_frame   0x0000000000000198       0x20 Output/rtc_pca10040 Release/Obj/app_error_weak.o
 .debug_frame   0x00000000000001b8       0x70 Output/rtc_pca10040 Release/Obj/app_util_platform.o
 .debug_frame   0x0000000000000228      0x1a4 Output/rtc_pca10040 Release/Obj/nrf_drv_clock.o
 .debug_frame   0x00000000000003cc      0x150 Output/rtc_pca10040 Release/Obj/nrfx_clock.o
 .debug_frame   0x000000000000051c      0x174 Output/rtc_pca10040 Release/Obj/nrfx_rtc.o
 .debug_frame   0x0000000000000690       0x5c Output/rtc_pca10040 Release/Obj/system_nrf52.o

.debug_loc      0x0000000000000000     0x16db
 .debug_loc     0x0000000000000000       0x91 Output/rtc_pca10040 Release/Obj/main.o
 .debug_loc     0x0000000000000091      0x54b Output/rtc_pca10040 Release/Obj/boards.o
 .debug_loc     0x00000000000005dc       0xb5 Output/rtc_pca10040 Release/Obj/app_error.o
 .debug_loc     0x0000000000000691       0x42 Output/rtc_pca10040 Release/Obj/app_error_weak.o
 .debug_loc     0x00000000000006d3       0x7d Output/rtc_pca10040 Release/Obj/app_util_platform.o
 .debug_loc     0x0000000000000750      0x295 Output/rtc_pca10040 Release/Obj/nrf_drv_clock.o
 .debug_loc     0x00000000000009e5      0x2bc Output/rtc_pca10040 Release/Obj/nrfx_clock.o
 .debug_loc     0x0000000000000ca1      0xa3a Output/rtc_pca10040 Release/Obj/nrfx_rtc.o

.debug_pubnames
                0x0000000000000000     0x2317
 .debug_pubnames
                0x0000000000000000      0x4c1 Output/rtc_pca10040 Release/Obj/main.o
 .debug_pubnames
                0x00000000000004c1      0x4bd Output/rtc_pca10040 Release/Obj/boards.o
 .debug_pubnames
                0x000000000000097e       0x6c Output/rtc_pca10040 Release/Obj/app_error.o
 .debug_pubnames
                0x00000000000009ea      0x10e Output/rtc_pca10040 Release/Obj/app_error_weak.o
 .debug_pubnames
                0x0000000000000af8      0x204 Output/rtc_pca10040 Release/Obj/app_util_platform.o
 .debug_pubnames
                0x0000000000000cfc      0x48e Output/rtc_pca10040 Release/Obj/nrf_drv_clock.o
 .debug_pubnames
                0x000000000000118a      0x9d7 Output/rtc_pca10040 Release/Obj/nrfx_clock.o
 .debug_pubnames
                0x0000000000001b61      0x697 Output/rtc_pca10040 Release/Obj/nrfx_rtc.o
 .debug_pubnames
                0x00000000000021f8      0x11f Output/rtc_pca10040 Release/Obj/system_nrf52.o

.debug_pubtypes
                0x0000000000000000     0x14eb
 .debug_pubtypes
                0x0000000000000000      0x265 Output/rtc_pca10040 Release/Obj/main.o
 .debug_pubtypes
                0x0000000000000265      0x249 Output/rtc_pca10040 Release/Obj/boards.o
 .debug_pubtypes
                0x00000000000004ae      0x1ef Output/rtc_pca10040 Release/Obj/app_error.o
 .debug_pubtypes
                0x000000000000069d      0x207 Output/rtc_pca10040 Release/Obj/app_error_weak.o
 .debug_pubtypes
                0x00000000000008a4      0x1dc Output/rtc_pca10040 Release/Obj/app_util_platform.o
 .debug_pubtypes
                0x0000000000000a80      0x2d1 Output/rtc_pca10040 Release/Obj/nrf_drv_clock.o
 .debug_pubtypes
                0x0000000000000d51      0x305 Output/rtc_pca10040 Release/Obj/nrfx_clock.o
 .debug_pubtypes
                0x0000000000001056      0x2e1 Output/rtc_pca10040 Release/Obj/nrfx_rtc.o
 .debug_pubtypes
                0x0000000000001337      0x1b4 Output/rtc_pca10040 Release/Obj/system_nrf52.o

.debug_macro    0x0000000000000000    0x1325f
 .debug_macro   0x0000000000000000      0x26b Output/rtc_pca10040 Release/Obj/main.o
 .debug_macro   0x000000000000026b      0x8f8 Output/rtc_pca10040 Release/Obj/main.o
 .debug_macro   0x0000000000000b63       0x22 Output/rtc_pca10040 Release/Obj/main.o
 .debug_macro   0x0000000000000b85       0x2d Output/rtc_pca10040 Release/Obj/main.o
 .debug_macro   0x0000000000000bb2      0x189 Output/rtc_pca10040 Release/Obj/main.o
 .debug_macro   0x0000000000000d3b       0x35 Output/rtc_pca10040 Release/Obj/main.o
 .debug_macro   0x0000000000000d70       0x50 Output/rtc_pca10040 Release/Obj/main.o
 .debug_macro   0x0000000000000dc0      0xe66 Output/rtc_pca10040 Release/Obj/main.o
 .debug_macro   0x0000000000001c26      0x392 Output/rtc_pca10040 Release/Obj/main.o
 .debug_macro   0x0000000000001fb8     0xccbe Output/rtc_pca10040 Release/Obj/main.o
 .debug_macro   0x000000000000ec76     0x1313 Output/rtc_pca10040 Release/Obj/main.o
 .debug_macro   0x000000000000ff89       0x82 Output/rtc_pca10040 Release/Obj/main.o
 .debug_macro   0x000000000001000b       0x22 Output/rtc_pca10040 Release/Obj/main.o
 .debug_macro   0x000000000001002d      0x65b Output/rtc_pca10040 Release/Obj/main.o
 .debug_macro   0x0000000000010688       0x89 Output/rtc_pca10040 Release/Obj/main.o
 .debug_macro   0x0000000000010711       0x1c Output/rtc_pca10040 Release/Obj/main.o
 .debug_macro   0x000000000001072d       0x22 Output/rtc_pca10040 Release/Obj/main.o
 .debug_macro   0x000000000001074f      0x3a3 Output/rtc_pca10040 Release/Obj/main.o
 .debug_macro   0x0000000000010af2       0x36 Output/rtc_pca10040 Release/Obj/main.o
 .debug_macro   0x0000000000010b28      0x11b Output/rtc_pca10040 Release/Obj/main.o
 .debug_macro   0x0000000000010c43      0x125 Output/rtc_pca10040 Release/Obj/main.o
 .debug_macro   0x0000000000010d68       0x16 Output/rtc_pca10040 Release/Obj/main.o
 .debug_macro   0x0000000000010d7e      0x16d Output/rtc_pca10040 Release/Obj/main.o
 .debug_macro   0x0000000000010eeb      0x4f2 Output/rtc_pca10040 Release/Obj/main.o
 .debug_macro   0x00000000000113dd       0x3f Output/rtc_pca10040 Release/Obj/main.o
 .debug_macro   0x000000000001141c       0x6b Output/rtc_pca10040 Release/Obj/main.o
 .debug_macro   0x0000000000011487       0x8e Output/rtc_pca10040 Release/Obj/main.o
 .debug_macro   0x0000000000011515       0xa7 Output/rtc_pca10040 Release/Obj/main.o
 .debug_macro   0x00000000000115bc       0x49 Output/rtc_pca10040 Release/Obj/main.o
 .debug_macro   0x0000000000011605       0x8c Output/rtc_pca10040 Release/Obj/main.o
 .debug_macro   0x0000000000011691       0x19 Output/rtc_pca10040 Release/Obj/main.o
 .debug_macro   0x00000000000116aa       0x16 Output/rtc_pca10040 Release/Obj/main.o
 .debug_macro   0x00000000000116c0       0x7b Output/rtc_pca10040 Release/Obj/main.o
 .debug_macro   0x000000000001173b       0x64 Output/rtc_pca10040 Release/Obj/main.o
 .debug_macro   0x000000000001179f       0x20 Output/rtc_pca10040 Release/Obj/main.o
 .debug_macro   0x00000000000117bf       0x16 Output/rtc_pca10040 Release/Obj/main.o
 .debug_macro   0x00000000000117d5       0x2e Output/rtc_pca10040 Release/Obj/main.o
 .debug_macro   0x0000000000011803       0x16 Output/rtc_pca10040 Release/Obj/main.o
 .debug_macro   0x0000000000011819       0xac Output/rtc_pca10040 Release/Obj/main.o
 .debug_macro   0x00000000000118c5       0x16 Output/rtc_pca10040 Release/Obj/main.o
 .debug_macro   0x00000000000118db       0x10 Output/rtc_pca10040 Release/Obj/main.o
 .debug_macro   0x00000000000118eb      0x25a Output/rtc_pca10040 Release/Obj/main.o
 .debug_macro   0x0000000000011b45      0x16d Output/rtc_pca10040 Release/Obj/main.o
 .debug_macro   0x0000000000011cb2      0x202 Output/rtc_pca10040 Release/Obj/boards.o
 .debug_macro   0x0000000000011eb4       0x3b Output/rtc_pca10040 Release/Obj/boards.o
 .debug_macro   0x0000000000011eef       0xfa Output/rtc_pca10040 Release/Obj/app_error.o
 .debug_macro   0x0000000000011fe9       0x71 Output/rtc_pca10040 Release/Obj/app_error.o
 .debug_macro   0x000000000001205a      0x21b Output/rtc_pca10040 Release/Obj/app_error_weak.o
 .debug_macro   0x0000000000012275       0x31 Output/rtc_pca10040 Release/Obj/app_error_weak.o
 .debug_macro   0x00000000000122a6       0x16 Output/rtc_pca10040 Release/Obj/app_error_weak.o
 .debug_macro   0x00000000000122bc       0x49 Output/rtc_pca10040 Release/Obj/app_error_weak.o
 .debug_macro   0x0000000000012305      0x17d Output/rtc_pca10040 Release/Obj/app_error_weak.o
 .debug_macro   0x0000000000012482       0x9a Output/rtc_pca10040 Release/Obj/app_error_weak.o
 .debug_macro   0x000000000001251c       0x28 Output/rtc_pca10040 Release/Obj/app_error_weak.o
 .debug_macro   0x0000000000012544       0x22 Output/rtc_pca10040 Release/Obj/app_error_weak.o
 .debug_macro   0x0000000000012566       0x98 Output/rtc_pca10040 Release/Obj/app_error_weak.o
 .debug_macro   0x00000000000125fe       0x10 Output/rtc_pca10040 Release/Obj/app_error_weak.o
 .debug_macro   0x000000000001260e       0x1c Output/rtc_pca10040 Release/Obj/app_error_weak.o
 .debug_macro   0x000000000001262a      0x110 Output/rtc_pca10040 Release/Obj/app_util_platform.o
 .debug_macro   0x000000000001273a      0x2b6 Output/rtc_pca10040 Release/Obj/nrf_drv_clock.o
 .debug_macro   0x00000000000129f0       0x54 Output/rtc_pca10040 Release/Obj/nrf_drv_clock.o
 .debug_macro   0x0000000000012a44       0x37 Output/rtc_pca10040 Release/Obj/nrf_drv_clock.o
 .debug_macro   0x0000000000012a7b       0x10 Output/rtc_pca10040 Release/Obj/nrf_drv_clock.o
 .debug_macro   0x0000000000012a8b      0x177 Output/rtc_pca10040 Release/Obj/nrf_drv_clock.o
 .debug_macro   0x0000000000012c02      0x2d3 Output/rtc_pca10040 Release/Obj/nrfx_clock.o
 .debug_macro   0x0000000000012ed5       0x1c Output/rtc_pca10040 Release/Obj/nrfx_clock.o
 .debug_macro   0x0000000000012ef1       0x42 Output/rtc_pca10040 Release/Obj/nrfx_clock.o
 .debug_macro   0x0000000000012f33      0x284 Output/rtc_pca10040 Release/Obj/nrfx_rtc.o
 .debug_macro   0x00000000000131b7       0xa8 Output/rtc_pca10040 Release/Obj/system_nrf52.o

.debug_str      0x0000000000000000    0x6c0ea
 .debug_str     0x0000000000000000    0x66402 Output/rtc_pca10040 Release/Obj/main.o
                                      0x67322 (size before relaxing)
 .debug_str     0x0000000000066402      0x480 Output/rtc_pca10040 Release/Obj/boards.o
                                      0x66821 (size before relaxing)
 .debug_str     0x0000000000066882      0x106 Output/rtc_pca10040 Release/Obj/app_error.o
                                      0x5cb22 (size before relaxing)
 .debug_str     0x0000000000066988     0x3ad6 Output/rtc_pca10040 Release/Obj/app_error_weak.o
                                      0x668a3 (size before relaxing)
 .debug_str     0x000000000006a45e      0x23a Output/rtc_pca10040 Release/Obj/app_util_platform.o
                                      0x5d314 (size before relaxing)
 .debug_str     0x000000000006a698      0x89d Output/rtc_pca10040 Release/Obj/nrf_drv_clock.o
                                      0x6864f (size before relaxing)
 .debug_str     0x000000000006af35      0x8f9 Output/rtc_pca10040 Release/Obj/nrfx_clock.o
                                      0x68e68 (size before relaxing)
 .debug_str     0x000000000006b82e      0x545 Output/rtc_pca10040 Release/Obj/nrfx_rtc.o
                                      0x68f38 (size before relaxing)
 .debug_str     0x000000000006bd73      0x377 Output/rtc_pca10040 Release/Obj/system_nrf52.o
                                      0x5b48d (size before relaxing)
