Archive member included to satisfy reference by file (symbol)

C:/Program Files/SEGGER/SEGGER Embedded Studio for ARM 3.34b/lib/libm_v7em_fpv4_sp_d16_hard_t_le_eabi.a(libm_asm.o)
                              Output/twi_master_using_nrf_twi_mngr_pca10040 Release/Obj/main.o (__aeabi_i2d)
C:/Program Files/SEGGER/SEGGER Embedded Studio for ARM 3.34b/lib/libc_v7em_fpv4_sp_d16_hard_t_le_eabi.a(libc_asm.o)
                              Output/twi_master_using_nrf_twi_mngr_pca10040 Release/Obj/app_button.o (__aeabi_llsl)
C:/Program Files/SEGGER/SEGGER Embedded Studio for ARM 3.34b/lib/libc_v7em_fpv4_sp_d16_hard_t_le_eabi.a(libc2.o)
                              Output/twi_master_using_nrf_twi_mngr_pca10040 Release/Obj/nrf_log_str_formatter.o (isprint)
C:/Program Files/SEGGER/SEGGER Embedded Studio for ARM 3.34b/lib/libc_v7em_fpv4_sp_d16_hard_t_le_eabi.a(libc2_asm.o)
                              Output/twi_master_using_nrf_twi_mngr_pca10040 Release/Obj/nrf_log_frontend.o (memcpy)
C:/Program Files/SEGGER/SEGGER Embedded Studio for ARM 3.34b/lib/libdebugio_v7em_fpv4_sp_d16_hard_t_le_eabi.a(libdebugio.o)
                              Output/twi_master_using_nrf_twi_mngr_pca10040 Release/Obj/thumb_crt0.o (debug_fopen)
C:/Program Files/SEGGER/SEGGER Embedded Studio for ARM 3.34b/lib/libdebugio_mempoll_v7em_fpv4_sp_d16_hard_t_le_eabi.a(mempoll_debug_operations.o)
                              C:/Program Files/SEGGER/SEGGER Embedded Studio for ARM 3.34b/lib/libdebugio_v7em_fpv4_sp_d16_hard_t_le_eabi.a(libdebugio.o) (__do_debug_operation)
C:/Program Files/SEGGER/SEGGER Embedded Studio for ARM 3.34b/lib/libdebugio_mempoll_v7em_fpv4_sp_d16_hard_t_le_eabi.a(do_nv_debug_operation.o)
                              C:/Program Files/SEGGER/SEGGER Embedded Studio for ARM 3.34b/lib/libdebugio_v7em_fpv4_sp_d16_hard_t_le_eabi.a(libdebugio.o) (__do_nvdebug_operation)
C:/Program Files/SEGGER/SEGGER Embedded Studio for ARM 3.34b/lib/libm_v7em_fpv4_sp_d16_hard_t_le_eabi.a(libm2.o)
                              C:/Program Files/SEGGER/SEGGER Embedded Studio for ARM 3.34b/lib/libvfprintf_v7em_fpv4_sp_d16_hard_t_le_eabi.o (frexp)
C:/Program Files/SEGGER/SEGGER Embedded Studio for ARM 3.34b/lib/libm_v7em_fpv4_sp_d16_hard_t_le_eabi.a(libm2_asm.o)
                              C:/Program Files/SEGGER/SEGGER Embedded Studio for ARM 3.34b/lib/libm_v7em_fpv4_sp_d16_hard_t_le_eabi.a(libm2.o) (fabs)

Discarded input sections

 .text          0x0000000000000000        0x0 Output/twi_master_using_nrf_twi_mngr_pca10040 Release/Obj/thumb_crt0.o
 .data          0x0000000000000000        0x0 Output/twi_master_using_nrf_twi_mngr_pca10040 Release/Obj/thumb_crt0.o
 .bss           0x0000000000000000        0x0 Output/twi_master_using_nrf_twi_mngr_pca10040 Release/Obj/thumb_crt0.o
 .text.__aeabi_read_tp
                0x0000000000000000        0x8 Output/twi_master_using_nrf_twi_mngr_pca10040 Release/Obj/thumb_crt0.o
 .text.__heap_lock
                0x0000000000000000        0x2 Output/twi_master_using_nrf_twi_mngr_pca10040 Release/Obj/thumb_crt0.o
 .text.__heap_unlock
                0x0000000000000000        0x2 Output/twi_master_using_nrf_twi_mngr_pca10040 Release/Obj/thumb_crt0.o
 .text.__printf_lock
                0x0000000000000000        0x2 Output/twi_master_using_nrf_twi_mngr_pca10040 Release/Obj/thumb_crt0.o
 .text.__printf_unlock
                0x0000000000000000        0x2 Output/twi_master_using_nrf_twi_mngr_pca10040 Release/Obj/thumb_crt0.o
 .text.__scanf_lock
                0x0000000000000000        0x2 Output/twi_master_using_nrf_twi_mngr_pca10040 Release/Obj/thumb_crt0.o
 .text.__scanf_unlock
                0x0000000000000000        0x2 Output/twi_master_using_nrf_twi_mngr_pca10040 Release/Obj/thumb_crt0.o
 .text.__debug_io_lock
                0x0000000000000000        0x2 Output/twi_master_using_nrf_twi_mngr_pca10040 Release/Obj/thumb_crt0.o
 .text.__debug_io_unlock
                0x0000000000000000        0x2 Output/twi_master_using_nrf_twi_mngr_pca10040 Release/Obj/thumb_crt0.o
 .text.abort    0x0000000000000000        0x2 Output/twi_master_using_nrf_twi_mngr_pca10040 Release/Obj/thumb_crt0.o
 .text.__assert
                0x0000000000000000        0x2 Output/twi_master_using_nrf_twi_mngr_pca10040 Release/Obj/thumb_crt0.o
 .text.__aeabi_assert
                0x0000000000000000        0x2 Output/twi_master_using_nrf_twi_mngr_pca10040 Release/Obj/thumb_crt0.o
 .text.__cxa_pure_virtual
                0x0000000000000000        0x2 Output/twi_master_using_nrf_twi_mngr_pca10040 Release/Obj/thumb_crt0.o
 .text.__cxa_guard_acquire
                0x0000000000000000       0x10 Output/twi_master_using_nrf_twi_mngr_pca10040 Release/Obj/thumb_crt0.o
 .text.__cxa_guard_release
                0x0000000000000000        0x6 Output/twi_master_using_nrf_twi_mngr_pca10040 Release/Obj/thumb_crt0.o
 .text.__cxa_guard_abort
                0x0000000000000000        0x2 Output/twi_master_using_nrf_twi_mngr_pca10040 Release/Obj/thumb_crt0.o
[...]
Memory Configuration

Name             Origin             Length             Attributes
UNPLACED_SECTIONS 0x0000000100000000 0x0000000000000000 xw
RAM              0x0000000020000000 0x0000000000010000 xw
FLASH            0x0000000000000000 0x0000000000080000 xw
*default*        0x0000000000000000 0xffffffffffffffff

Linker script and memory map

                0x0000000000000000                __vfprintf = __vfprintf_long
                0x0000000000000000                __vfscanf = __vfscanf_int
                0x0000000020000000                __RAM_segment_start__ = 0x20000000
                0x0000000020010000                __RAM_segment_end__ = 0x20010000
                0x0000000000010000                __RAM_segment_size__ = 0x10000
                0x0000000000000000                __FLASH_segment_start__ = 0x0
                0x0000000000080000                __FLASH_segment_end__ = 0x80000
                0x0000000000080000                __FLASH_segment_size__ = 0x80000
                0x0000000000002000                __HEAPSIZE__ = 0x2000
                0x0000000000000000                __STACKSIZE_ABT__ = 0x0
                0x0000000000000000                __STACKSIZE_FIQ__ = 0x0
                0x0000000000000000                __STACKSIZE_IRQ__ = 0x0
                0x0000000000000000                __STACKSIZE_PROCESS__ = 0x0
                0x0000000000000000                __STACKSIZE_SVC__ = 0x0
                0x0000000000000000                __STACKSIZE_UND__ = 0x0
                0x0000000000002000                __STACKSIZE__ = 0x2000
                0x0000000020000000                __vectors_ram_load_start__ = 0x20000000

.vectors_ram    0x0000000020000000        0x0
                0x0000000020000000                __vectors_ram_start__ = .
                0x0000000020000000                __app_ram_start__ = __vectors_ram_start__
 *(.vectors_ram .vectors_ram.*)
                0x0000000020000000                __vectors_ram_end__ = (__vectors_ram_start__ + SIZEOF (.vectors_ram))
                0x0000000000000000                __vectors_ram_size__ = SIZEOF (.vectors_ram)
                0x0000000020000000                __vectors_ram_load_end__ = __vectors_ram_end__
                0x0000000000000001                . = ASSERT (((__vectors_ram_start__ == __vectors_ram_end__) || ((__vectors_ram_end__ >= __RAM_segment_start__) && (__vectors_ram_end__ <= __RAM_segment_end__))), error: .vectors_ram is too large to fit in RAM memory segment)
                0x0000000020000000                __nrf_sections_run_load_start__ = ALIGN (__vectors_ram_end__, 0x4)

.nrf_sections_run
                0x0000000020000000        0x0
                0x0000000020000000                __nrf_sections_run_start__ = .
                0x0000000020000000                __start_nrf_sections_run = __nrf_sections_run_start__
 *(.nrf_sections_run .nrf_sections_run.*)
                0x0000000020000000                __nrf_sections_run_end__ = (__nrf_sections_run_start__ + SIZEOF (.nrf_sections_run))
                0x0000000000000000                __nrf_sections_run_size__ = SIZEOF (.nrf_sections_run)
                0x0000000020000000                __nrf_sections_run_load_end__ = __nrf_sections_run_end__
                0x0000000000000001                . = ASSERT (((__nrf_sections_run_start__ == __nrf_sections_run_end__) || ((__nrf_sections_run_end__ >= __RAM_segment_start__) && (__nrf_sections_run_end__ <= __RAM_segment_end__))), error: .nrf_sections_run is too large to fit in RAM memory segment)
                0x0000000000000000                __vectors_load_start__ = 0x0

.vectors        0x0000000000000000       0xdc
                0x0000000000000000                __vectors_start__ = .
 *(.vectors .vectors.*)
 .vectors       0x0000000000000000       0xdc Output/twi_master_using_nrf_twi_mngr_pca10040 Release/Obj/ses_nrf52_Vectors.o
                0x0000000000000000                _vectors
                0x00000000000000dc                __vectors_end__ = (__vectors_start__ + SIZEOF (.vectors))
                0x00000000000000dc                __vectors_size__ = SIZEOF (.vectors)
                0x00000000000000dc                __vectors_load_end__ = __vectors_end__
                0x0000000000000001                . = ASSERT (((__vectors_start__ == __vectors_end__) || ((__vectors_end__ >= __FLASH_segment_start__) && (__vectors_end__ <= __FLASH_segment_end__))), error: .vectors is too large to fit in FLASH memory segment)
                0x00000000000000dc                __init_load_start__ = ALIGN (__vectors_end__, 0x4)

.init           0x00000000000000dc      0x218
                0x00000000000000dc                __init_start__ = .
 *(.init .init.*)
 .init          0x00000000000000dc      0x160 Output/twi_master_using_nrf_twi_mngr_pca10040 Release/Obj/thumb_crt0.o
                0x00000000000000dc                _start
                0x0000000000000192                exit
 .init          0x000000000000023c       0x58 Output/twi_master_using_nrf_twi_mngr_pca10040 Release/Obj/ses_nRF_Startup.o
                0x000000000000023c                Reset_Handler
                0x0000000000000260                InitializeUserMemorySections
 .init          0x0000000000000294       0x60 Output/twi_master_using_nrf_twi_mngr_pca10040 Release/Obj/ses_nrf52_Vectors.o
                0x0000000000000294                NMI_Handler
                0x0000000000000296                HardFault_Handler
                0x0000000000000298                MemoryManagement_Handler
                0x000000000000029a                BusFault_Handler
                0x000000000000029c                UsageFault_Handler
                0x000000000000029e                SVC_Handler
                0x00000000000002a0                DebugMon_Handler
                0x00000000000002a2                PendSV_Handler
                0x00000000000002a4                SysTick_Handler
                0x00000000000002aa                RADIO_IRQHandler
                0x00000000000002b0                SPIM1_SPIS1_TWIM1_TWIS1_SPI1_TWI1_IRQHandler
                0x00000000000002b2                NFCT_IRQHandler
                0x00000000000002b6                SAADC_IRQHandler
                0x00000000000002b8                TIMER0_IRQHandler
                0x00000000000002ba                TIMER1_IRQHandler
                0x00000000000002bc                TIMER2_IRQHandler
                0x00000000000002be                RTC0_IRQHandler
                0x00000000000002c0                TEMP_IRQHandler
                0x00000000000002c2                RNG_IRQHandler
                0x00000000000002c4                ECB_IRQHandler
                0x00000000000002c6                CCM_AAR_IRQHandler
                0x00000000000002c8                WDT_IRQHandler
                0x00000000000002cc                QDEC_IRQHandler
                0x00000000000002ce                COMP_LPCOMP_IRQHandler
                0x00000000000002d2                SWI1_EGU1_IRQHandler
                0x00000000000002d4                SWI2_EGU2_IRQHandler
                0x00000000000002d6                SWI3_EGU3_IRQHandler
                0x00000000000002d8                SWI4_EGU4_IRQHandler
                0x00000000000002da                SWI5_EGU5_IRQHandler
                0x00000000000002dc                TIMER3_IRQHandler
                0x00000000000002de                TIMER4_IRQHandler
                0x00000000000002e0                PWM0_IRQHandler
                0x00000000000002e2                PDM_IRQHandler
                0x00000000000002e4                MWU_IRQHandler
                0x00000000000002e6                PWM1_IRQHandler
                0x00000000000002e8                PWM2_IRQHandler
                0x00000000000002ea                SPIM2_SPIS2_SPI2_IRQHandler
                0x00000000000002ec                RTC2_IRQHandler
                0x00000000000002ee                I2S_IRQHandler
                0x00000000000002f0                FPU_IRQHandler
                0x00000000000002f4                __init_end__ = (__init_start__ + SIZEOF (.init))
                0x0000000000000218                __init_size__ = SIZEOF (.init)
                0x00000000000002f4                __init_load_end__ = __init_end__
                0x0000000000000001                . = ASSERT (((__init_start__ == __init_end__) || ((__init_end__ >= __FLASH_segment_start__) && (__init_end__ <= __FLASH_segment_end__))), error: .init is too large to fit in FLASH memory segment)
                0x00000000000002f4                __init_rodata_load_start__ = ALIGN (__init_end__, 0x4)

.init_rodata    0x00000000000002f4        0x0
                0x00000000000002f4                __init_rodata_start__ = .
 *(.init_rodata .init_rodata.*)
                0x00000000000002f4                __init_rodata_end__ = (__init_rodata_start__ + SIZEOF (.init_rodata))
                0x0000000000000000                __init_rodata_size__ = SIZEOF (.init_rodata)
                0x00000000000002f4                __init_rodata_load_end__ = __init_rodata_end__
                0x0000000000000001                . = ASSERT (((__init_rodata_start__ == __init_rodata_end__) || ((__init_rodata_end__ >= __FLASH_segment_start__) && (__init_rodata_end__ <= __FLASH_segment_end__))), error: .init_rodata is too large to fit in FLASH memory segment)
                0x00000000000002f4                __text_load_start__ = ALIGN (__init_rodata_end__, 0x4)

.text           0x00000000000002f4     0x4340
                0x00000000000002f4                __text_start__ = .
 *(.text .text.* .glue_7t .glue_7 .gnu.linkonce.t.* .gcc_except_table .ARM.extab* .gnu.linkonce.armextab.*)
 .glue_7        0x00000000000002f4        0x0 linker stubs
 .glue_7t       0x00000000000002f4        0x0 linker stubs
 .text.nrf_log_backend_serial_put
                0x00000000000002f4       0xce Output/twi_master_using_nrf_twi_mngr_pca10040 Release/Obj/nrf_log_backend_serial.o
                0x00000000000002f4                nrf_log_backend_serial_put
 *fill*         0x00000000000003c2        0x2 
 .text.uart_evt_handler
                0x00000000000003c4        0xc Output/twi_master_using_nrf_twi_mngr_pca10040 Release/Obj/nrf_log_backend_uart.o
 .text.nrf_log_backend_uart_flush
                0x00000000000003d0        0x2 Output/twi_master_using_nrf_twi_mngr_pca10040 Release/Obj/nrf_log_backend_uart.o
 *fill*         0x00000000000003d2        0x2 
 .text.uart_init
                0x00000000000003d4       0x4c Output/twi_master_using_nrf_twi_mngr_pca10040 Release/Obj/nrf_log_backend_uart.o
 .text.nrf_log_backend_uart_put
                0x0000000000000420       0x1c Output/twi_master_using_nrf_twi_mngr_pca10040 Release/Obj/nrf_log_backend_uart.o
 .text.serial_tx
                0x000000000000043c       0x48 Output/twi_master_using_nrf_twi_mngr_pca10040 Release/Obj/nrf_log_backend_uart.o
 .text.nrf_log_backend_uart_panic_set
                0x0000000000000484       0x2c Output/twi_master_using_nrf_twi_mngr_pca10040 Release/Obj/nrf_log_backend_uart.o
 .text.nrf_log_backend_uart_init
                0x00000000000004b0        0x6 Output/twi_master_using_nrf_twi_mngr_pca10040 Release/Obj/nrf_log_backend_uart.o
                0x00000000000004b0                nrf_log_backend_uart_init
 *fill*         0x00000000000004b6        0x2 
 .text.nrf_log_default_backends_init
                0x00000000000004b8       0x1c Output/twi_master_using_nrf_twi_mngr_pca10040 Release/Obj/nrf_log_default_backends.o
                0x00000000000004b8                nrf_log_default_backends_init
 .text.invalid_packets_pushed_str_omit
                0x00000000000004d4       0x56 Output/twi_master_using_nrf_twi_mngr_pca10040 Release/Obj/nrf_log_frontend.o
 *fill*         0x000000000000052a        0x2 
 .text.buf_prealloc
                0x000000000000052c      0x130 Output/twi_master_using_nrf_twi_mngr_pca10040 Release/Obj/nrf_log_frontend.o
 .text.nrf_log_init
                0x000000000000065c       0x50 Output/twi_master_using_nrf_twi_mngr_pca10040 Release/Obj/nrf_log_frontend.o
                0x000000000000065c                nrf_log_init
 .text.nrf_log_module_name_get
                0x00000000000006ac       0x3c Output/twi_master_using_nrf_twi_mngr_pca10040 Release/Obj/nrf_log_frontend.o
                0x00000000000006ac                nrf_log_module_name_get
 .text.nrf_log_color_id_get
                0x00000000000006e8       0x2c Output/twi_master_using_nrf_twi_mngr_pca10040 Release/Obj/nrf_log_frontend.o
                0x00000000000006e8                nrf_log_color_id_get
 .text.buffer_is_empty
                0x0000000000000714       0x14 Output/twi_master_using_nrf_twi_mngr_pca10040 Release/Obj/nrf_log_frontend.o
                0x0000000000000714                buffer_is_empty
 .text.nrf_log_frontend_dequeue
                0x0000000000000728      0x20c Output/twi_master_using_nrf_twi_mngr_pca10040 Release/Obj/nrf_log_frontend.o
                0x0000000000000728                nrf_log_frontend_dequeue
 .text.std_n    0x0000000000000934       0xb0 Output/twi_master_using_nrf_twi_mngr_pca10040 Release/Obj/nrf_log_frontend.o
 .text.nrf_log_frontend_std_0
                0x00000000000009e4        0x8 Output/twi_master_using_nrf_twi_mngr_pca10040 Release/Obj/nrf_log_frontend.o
                0x00000000000009e4                nrf_log_frontend_std_0
 .text.nrf_log_frontend_std_1
                0x00000000000009ec       0x14 Output/twi_master_using_nrf_twi_mngr_pca10040 Release/Obj/nrf_log_frontend.o
                0x00000000000009ec                nrf_log_frontend_std_1
 .text.nrf_log_frontend_std_3
                0x0000000000000a00       0x18 Output/twi_master_using_nrf_twi_mngr_pca10040 Release/Obj/nrf_log_frontend.o
                0x0000000000000a00                nrf_log_frontend_std_3
 .text.nrf_log_frontend_std_6
                0x0000000000000a18       0x24 Output/twi_master_using_nrf_twi_mngr_pca10040 Release/Obj/nrf_log_frontend.o
                0x0000000000000a18                nrf_log_frontend_std_6
 .text.nrf_log_backend_add
                0x0000000000000a3c       0x44 Output/twi_master_using_nrf_twi_mngr_pca10040 Release/Obj/nrf_log_frontend.o
                0x0000000000000a3c                nrf_log_backend_add
 .text.nrf_log_panic
                0x0000000000000a80       0x28 Output/twi_master_using_nrf_twi_mngr_pca10040 Release/Obj/nrf_log_frontend.o
                0x0000000000000a80                nrf_log_panic
 .text.prefix_process
                0x0000000000000aa8       0x78 Output/twi_master_using_nrf_twi_mngr_pca10040 Release/Obj/nrf_log_str_formatter.o
 .text.postfix_process
                0x0000000000000b20       0x3c Output/twi_master_using_nrf_twi_mngr_pca10040 Release/Obj/nrf_log_str_formatter.o
 .text.nrf_log_std_entry_process
                0x0000000000000b5c       0xc8 Output/twi_master_using_nrf_twi_mngr_pca10040 Release/Obj/nrf_log_str_formatter.o
                0x0000000000000b5c                nrf_log_std_entry_process
 .text.nrf_log_hexdump_entry_process
                0x0000000000000c24       0xac Output/twi_master_using_nrf_twi_mngr_pca10040 Release/Obj/nrf_log_str_formatter.o
                0x0000000000000c24                nrf_log_hexdump_entry_process
 .text.bsp_board_led_state_get
                0x0000000000000cd0       0x1c Output/twi_master_using_nrf_twi_mngr_pca10040 Release/Obj/boards.o
                0x0000000000000cd0                bsp_board_led_state_get
 .text.bsp_board_led_on
                0x0000000000000cec       0x18 Output/twi_master_using_nrf_twi_mngr_pca10040 Release/Obj/boards.o
                0x0000000000000cec                bsp_board_led_on
 .text.bsp_board_led_off
                0x0000000000000d04       0x18 Output/twi_master_using_nrf_twi_mngr_pca10040 Release/Obj/boards.o
                0x0000000000000d04                bsp_board_led_off
 .text.bsp_board_leds_off
                0x0000000000000d1c       0x1e Output/twi_master_using_nrf_twi_mngr_pca10040 Release/Obj/boards.o
                0x0000000000000d1c                bsp_board_leds_off
 .text.bsp_board_leds_on
                0x0000000000000d3a       0x1e Output/twi_master_using_nrf_twi_mngr_pca10040 Release/Obj/boards.o
                0x0000000000000d3a                bsp_board_leds_on
 .text.bsp_board_led_invert
                0x0000000000000d58       0x24 Output/twi_master_using_nrf_twi_mngr_pca10040 Release/Obj/boards.o
                0x0000000000000d58                bsp_board_led_invert
 .text.bsp_board_pin_to_button_idx
                0x0000000000000d7c       0x24 Output/twi_master_using_nrf_twi_mngr_pca10040 Release/Obj/boards.o
                0x0000000000000d7c                bsp_board_pin_to_button_idx
 .text.bsp_board_init
                0x0000000000000da0       0x3e Output/twi_master_using_nrf_twi_mngr_pca10040 Release/Obj/boards.o
                0x0000000000000da0                bsp_board_init
 *fill*         0x0000000000000dde        0x2 
 .text.detection_delay_timeout_handler
                0x0000000000000de0       0xb0 Output/twi_master_using_nrf_twi_mngr_pca10040 Release/Obj/app_button.o
 .text.gpiote_event_handler
                0x0000000000000e90       0x94 Output/twi_master_using_nrf_twi_mngr_pca10040 Release/Obj/app_button.o
 .text.app_button_init
                0x0000000000000f24       0xa4 Output/twi_master_using_nrf_twi_mngr_pca10040 Release/Obj/app_button.o
                0x0000000000000f24                app_button_init
 .text.app_button_enable
                0x0000000000000fc8       0x2c Output/twi_master_using_nrf_twi_mngr_pca10040 Release/Obj/app_button.o
                0x0000000000000fc8                app_button_enable
 .text.app_error_handler_bare
                0x0000000000000ff4       0x1a Output/twi_master_using_nrf_twi_mngr_pca10040 Release/Obj/app_error.o
                0x0000000000000ff4                app_error_handler_bare
 *fill*         0x000000000000100e        0x2 
 .text.app_error_fault_handler
                0x0000000000001010       0x6c Output/twi_master_using_nrf_twi_mngr_pca10040 Release/Obj/app_error_weak.o
                0x0000000000001010                app_error_fault_handler
 .text.user_op_alloc
                0x000000000000107c       0x2c Output/twi_master_using_nrf_twi_mngr_pca10040 Release/Obj/app_timer.o
 .text.timer_stop_op_schedule
                0x00000000000010a8       0x48 Output/twi_master_using_nrf_twi_mngr_pca10040 Release/Obj/app_timer.o
 .text.nrfx_coredep_delay_us.part.0.constprop.4
                0x00000000000010f0       0x10 Output/twi_master_using_nrf_twi_mngr_pca10040 Release/Obj/app_timer.o
 .text.rtc1_stop
                0x0000000000001100       0x44 Output/twi_master_using_nrf_twi_mngr_pca10040 Release/Obj/app_timer.o
 .text.RTC1_IRQHandler
                0x0000000000001144       0x9c Output/twi_master_using_nrf_twi_mngr_pca10040 Release/Obj/app_timer.o
                0x0000000000001144                RTC1_IRQHandler
 .text.SWI0_EGU0_IRQHandler
                0x00000000000011e0      0x2a4 Output/twi_master_using_nrf_twi_mngr_pca10040 Release/Obj/app_timer.o
                0x00000000000011e0                SWI0_EGU0_IRQHandler
 .text.app_timer_init
                0x0000000000001484       0x64 Output/twi_master_using_nrf_twi_mngr_pca10040 Release/Obj/app_timer.o
                0x0000000000001484                app_timer_init
 .text.app_timer_create
                0x00000000000014e8       0x24 Output/twi_master_using_nrf_twi_mngr_pca10040 Release/Obj/app_timer.o
                0x00000000000014e8                app_timer_create
 .text.app_timer_start
                0x000000000000150c       0x88 Output/twi_master_using_nrf_twi_mngr_pca10040 Release/Obj/app_timer.o
                0x000000000000150c                app_timer_start
 .text.app_timer_stop
                0x0000000000001594       0x20 Output/twi_master_using_nrf_twi_mngr_pca10040 Release/Obj/app_timer.o
                0x0000000000001594                app_timer_stop
 .text.app_util_disable_irq
                0x00000000000015b4       0x10 Output/twi_master_using_nrf_twi_mngr_pca10040 Release/Obj/app_util_platform.o
                0x00000000000015b4                app_util_disable_irq
 .text.app_util_enable_irq
                0x00000000000015c4       0x14 Output/twi_master_using_nrf_twi_mngr_pca10040 Release/Obj/app_util_platform.o
                0x00000000000015c4                app_util_enable_irq
 .text.app_util_critical_region_enter
                0x00000000000015d8        0x4 Output/twi_master_using_nrf_twi_mngr_pca10040 Release/Obj/app_util_platform.o
                0x00000000000015d8                app_util_critical_region_enter
 .text.app_util_critical_region_exit
                0x00000000000015dc        0x4 Output/twi_master_using_nrf_twi_mngr_pca10040 Release/Obj/app_util_platform.o
                0x00000000000015dc                app_util_critical_region_exit
 .text.nrf_atomic_u32_fetch_store
                0x00000000000015e0       0x18 Output/twi_master_using_nrf_twi_mngr_pca10040 Release/Obj/nrf_atomic.o
                0x00000000000015e0                nrf_atomic_u32_fetch_store
 .text.nrf_atomic_u32_or
                0x00000000000015f8       0x1a Output/twi_master_using_nrf_twi_mngr_pca10040 Release/Obj/nrf_atomic.o
                0x00000000000015f8                nrf_atomic_u32_or
 .text.nrf_atomic_u32_fetch_and
                0x0000000000001612       0x1a Output/twi_master_using_nrf_twi_mngr_pca10040 Release/Obj/nrf_atomic.o
                0x0000000000001612                nrf_atomic_u32_fetch_and
 .text.nrf_atomic_u32_add
                0x000000000000162c       0x1a Output/twi_master_using_nrf_twi_mngr_pca10040 Release/Obj/nrf_atomic.o
                0x000000000000162c                nrf_atomic_u32_add
 .text.nrf_atomic_u32_sub
                0x0000000000001646       0x1a Output/twi_master_using_nrf_twi_mngr_pca10040 Release/Obj/nrf_atomic.o
                0x0000000000001646                nrf_atomic_u32_sub
 .text.nrf_atomic_flag_set
                0x0000000000001660        0x6 Output/twi_master_using_nrf_twi_mngr_pca10040 Release/Obj/nrf_atomic.o
                0x0000000000001660                nrf_atomic_flag_set
 .text.nrf_atomic_flag_clear_fetch
                0x0000000000001666        0x6 Output/twi_master_using_nrf_twi_mngr_pca10040 Release/Obj/nrf_atomic.o
                0x0000000000001666                nrf_atomic_flag_clear_fetch
 .text.nrf_balloc_init
                0x000000000000166c       0x2e Output/twi_master_using_nrf_twi_mngr_pca10040 Release/Obj/nrf_balloc.o
                0x000000000000166c                nrf_balloc_init
 .text.nrf_balloc_alloc
                0x000000000000169a       0x40 Output/twi_master_using_nrf_twi_mngr_pca10040 Release/Obj/nrf_balloc.o
                0x000000000000169a                nrf_balloc_alloc
 .text.nrf_balloc_free
                0x00000000000016da       0x2a Output/twi_master_using_nrf_twi_mngr_pca10040 Release/Obj/nrf_balloc.o
                0x00000000000016da                nrf_balloc_free
 .text.nrf_fprintf_buffer_flush
                0x0000000000001704       0x16 Output/twi_master_using_nrf_twi_mngr_pca10040 Release/Obj/nrf_fprintf.o
                0x0000000000001704                nrf_fprintf_buffer_flush
 .text.nrf_fprintf
                0x000000000000171a       0x1e Output/twi_master_using_nrf_twi_mngr_pca10040 Release/Obj/nrf_fprintf.o
                0x000000000000171a                nrf_fprintf
 .text.buffer_add
                0x0000000000001738       0x1e Output/twi_master_using_nrf_twi_mngr_pca10040 Release/Obj/nrf_fprintf_format.o
 *fill*         0x0000000000001756        0x2 
 .text.unsigned_print
                0x0000000000001758       0xb0 Output/twi_master_using_nrf_twi_mngr_pca10040 Release/Obj/nrf_fprintf_format.o
 .text.nrf_fprintf_fmt
                0x0000000000001808      0x280 Output/twi_master_using_nrf_twi_mngr_pca10040 Release/Obj/nrf_fprintf_format.o
                0x0000000000001808                nrf_fprintf_fmt
 .text.nrf_memobj_pool_init
                0x0000000000001a88        0x4 Output/twi_master_using_nrf_twi_mngr_pca10040 Release/Obj/nrf_memobj.o
                0x0000000000001a88                nrf_memobj_pool_init
 .text.nrf_memobj_free
                0x0000000000001a8c       0x2c Output/twi_master_using_nrf_twi_mngr_pca10040 Release/Obj/nrf_memobj.o
                0x0000000000001a8c                nrf_memobj_free
 .text.nrf_memobj_alloc
                0x0000000000001ab8       0x62 Output/twi_master_using_nrf_twi_mngr_pca10040 Release/Obj/nrf_memobj.o
                0x0000000000001ab8                nrf_memobj_alloc
 .text.nrf_memobj_get
                0x0000000000001b1a        0x8 Output/twi_master_using_nrf_twi_mngr_pca10040 Release/Obj/nrf_memobj.o
                0x0000000000001b1a                nrf_memobj_get
 .text.nrf_memobj_put
                0x0000000000001b22       0x1e Output/twi_master_using_nrf_twi_mngr_pca10040 Release/Obj/nrf_memobj.o
                0x0000000000001b22                nrf_memobj_put
 .text.nrf_memobj_write
                0x0000000000001b40       0x56 Output/twi_master_using_nrf_twi_mngr_pca10040 Release/Obj/nrf_memobj.o
                0x0000000000001b40                nrf_memobj_write
 .text.nrf_memobj_read
                0x0000000000001b96       0x54 Output/twi_master_using_nrf_twi_mngr_pca10040 Release/Obj/nrf_memobj.o
                0x0000000000001b96                nrf_memobj_read
 *fill*         0x0000000000001bea        0x2 
 .text.nrf_pwr_mgmt_init
                0x0000000000001bec       0x2c Output/twi_master_using_nrf_twi_mngr_pca10040 Release/Obj/nrf_pwr_mgmt.o
                0x0000000000001bec                nrf_pwr_mgmt_init
 .text.nrf_pwr_mgmt_run
                0x0000000000001c18       0x34 Output/twi_master_using_nrf_twi_mngr_pca10040 Release/Obj/nrf_pwr_mgmt.o
                0x0000000000001c18                nrf_pwr_mgmt_run
 .text.queue_utilization_get
                0x0000000000001c4c       0x18 Output/twi_master_using_nrf_twi_mngr_pca10040 Release/Obj/nrf_queue.o
 .text.nrf_queue_is_full
                0x0000000000001c64       0x18 Output/twi_master_using_nrf_twi_mngr_pca10040 Release/Obj/nrf_queue.o
                0x0000000000001c64                nrf_queue_is_full
 .text.nrf_queue_push
                0x0000000000001c7c       0xa0 Output/twi_master_using_nrf_twi_mngr_pca10040 Release/Obj/nrf_queue.o
                0x0000000000001c7c                nrf_queue_push
 .text.nrf_queue_is_empty
                0x0000000000001d1c        0xe Output/twi_master_using_nrf_twi_mngr_pca10040 Release/Obj/nrf_queue.o
                0x0000000000001d1c                nrf_queue_is_empty
 .text.nrf_queue_generic_pop
                0x0000000000001d2a       0x7e Output/twi_master_using_nrf_twi_mngr_pca10040 Release/Obj/nrf_queue.o
                0x0000000000001d2a                nrf_queue_generic_pop
 .text.nrf_section_iter_init
                0x0000000000001da8       0x14 Output/twi_master_using_nrf_twi_mngr_pca10040 Release/Obj/nrf_section_iter.o
                0x0000000000001da8                nrf_section_iter_init
 .text.start_transfer
                0x0000000000001dbc       0xbe Output/twi_master_using_nrf_twi_mngr_pca10040 Release/Obj/nrf_twi_mngr.o
 .text.transaction_end_signal.isra.1
                0x0000000000001e7a       0x16 Output/twi_master_using_nrf_twi_mngr_pca10040 Release/Obj/nrf_twi_mngr.o
 .text.start_pending_transaction
                0x0000000000001e90       0x98 Output/twi_master_using_nrf_twi_mngr_pca10040 Release/Obj/nrf_twi_mngr.o
 .text.twi_event_handler
                0x0000000000001f28       0x3a Output/twi_master_using_nrf_twi_mngr_pca10040 Release/Obj/nrf_twi_mngr.o
 *fill*         0x0000000000001f62        0x2 
 .text.nrf_twi_mngr_init
                0x0000000000001f64       0x38 Output/twi_master_using_nrf_twi_mngr_pca10040 Release/Obj/nrf_twi_mngr.o
                0x0000000000001f64                nrf_twi_mngr_init
 .text.nrf_twi_mngr_schedule
                0x0000000000001f9c       0x24 Output/twi_master_using_nrf_twi_mngr_pca10040 Release/Obj/nrf_twi_mngr.o
                0x0000000000001f9c                nrf_twi_mngr_schedule
 .text.clock_clk_started_notify
                0x0000000000001fc0       0x28 Output/twi_master_using_nrf_twi_mngr_pca10040 Release/Obj/nrf_drv_clock.o
 .text.clock_irq_handler
                0x0000000000001fe8       0x1c Output/twi_master_using_nrf_twi_mngr_pca10040 Release/Obj/nrf_drv_clock.o
 .text.nrf_drv_clock_init
                0x0000000000002004       0x30 Output/twi_master_using_nrf_twi_mngr_pca10040 Release/Obj/nrf_drv_clock.o
                0x0000000000002004                nrf_drv_clock_init
 .text.nrf_drv_clock_lfclk_request
                0x0000000000002034       0x54 Output/twi_master_using_nrf_twi_mngr_pca10040 Release/Obj/nrf_drv_clock.o
                0x0000000000002034                nrf_drv_clock_lfclk_request
 .text.twi_evt_handler
                0x0000000000002088       0x48 Output/twi_master_using_nrf_twi_mngr_pca10040 Release/Obj/nrf_drv_twi.o
 .text.nrfx_coredep_delay_us.part.0.constprop.2
                0x00000000000020d0       0x10 Output/twi_master_using_nrf_twi_mngr_pca10040 Release/Obj/nrf_drv_twi.o
 .text.nrf_drv_twi_init
                0x00000000000020e0       0xd8 Output/twi_master_using_nrf_twi_mngr_pca10040 Release/Obj/nrf_drv_twi.o
                0x00000000000020e0                nrf_drv_twi_init
 .text.uarte_evt_handler
                0x00000000000021b8       0x34 Output/twi_master_using_nrf_twi_mngr_pca10040 Release/Obj/nrf_drv_uart.o
 .text.uart_evt_handler
                0x00000000000021ec       0x34 Output/twi_master_using_nrf_twi_mngr_pca10040 Release/Obj/nrf_drv_uart.o
 .text.nrf_drv_uart_init
                0x0000000000002220       0x7c Output/twi_master_using_nrf_twi_mngr_pca10040 Release/Obj/nrf_drv_uart.o
                0x0000000000002220                nrf_drv_uart_init
 .text.nrf_clock_event_clear
                0x000000000000229c       0x14 Output/twi_master_using_nrf_twi_mngr_pca10040 Release/Obj/nrfx_clock.o
 .text.nrfx_clock_init
                0x00000000000022b0       0x1c Output/twi_master_using_nrf_twi_mngr_pca10040 Release/Obj/nrfx_clock.o
                0x00000000000022b0                nrfx_clock_init
 .text.nrfx_clock_enable
                0x00000000000022cc       0x28 Output/twi_master_using_nrf_twi_mngr_pca10040 Release/Obj/nrfx_clock.o
                0x00000000000022cc                nrfx_clock_enable
 .text.nrfx_clock_lfclk_start
                0x00000000000022f4       0x4c Output/twi_master_using_nrf_twi_mngr_pca10040 Release/Obj/nrfx_clock.o
                0x00000000000022f4                nrfx_clock_lfclk_start
 .text.POWER_CLOCK_IRQHandler
                0x0000000000002340       0x58 Output/twi_master_using_nrf_twi_mngr_pca10040 Release/Obj/nrfx_clock.o
                0x0000000000002340                POWER_CLOCK_IRQHandler
 .text.nrf_gpiote_event_clear
                0x0000000000002398       0x18 Output/twi_master_using_nrf_twi_mngr_pca10040 Release/Obj/nrfx_gpiote.o
 .text.nrf_gpio_cfg_sense_set
                0x00000000000023b0       0x20 Output/twi_master_using_nrf_twi_mngr_pca10040 Release/Obj/nrfx_gpiote.o
 .text.channel_free
                0x00000000000023d0       0x1c Output/twi_master_using_nrf_twi_mngr_pca10040 Release/Obj/nrfx_gpiote.o
 .text.nrfx_gpiote_init
                0x00000000000023ec       0x70 Output/twi_master_using_nrf_twi_mngr_pca10040 Release/Obj/nrfx_gpiote.o
                0x00000000000023ec                nrfx_gpiote_init
 .text.nrfx_gpiote_is_init
                0x000000000000245c       0x14 Output/twi_master_using_nrf_twi_mngr_pca10040 Release/Obj/nrfx_gpiote.o
                0x000000000000245c                nrfx_gpiote_is_init
 .text.nrfx_gpiote_in_init
                0x0000000000002470       0xe8 Output/twi_master_using_nrf_twi_mngr_pca10040 Release/Obj/nrfx_gpiote.o
                0x0000000000002470                nrfx_gpiote_in_init
 .text.nrfx_gpiote_in_event_enable
                0x0000000000002558       0x8c Output/twi_master_using_nrf_twi_mngr_pca10040 Release/Obj/nrfx_gpiote.o
                0x0000000000002558                nrfx_gpiote_in_event_enable
 .text.nrfx_gpiote_in_is_set
                0x00000000000025e4       0x12 Output/twi_master_using_nrf_twi_mngr_pca10040 Release/Obj/nrfx_gpiote.o
                0x00000000000025e4                nrfx_gpiote_in_is_set
 *fill*         0x00000000000025f6        0x2 
 .text.GPIOTE_IRQHandler
                0x00000000000025f8      0x184 Output/twi_master_using_nrf_twi_mngr_pca10040 Release/Obj/nrfx_gpiote.o
                0x00000000000025f8                GPIOTE_IRQHandler
 .text.UARTE0_UART0_IRQHandler
                0x000000000000277c        0xc Output/twi_master_using_nrf_twi_mngr_pca10040 Release/Obj/nrfx_prs.o
                0x000000000000277c                UARTE0_UART0_IRQHandler
 .text.nrfx_prs_acquire
                0x0000000000002788       0x34 Output/twi_master_using_nrf_twi_mngr_pca10040 Release/Obj/nrfx_prs.o
                0x0000000000002788                nrfx_prs_acquire
 .text.nrfx_prs_release
                0x00000000000027bc       0x18 Output/twi_master_using_nrf_twi_mngr_pca10040 Release/Obj/nrfx_prs.o
                0x00000000000027bc                nrfx_prs_release
 .text.nrf_twi_event_clear
                0x00000000000027d4       0x10 Output/twi_master_using_nrf_twi_mngr_pca10040 Release/Obj/nrfx_twi.o
 .text.twi_transfer
                0x00000000000027e4       0xf4 Output/twi_master_using_nrf_twi_mngr_pca10040 Release/Obj/nrfx_twi.o
 .text.twi_tx_start_transfer
                0x00000000000028d8      0x10a Output/twi_master_using_nrf_twi_mngr_pca10040 Release/Obj/nrfx_twi.o
 .text.twi_rx_start_transfer
                0x00000000000029e2       0xee Output/twi_master_using_nrf_twi_mngr_pca10040 Release/Obj/nrfx_twi.o
 .text.SPIM0_SPIS0_TWIM0_TWIS0_SPI0_TWI0_IRQHandler
                0x0000000000002ad0       0xc0 Output/twi_master_using_nrf_twi_mngr_pca10040 Release/Obj/nrfx_twi.o
                0x0000000000002ad0                SPIM0_SPIS0_TWIM0_TWIS0_SPI0_TWI0_IRQHandler
 .text.nrfx_twi_init
                0x0000000000002b90       0xf0 Output/twi_master_using_nrf_twi_mngr_pca10040 Release/Obj/nrfx_twi.o
                0x0000000000002b90                nrfx_twi_init
 .text.nrfx_twi_enable
                0x0000000000002c80       0x20 Output/twi_master_using_nrf_twi_mngr_pca10040 Release/Obj/nrfx_twi.o
                0x0000000000002c80                nrfx_twi_enable
 .text.nrfx_twi_disable
                0x0000000000002ca0       0x34 Output/twi_master_using_nrf_twi_mngr_pca10040 Release/Obj/nrfx_twi.o
                0x0000000000002ca0                nrfx_twi_disable
 .text.nrfx_twi_uninit
                0x0000000000002cd4       0x78 Output/twi_master_using_nrf_twi_mngr_pca10040 Release/Obj/nrfx_twi.o
                0x0000000000002cd4                nrfx_twi_uninit
 .text.nrfx_twi_xfer
                0x0000000000002d4c       0xc8 Output/twi_master_using_nrf_twi_mngr_pca10040 Release/Obj/nrfx_twi.o
                0x0000000000002d4c                nrfx_twi_xfer
 .text.nrf_uart_event_clear
                0x0000000000002e14       0x10 Output/twi_master_using_nrf_twi_mngr_pca10040 Release/Obj/nrfx_uart.o
 .text.tx_byte  0x0000000000002e24       0x1e Output/twi_master_using_nrf_twi_mngr_pca10040 Release/Obj/nrfx_uart.o
 .text.rx_byte  0x0000000000002e42       0x2c Output/twi_master_using_nrf_twi_mngr_pca10040 Release/Obj/nrfx_uart.o
 *fill*         0x0000000000002e6e        0x2 
 .text.rx_done_event.constprop.8
                0x0000000000002e70       0x20 Output/twi_master_using_nrf_twi_mngr_pca10040 Release/Obj/nrfx_uart.o
 .text.nrfx_uart_0_irq_handler
                0x0000000000002e90      0x140 Output/twi_master_using_nrf_twi_mngr_pca10040 Release/Obj/nrfx_uart.o
                0x0000000000002e90                nrfx_uart_0_irq_handler
 .text.nrfx_uart_init
                0x0000000000002fd0      0x184 Output/twi_master_using_nrf_twi_mngr_pca10040 Release/Obj/nrfx_uart.o
                0x0000000000002fd0                nrfx_uart_init
 .text.nrfx_uart_uninit
                0x0000000000003154       0xc8 Output/twi_master_using_nrf_twi_mngr_pca10040 Release/Obj/nrfx_uart.o
                0x0000000000003154                nrfx_uart_uninit
 .text.nrfx_uart_tx
                0x000000000000321c       0x98 Output/twi_master_using_nrf_twi_mngr_pca10040 Release/Obj/nrfx_uart.o
                0x000000000000321c                nrfx_uart_tx
 .text.nrf_uarte_event_clear
                0x00000000000032b4       0x10 Output/twi_master_using_nrf_twi_mngr_pca10040 Release/Obj/nrfx_uarte.o
 .text.rx_done_event.constprop.7
                0x00000000000032c4       0x24 Output/twi_master_using_nrf_twi_mngr_pca10040 Release/Obj/nrfx_uarte.o
 .text.nrfx_uarte_0_irq_handler
                0x00000000000032e8       0xec Output/twi_master_using_nrf_twi_mngr_pca10040 Release/Obj/nrfx_uarte.o
                0x00000000000032e8                nrfx_uarte_0_irq_handler
 .text.nrfx_uarte_init
                0x00000000000033d4      0x194 Output/twi_master_using_nrf_twi_mngr_pca10040 Release/Obj/nrfx_uarte.o
                0x00000000000033d4                nrfx_uarte_init
 .text.nrfx_uarte_uninit
                0x0000000000003568       0xc8 Output/twi_master_using_nrf_twi_mngr_pca10040 Release/Obj/nrfx_uarte.o
                0x0000000000003568                nrfx_uarte_uninit
 .text.nrfx_uarte_tx
                0x0000000000003630       0x8c Output/twi_master_using_nrf_twi_mngr_pca10040 Release/Obj/nrfx_uarte.o
                0x0000000000003630                nrfx_uarte_tx
 .text.alert_timer_handler
                0x00000000000036bc        0x6 Output/twi_master_using_nrf_twi_mngr_pca10040 Release/Obj/bsp.o
 *fill*         0x00000000000036c2        0x2 
 .text.leds_off
                0x00000000000036c4       0x2c Output/twi_master_using_nrf_twi_mngr_pca10040 Release/Obj/bsp.o
 .text.bsp_led_indication
                0x00000000000036f0      0x1f0 Output/twi_master_using_nrf_twi_mngr_pca10040 Release/Obj/bsp.o
 .text.bsp_button_event_handler
                0x00000000000038e0       0x9c Output/twi_master_using_nrf_twi_mngr_pca10040 Release/Obj/bsp.o
 .text.button_timer_handler
                0x000000000000397c        0x8 Output/twi_master_using_nrf_twi_mngr_pca10040 Release/Obj/bsp.o
 .text.leds_timer_handler
                0x0000000000003984       0x1c Output/twi_master_using_nrf_twi_mngr_pca10040 Release/Obj/bsp.o
 .text.bsp_init
                0x00000000000039a0       0x9c Output/twi_master_using_nrf_twi_mngr_pca10040 Release/Obj/bsp.o
                0x00000000000039a0                bsp_init
 .text.bsp_event_handler
                0x0000000000003a3c        0x2 Output/twi_master_using_nrf_twi_mngr_pca10040 Release/Obj/main.o
 *fill*         0x0000000000003a3e        0x2 
 .text.read_all_cb
                0x0000000000003a40      0x28c Output/twi_master_using_nrf_twi_mngr_pca10040 Release/Obj/main.o
                0x0000000000003a40                read_all_cb
 .text.timer_handler
                0x0000000000003ccc       0x24 Output/twi_master_using_nrf_twi_mngr_pca10040 Release/Obj/main.o
                0x0000000000003ccc                timer_handler
 .text.th06_init_cb
                0x0000000000003cf0       0x20 Output/twi_master_using_nrf_twi_mngr_pca10040 Release/Obj/main.o
 .text.read_init
                0x0000000000003d10       0x38 Output/twi_master_using_nrf_twi_mngr_pca10040 Release/Obj/main.o
                0x0000000000003d10                read_init
 .text.log_init
                0x0000000000003d48       0x1a Output/twi_master_using_nrf_twi_mngr_pca10040 Release/Obj/main.o
                0x0000000000003d48                log_init
 *fill*         0x0000000000003d62        0x2 
 .text.startup.main
                0x0000000000003d64       0xb4 Output/twi_master_using_nrf_twi_mngr_pca10040 Release/Obj/main.o
                0x0000000000003d64                main
 .text.errata_57
                0x0000000000003e18       0x34 Output/twi_master_using_nrf_twi_mngr_pca10040 Release/Obj/system_nrf52.o
 .text.errata_136
                0x0000000000003e4c       0x40 Output/twi_master_using_nrf_twi_mngr_pca10040 Release/Obj/system_nrf52.o
 .text.SystemInit
                0x0000000000003e8c      0x264 Output/twi_master_using_nrf_twi_mngr_pca10040 Release/Obj/system_nrf52.o
                0x0000000000003e8c                SystemInit
 .text.libc.__int32_to_float64
                0x00000000000040f0       0x30 C:/Program Files/SEGGER/SEGGER Embedded Studio for ARM 3.34b/lib/libm_v7em_fpv4_sp_d16_hard_t_le_eabi.a(libm_asm.o)
                0x00000000000040f0                __aeabi_i2d
                0x00000000000040f0                __int32_to_float64
                0x00000000000040f0                __floatsidf
 .text.libc.__float64_to_float32
                0x0000000000004120       0x70 C:/Program Files/SEGGER/SEGGER Embedded Studio for ARM 3.34b/lib/libm_v7em_fpv4_sp_d16_hard_t_le_eabi.a(libm_asm.o)
                0x0000000000004120                __truncdfsf2
                0x0000000000004120                __float64_to_float32
                0x0000000000004120                __aeabi_d2f
 .text.libc.__float64_mul
                0x0000000000004190      0x16c C:/Program Files/SEGGER/SEGGER Embedded Studio for ARM 3.34b/lib/libm_v7em_fpv4_sp_d16_hard_t_le_eabi.a(libm_asm.o)
                0x0000000000004190                __float64_mul
                0x0000000000004190                __muldf3
                0x0000000000004190                __aeabi_dmul
 .text.libc.__int64_lsl
                0x00000000000042fc       0x28 C:/Program Files/SEGGER/SEGGER Embedded Studio for ARM 3.34b/lib/libc_v7em_fpv4_sp_d16_hard_t_le_eabi.a(libc_asm.o)
                0x00000000000042fc                __int64_lsl
                0x00000000000042fc                __aeabi_llsl
                0x00000000000042fc                __ashldi3
 .text.libc.__int64_udivmod
                0x0000000000004324       0xd0 C:/Program Files/SEGGER/SEGGER Embedded Studio for ARM 3.34b/lib/libc_v7em_fpv4_sp_d16_hard_t_le_eabi.a(libc_asm.o)
                0x0000000000004324                __aeabi_uldivmod
                0x0000000000004324                __int64_udiv
                0x0000000000004324                __udivdi3
                0x0000000000004324                __int64_udivmod
 .text.libc.__RAL_ascii_isctype
                0x00000000000043f4       0x1c C:/Program Files/SEGGER/SEGGER Embedded Studio for ARM 3.34b/lib/libc_v7em_fpv4_sp_d16_hard_t_le_eabi.a(libc2.o)
 .text.libc.__RAL_ascii_toupper
                0x0000000000004410        0xc C:/Program Files/SEGGER/SEGGER Embedded Studio for ARM 3.34b/lib/libc_v7em_fpv4_sp_d16_hard_t_le_eabi.a(libc2.o)
 .text.libc.__RAL_ascii_tolower
                0x000000000000441c        0xc C:/Program Files/SEGGER/SEGGER Embedded Studio for ARM 3.34b/lib/libc_v7em_fpv4_sp_d16_hard_t_le_eabi.a(libc2.o)
 .text.libc.__RAL_ascii_iswctype
                0x0000000000004428       0x1c C:/Program Files/SEGGER/SEGGER Embedded Studio for ARM 3.34b/lib/libc_v7em_fpv4_sp_d16_hard_t_le_eabi.a(libc2.o)
 .text.libc.__RAL_ascii_towupper
                0x0000000000004444        0xc C:/Program Files/SEGGER/SEGGER Embedded Studio for ARM 3.34b/lib/libc_v7em_fpv4_sp_d16_hard_t_le_eabi.a(libc2.o)
 .text.libc.__RAL_ascii_towlower
                0x0000000000004450        0xc C:/Program Files/SEGGER/SEGGER Embedded Studio for ARM 3.34b/lib/libc_v7em_fpv4_sp_d16_hard_t_le_eabi.a(libc2.o)
 .text.libc.__RAL_ascii_wctomb
                0x000000000000445c        0xe C:/Program Files/SEGGER/SEGGER Embedded Studio for ARM 3.34b/lib/libc_v7em_fpv4_sp_d16_hard_t_le_eabi.a(libc2.o)
                0x000000000000445c                __RAL_ascii_wctomb
 .text.libc.__RAL_ascii_mbtowc
                0x000000000000446a       0x24 C:/Program Files/SEGGER/SEGGER Embedded Studio for ARM 3.34b/lib/libc_v7em_fpv4_sp_d16_hard_t_le_eabi.a(libc2.o)
                0x000000000000446a                __RAL_ascii_mbtowc
 *fill*         0x000000000000448e        0x2 
 .text.libc.__RAL_isctype
                0x0000000000004490       0x14 C:/Program Files/SEGGER/SEGGER Embedded Studio for ARM 3.34b/lib/libc_v7em_fpv4_sp_d16_hard_t_le_eabi.a(libc2.o)
                0x0000000000004490                __RAL_isctype
 .text.libc.isprint
                0x00000000000044a4        0xa C:/Program Files/SEGGER/SEGGER Embedded Studio for ARM 3.34b/lib/libc_v7em_fpv4_sp_d16_hard_t_le_eabi.a(libc2.o)
                0x00000000000044a4                isprint
 .text.libc.memcmp
                0x00000000000044ae       0x6a C:/Program Files/SEGGER/SEGGER Embedded Studio for ARM 3.34b/lib/libc_v7em_fpv4_sp_d16_hard_t_le_eabi.a(libc2.o)
                0x00000000000044ae                memcmp
 .text.libc.memcpy
                0x0000000000004518       0x54 C:/Program Files/SEGGER/SEGGER Embedded Studio for ARM 3.34b/lib/libc_v7em_fpv4_sp_d16_hard_t_le_eabi.a(libc2_asm.o)
                0x0000000000004518                __aeabi_memcpy
                0x0000000000004518                memcpy
                0x0000000000004524                __aeabi_memcpy8
                0x0000000000004524                __aeabi_memcpy4
 .text.libc.memset
                0x000000000000456c       0x68 C:/Program Files/SEGGER/SEGGER Embedded Studio for ARM 3.34b/lib/libc_v7em_fpv4_sp_d16_hard_t_le_eabi.a(libc2_asm.o)
                0x000000000000456c                memset
 .text.libc.strlen
                0x00000000000045d4       0x60 C:/Program Files/SEGGER/SEGGER Embedded Studio for ARM 3.34b/lib/libc_v7em_fpv4_sp_d16_hard_t_le_eabi.a(libc2_asm.o)
                0x00000000000045d4                strlen
                0x0000000000004634                __text_end__ = (__text_start__ + SIZEOF (.text))
                0x0000000000004340                __text_size__ = SIZEOF (.text)
                0x0000000000004634                __text_load_end__ = __text_end__

.vfp11_veneer   0x0000000100000000        0x0
 .vfp11_veneer  0x0000000100000000        0x0 linker stubs

.v4_bx          0x0000000100000000        0x0
 .v4_bx         0x0000000100000000        0x0 linker stubs

.iplt           0x0000000100000000        0x0
 .iplt          0x0000000100000000        0x0 Output/twi_master_using_nrf_twi_mngr_pca10040 Release/Obj/thumb_crt0.o
                0x0000000000000001                . = ASSERT (((__text_start__ == __text_end__) || ((__text_end__ >= __FLASH_segment_start__) && (__text_end__ <= __FLASH_segment_end__))), error: .text is too large to fit in FLASH memory segment)
                0x0000000000004634                __pwr_mgmt_data_load_start__ = ALIGN (__text_end__, 0x4)

.pwr_mgmt_data  0x0000000000004634        0x0
                0x0000000000004634                __pwr_mgmt_data_start__ = .
                0x0000000000004634                __start_pwr_mgmt_data = __pwr_mgmt_data_start__
 *(SORT(.pwr_mgmt_data*))
                0x0000000000004634                __pwr_mgmt_data_end__ = (__pwr_mgmt_data_start__ + SIZEOF (.pwr_mgmt_data))
                0x0000000000000000                __pwr_mgmt_data_size__ = SIZEOF (.pwr_mgmt_data)
                0x0000000000004634                __stop_pwr_mgmt_data = __pwr_mgmt_data_end__
                0x0000000000004634                __pwr_mgmt_data_load_end__ = __pwr_mgmt_data_end__
                0x0000000000000001                . = ASSERT (((__pwr_mgmt_data_start__ == __pwr_mgmt_data_end__) || ((__pwr_mgmt_data_end__ >= __FLASH_segment_start__) && (__pwr_mgmt_data_end__ <= __FLASH_segment_end__))), error: .pwr_mgmt_data is too large to fit in FLASH memory segment)
                0x0000000000004634                __log_const_data_load_start__ = ALIGN (__pwr_mgmt_data_end__, 0x4)

.log_const_data
                0x0000000000004634       0x58
                0x0000000000004634                __log_const_data_start__ = .
                0x0000000000004634                __start_log_const_data = __log_const_data_start__
 *(SORT(.log_const_data*))
 .log_const_data_CLOCK
                0x0000000000004634        0x8 Output/twi_master_using_nrf_twi_mngr_pca10040 Release/Obj/nrfx_clock.o
                0x0000000000004634                m_nrf_log_CLOCK_logs_data_const
 .log_const_data_GPIOTE
                0x000000000000463c        0x8 Output/twi_master_using_nrf_twi_mngr_pca10040 Release/Obj/nrfx_gpiote.o
                0x000000000000463c                m_nrf_log_GPIOTE_logs_data_const
 .log_const_data_PRS
                0x0000000000004644        0x8 Output/twi_master_using_nrf_twi_mngr_pca10040 Release/Obj/nrfx_prs.o
                0x0000000000004644                m_nrf_log_PRS_logs_data_const
 .log_const_data_TWI
                0x000000000000464c        0x8 Output/twi_master_using_nrf_twi_mngr_pca10040 Release/Obj/nrfx_twi.o
                0x000000000000464c                m_nrf_log_TWI_logs_data_const
 .log_const_data_UART
                0x0000000000004654        0x8 Output/twi_master_using_nrf_twi_mngr_pca10040 Release/Obj/nrfx_uart.o
                0x0000000000004654                m_nrf_log_UART_logs_data_const
 .log_const_data_UARTE
                0x000000000000465c        0x8 Output/twi_master_using_nrf_twi_mngr_pca10040 Release/Obj/nrfx_uarte.o
                0x000000000000465c                m_nrf_log_UARTE_logs_data_const
 .log_const_data_app
                0x0000000000004664        0x8 Output/twi_master_using_nrf_twi_mngr_pca10040 Release/Obj/nrf_log_frontend.o
                0x0000000000004664                m_nrf_log_app_logs_data_const
 .log_const_data_balloc_log_mempool
                0x000000000000466c        0x8 Output/twi_master_using_nrf_twi_mngr_pca10040 Release/Obj/nrf_log_frontend.o
                0x000000000000466c                m_nrf_log_balloc_log_mempool_logs_data_const
 .log_const_data_clock
                0x0000000000004674        0x8 Output/twi_master_using_nrf_twi_mngr_pca10040 Release/Obj/nrf_drv_clock.o
                0x0000000000004674                m_nrf_log_clock_logs_data_const
 .log_const_data_pwr_mgmt
                0x000000000000467c        0x8 Output/twi_master_using_nrf_twi_mngr_pca10040 Release/Obj/nrf_pwr_mgmt.o
                0x000000000000467c                m_nrf_log_pwr_mgmt_logs_data_const
 .log_const_data_queue_m_nrf_twi_mngr_queue
                0x0000000000004684        0x8 Output/twi_master_using_nrf_twi_mngr_pca10040 Release/Obj/main.o
                0x0000000000004684                m_nrf_log_queue_m_nrf_twi_mngr_queue_logs_data_const
                0x000000000000468c                __log_const_data_end__ = (__log_const_data_start__ + SIZEOF (.log_const_data))
                0x0000000000000058                __log_const_data_size__ = SIZEOF (.log_const_data)
                0x000000000000468c                __stop_log_const_data = __log_const_data_end__
                0x000000000000468c                __log_const_data_load_end__ = __log_const_data_end__
                0x0000000000000001                . = ASSERT (((__log_const_data_start__ == __log_const_data_end__) || ((__log_const_data_end__ >= __FLASH_segment_start__) && (__log_const_data_end__ <= __FLASH_segment_end__))), error: .log_const_data is too large to fit in FLASH memory segment)
                0x000000000000468c                __nrf_balloc_load_start__ = ALIGN (__log_const_data_end__, 0x4)

.nrf_balloc     0x000000000000468c       0x18
                0x000000000000468c                __nrf_balloc_start__ = .
                0x000000000000468c                __start_nrf_balloc = __nrf_balloc_start__
 *(.nrf_balloc*)
 .nrf_balloc    0x000000000000468c       0x18 Output/twi_master_using_nrf_twi_mngr_pca10040 Release/Obj/nrf_log_frontend.o
                0x000000000000468c                log_mempool
                0x00000000000046a4                __nrf_balloc_end__ = (__nrf_balloc_start__ + SIZEOF (.nrf_balloc))
                0x0000000000000018                __nrf_balloc_size__ = SIZEOF (.nrf_balloc)
                0x00000000000046a4                __stop_nrf_balloc = __nrf_balloc_end__
                0x00000000000046a4                __nrf_balloc_load_end__ = __nrf_balloc_end__
                0x0000000000000001                . = ASSERT (((__nrf_balloc_start__ == __nrf_balloc_end__) || ((__nrf_balloc_end__ >= __FLASH_segment_start__) && (__nrf_balloc_end__ <= __FLASH_segment_end__))), error: .nrf_balloc is too large to fit in FLASH memory segment)
                0x00000000000046a4                __nrf_queue_load_start__ = ALIGN (__nrf_balloc_end__, 0x4)

.nrf_queue      0x00000000000046a4       0x18
                0x00000000000046a4                __nrf_queue_start__ = .
                0x00000000000046a4                __start_nrf_queue = __nrf_queue_start__
 *(.nrf_queue*)
 .nrf_queue     0x00000000000046a4       0x18 Output/twi_master_using_nrf_twi_mngr_pca10040 Release/Obj/main.o
                0x00000000000046a4                m_nrf_twi_mngr_queue
                0x00000000000046bc                __nrf_queue_end__ = (__nrf_queue_start__ + SIZEOF (.nrf_queue))
                0x0000000000000018                __nrf_queue_size__ = SIZEOF (.nrf_queue)
                0x00000000000046bc                __stop_nrf_queue = __nrf_queue_end__
                0x00000000000046bc                __nrf_queue_load_end__ = __nrf_queue_end__
                0x0000000000000001                . = ASSERT (((__nrf_queue_start__ == __nrf_queue_end__) || ((__nrf_queue_end__ >= __FLASH_segment_start__) && (__nrf_queue_end__ <= __FLASH_segment_end__))), error: .nrf_queue is too large to fit in FLASH memory segment)
                0x00000000000046bc                __nrf_sections_load_start__ = ALIGN (__nrf_queue_end__, 0x4)

.nrf_sections   0x00000000000046bc        0x0
                0x00000000000046bc                __nrf_sections_start__ = .
                0x00000000000046bc                __start_nrf_sections = __nrf_sections_start__
 *(.nrf_sections .nrf_sections.*)
                0x00000000000046bc                __nrf_sections_end__ = (__nrf_sections_start__ + SIZEOF (.nrf_sections))
                0x0000000000000000                __nrf_sections_size__ = SIZEOF (.nrf_sections)
                0x00000000000046bc                __nrf_sections_load_end__ = __nrf_sections_end__
                0x0000000000000001                . = ASSERT (((__nrf_sections_start__ == __nrf_sections_end__) || ((__nrf_sections_end__ >= __FLASH_segment_start__) && (__nrf_sections_end__ <= __FLASH_segment_end__))), error: .nrf_sections is too large to fit in FLASH memory segment)
                0x00000000000046bc                __log_dynamic_data_load_start__ = ALIGN (__nrf_sections_end__, 0x4)

.log_dynamic_data
                0x0000000020000000       0x2c load address 0x00000000000046bc
                0x0000000020000000                __log_dynamic_data_start__ = .
 *(SORT(.log_dynamic_data*))
 .log_dynamic_data_CLOCK
                0x0000000020000000        0x4 Output/twi_master_using_nrf_twi_mngr_pca10040 Release/Obj/nrfx_clock.o
                0x0000000020000000                m_nrf_log_CLOCK_logs_data_dynamic
 .log_dynamic_data_GPIOTE
                0x0000000020000004        0x4 Output/twi_master_using_nrf_twi_mngr_pca10040 Release/Obj/nrfx_gpiote.o
                0x0000000020000004                m_nrf_log_GPIOTE_logs_data_dynamic
 .log_dynamic_data_PRS
                0x0000000020000008        0x4 Output/twi_master_using_nrf_twi_mngr_pca10040 Release/Obj/nrfx_prs.o
                0x0000000020000008                m_nrf_log_PRS_logs_data_dynamic
 .log_dynamic_data_TWI
                0x000000002000000c        0x4 Output/twi_master_using_nrf_twi_mngr_pca10040 Release/Obj/nrfx_twi.o
                0x000000002000000c                m_nrf_log_TWI_logs_data_dynamic
 .log_dynamic_data_UART
                0x0000000020000010        0x4 Output/twi_master_using_nrf_twi_mngr_pca10040 Release/Obj/nrfx_uart.o
                0x0000000020000010                m_nrf_log_UART_logs_data_dynamic
 .log_dynamic_data_UARTE
                0x0000000020000014        0x4 Output/twi_master_using_nrf_twi_mngr_pca10040 Release/Obj/nrfx_uarte.o
                0x0000000020000014                m_nrf_log_UARTE_logs_data_dynamic
 .log_dynamic_data_app
                0x0000000020000018        0x4 Output/twi_master_using_nrf_twi_mngr_pca10040 Release/Obj/nrf_log_frontend.o
                0x0000000020000018                m_nrf_log_app_logs_data_dynamic
 .log_dynamic_data_balloc_log_mempool
                0x000000002000001c        0x4 Output/twi_master_using_nrf_twi_mngr_pca10040 Release/Obj/nrf_log_frontend.o
                0x000000002000001c                m_nrf_log_balloc_log_mempool_logs_data_dynamic
 .log_dynamic_data_clock
                0x0000000020000020        0x4 Output/twi_master_using_nrf_twi_mngr_pca10040 Release/Obj/nrf_drv_clock.o
                0x0000000020000020                m_nrf_log_clock_logs_data_dynamic
 .log_dynamic_data_pwr_mgmt
                0x0000000020000024        0x4 Output/twi_master_using_nrf_twi_mngr_pca10040 Release/Obj/nrf_pwr_mgmt.o
                0x0000000020000024                m_nrf_log_pwr_mgmt_logs_data_dynamic
 .log_dynamic_data_queue_m_nrf_twi_mngr_queue
                0x0000000020000028        0x4 Output/twi_master_using_nrf_twi_mngr_pca10040 Release/Obj/main.o
                0x0000000020000028                m_nrf_log_queue_m_nrf_twi_mngr_queue_logs_data_dynamic
                0x000000002000002c                __log_dynamic_data_end__ = (__log_dynamic_data_start__ + SIZEOF (.log_dynamic_data))
                0x000000000000002c                __log_dynamic_data_size__ = SIZEOF (.log_dynamic_data)
                0x00000000000046e8                __log_dynamic_data_load_end__ = (__log_dynamic_data_load_start__ + SIZEOF (.log_dynamic_data))
                0x0000000000000001                . = ASSERT (((__log_dynamic_data_load_start__ == __log_dynamic_data_load_end__) || ((__log_dynamic_data_load_end__ >= __FLASH_segment_start__) && (__log_dynamic_data_load_end__ <= __FLASH_segment_end__))), error: .log_dynamic_data is too large to fit in FLASH memory segment)

.log_dynamic_data_run
                0x0000000020000000       0x2c load address 0x00000000000046bc
                0x0000000020000000                __log_dynamic_data_run_start__ = .
                0x0000000020000000                __start_log_dynamic_data = __log_dynamic_data_run_start__
                0x000000002000002c                . = MAX ((__log_dynamic_data_run_start__ + SIZEOF (.log_dynamic_data)), .)
 *fill*         0x0000000020000000       0x2c 
                0x000000002000002c                __log_dynamic_data_run_end__ = (__log_dynamic_data_run_start__ + SIZEOF (.log_dynamic_data_run))
                0x000000000000002c                __log_dynamic_data_run_size__ = SIZEOF (.log_dynamic_data_run)
                0x000000002000002c                __stop_log_dynamic_data = __log_dynamic_data_run_end__
                0x000000002000002c                __log_dynamic_data_run_load_end__ = __log_dynamic_data_run_end__
                0x0000000000000001                . = ASSERT (((__log_dynamic_data_run_start__ == __log_dynamic_data_run_end__) || ((__log_dynamic_data_run_end__ >= __RAM_segment_start__) && (__log_dynamic_data_run_end__ <= __RAM_segment_end__))), error: .log_dynamic_data_run is too large to fit in RAM memory segment)
                0x000000002000002c                __nrf_sections_run_end_load_start__ = ALIGN (__log_dynamic_data_run_end__, 0x4)

.nrf_sections_run_end
                0x000000002000002c        0x0
                0x000000002000002c                __nrf_sections_run_end_start__ = .
                0x000000002000002c                __end_nrf_sections_run = __nrf_sections_run_end_start__
 *(.nrf_sections_run_end .nrf_sections_run_end.*)
                0x000000002000002c                __nrf_sections_run_end_end__ = (__nrf_sections_run_end_start__ + SIZEOF (.nrf_sections_run_end))
                0x0000000000000000                __nrf_sections_run_end_size__ = SIZEOF (.nrf_sections_run_end)
                0x000000002000002c                __nrf_sections_run_end_load_end__ = __nrf_sections_run_end_end__
                0x0000000000000001                . = ASSERT (((__nrf_sections_run_end_start__ == __nrf_sections_run_end_end__) || ((__nrf_sections_run_end_end__ >= __RAM_segment_start__) && (__nrf_sections_run_end_end__ <= __RAM_segment_end__))), error: .nrf_sections_run_end is too large to fit in RAM memory segment)
                0x00000000000046e8                __dtors_load_start__ = ALIGN ((__log_dynamic_data_load_start__ + SIZEOF (.log_dynamic_data)), 0x4)

.dtors          0x00000000000046e8        0x0
                0x00000000000046e8                __dtors_start__ = .
 *(SORT(.dtors.*))
 *(.dtors)
 *(.fini_array)
 *(SORT(.fini_array.*))
                0x00000000000046e8                __dtors_end__ = (__dtors_start__ + SIZEOF (.dtors))
                0x0000000000000000                __dtors_size__ = SIZEOF (.dtors)
                0x00000000000046e8                __dtors_load_end__ = __dtors_end__
                0x0000000000000001                . = ASSERT (((__dtors_start__ == __dtors_end__) || ((__dtors_end__ >= __FLASH_segment_start__) && (__dtors_end__ <= __FLASH_segment_end__))), error: .dtors is too large to fit in FLASH memory segment)
                0x00000000000046e8                __ctors_load_start__ = ALIGN (__dtors_end__, 0x4)

.ctors          0x00000000000046e8        0x0
                0x00000000000046e8                __ctors_start__ = .
 *(SORT(.ctors.*))
 *(.ctors)
 *(.init_array)
 *(SORT(.init_array.*))
                0x00000000000046e8                __ctors_end__ = (__ctors_start__ + SIZEOF (.ctors))
                0x0000000000000000                __ctors_size__ = SIZEOF (.ctors)
                0x00000000000046e8                __ctors_load_end__ = __ctors_end__
                0x0000000000000001                . = ASSERT (((__ctors_start__ == __ctors_end__) || ((__ctors_end__ >= __FLASH_segment_start__) && (__ctors_end__ <= __FLASH_segment_end__))), error: .ctors is too large to fit in FLASH memory segment)
                0x00000000000046e8                __rodata_load_start__ = ALIGN (__ctors_end__, 0x4)

.rodata         0x00000000000046e8      0x590
                0x00000000000046e8                __rodata_start__ = .
 *(.rodata .rodata.* .gnu.linkonce.r.*)
 .rodata        0x00000000000046e8       0x20 Output/twi_master_using_nrf_twi_mngr_pca10040 Release/Obj/nrf_log_backend_uart.o
 .rodata.nrf_log_backend_uart_api
                0x0000000000004708        0xc Output/twi_master_using_nrf_twi_mngr_pca10040 Release/Obj/nrf_log_backend_uart.o
                0x0000000000004708                nrf_log_backend_uart_api
 .rodata.nrf_log_frontend_dequeue.str1.1
                0x0000000000004714       0x11 Output/twi_master_using_nrf_twi_mngr_pca10040 Release/Obj/nrf_log_frontend.o
 .rodata.str1.1
                0x0000000000004725       0x17 Output/twi_master_using_nrf_twi_mngr_pca10040 Release/Obj/nrf_log_frontend.o
 .rodata.m_colors
                0x000000000000473c       0x24 Output/twi_master_using_nrf_twi_mngr_pca10040 Release/Obj/nrf_log_str_formatter.o
 .rodata.nrf_log_hexdump_entry_process.str1.1
                0x0000000000004760        0xf Output/twi_master_using_nrf_twi_mngr_pca10040 Release/Obj/nrf_log_str_formatter.o
                                         0x11 (size before relaxing)
 .rodata.postfix_process.str1.1
                0x000000000000476f        0xf Output/twi_master_using_nrf_twi_mngr_pca10040 Release/Obj/nrf_log_str_formatter.o
                                          0x3 (size before relaxing)
 .rodata.prefix_process.str1.1
                0x000000000000476f       0x32 Output/twi_master_using_nrf_twi_mngr_pca10040 Release/Obj/nrf_log_str_formatter.o
 *fill*         0x00000000000047a1        0x3 
 .rodata.severity_names
                0x00000000000047a4       0x14 Output/twi_master_using_nrf_twi_mngr_pca10040 Release/Obj/nrf_log_str_formatter.o
 .rodata.str1.1
                0x00000000000047b8       0x4b Output/twi_master_using_nrf_twi_mngr_pca10040 Release/Obj/nrf_log_str_formatter.o
                                         0x51 (size before relaxing)
 .rodata.m_board_led_list
                0x0000000000004803        0x4 Output/twi_master_using_nrf_twi_mngr_pca10040 Release/Obj/boards.o
 *fill*         0x0000000000004807        0x1 
 .rodata.m_detection_delay_timer_id
                0x0000000000004808        0x4 Output/twi_master_using_nrf_twi_mngr_pca10040 Release/Obj/app_button.o
 .rodata.app_error_fault_handler.str1.1
                0x000000000000480c       0x19 Output/twi_master_using_nrf_twi_mngr_pca10040 Release/Obj/app_error_weak.o
 *fill*         0x0000000000004825        0xb 
 .rodata.delay_bytecode.7685
                0x0000000000004830        0x6 Output/twi_master_using_nrf_twi_mngr_pca10040 Release/Obj/app_timer.o
 .rodata._aV2C.7289
                0x0000000000004836       0x10 Output/twi_master_using_nrf_twi_mngr_pca10040 Release/Obj/nrf_fprintf_format.o
 *fill*         0x0000000000004846        0x2 
 .rodata.pwr_mgmt_data
                0x0000000000004848        0xc Output/twi_master_using_nrf_twi_mngr_pca10040 Release/Obj/nrf_pwr_mgmt.o
 .rodata.str1.1
                0x0000000000004854        0x9 Output/twi_master_using_nrf_twi_mngr_pca10040 Release/Obj/nrf_pwr_mgmt.o
 .rodata.str1.1
                0x000000000000485d        0x6 Output/twi_master_using_nrf_twi_mngr_pca10040 Release/Obj/nrf_drv_clock.o
 *fill*         0x0000000000004863        0xd 
 .rodata.delay_bytecode.7351
                0x0000000000004870        0x6 Output/twi_master_using_nrf_twi_mngr_pca10040 Release/Obj/nrf_drv_twi.o
 .rodata.str1.1
                0x0000000000004876        0x6 Output/twi_master_using_nrf_twi_mngr_pca10040 Release/Obj/nrfx_clock.o
 .rodata.str1.1
                0x000000000000487c        0x7 Output/twi_master_using_nrf_twi_mngr_pca10040 Release/Obj/nrfx_gpiote.o
 .rodata.str1.1
                0x0000000000004883        0x4 Output/twi_master_using_nrf_twi_mngr_pca10040 Release/Obj/nrfx_prs.o
 .rodata.str1.1
                0x0000000000004887        0x4 Output/twi_master_using_nrf_twi_mngr_pca10040 Release/Obj/nrfx_twi.o
 .rodata.str1.1
                0x000000000000488b        0x5 Output/twi_master_using_nrf_twi_mngr_pca10040 Release/Obj/nrfx_uart.o
 .rodata.str1.1
                0x0000000000004890        0x6 Output/twi_master_using_nrf_twi_mngr_pca10040 Release/Obj/nrfx_uarte.o
 *fill*         0x0000000000004896        0x2 
 .rodata.app_buttons
                0x0000000000004898       0x20 Output/twi_master_using_nrf_twi_mngr_pca10040 Release/Obj/bsp.o
 .rodata.m_bsp_alert_tmr
                0x00000000000048b8        0x4 Output/twi_master_using_nrf_twi_mngr_pca10040 Release/Obj/bsp.o
 .rodata.m_bsp_button_tmr
                0x00000000000048bc        0x4 Output/twi_master_using_nrf_twi_mngr_pca10040 Release/Obj/bsp.o
 .rodata.m_bsp_leds_tmr
                0x00000000000048c0        0x4 Output/twi_master_using_nrf_twi_mngr_pca10040 Release/Obj/bsp.o
 .rodata.CSWTCH.12
                0x00000000000048c4       0x54 Output/twi_master_using_nrf_twi_mngr_pca10040 Release/Obj/main.o
 .rodata.m_nrf_twi_mngr
                0x0000000000004918       0x18 Output/twi_master_using_nrf_twi_mngr_pca10040 Release/Obj/main.o
 .rodata.m_timer
                0x0000000000004930        0x4 Output/twi_master_using_nrf_twi_mngr_pca10040 Release/Obj/main.o
 .rodata.main.str1.1
                0x0000000000004934       0x21 Output/twi_master_using_nrf_twi_mngr_pca10040 Release/Obj/main.o
 .rodata.read_all_cb.str1.1
                0x0000000000004955       0x5d Output/twi_master_using_nrf_twi_mngr_pca10040 Release/Obj/main.o
                                         0x5e (size before relaxing)
 .rodata.str1.1
                0x00000000000049b2       0x2e Output/twi_master_using_nrf_twi_mngr_pca10040 Release/Obj/main.o
 .rodata.th06_init_cb.str1.1
                0x00000000000049e0       0x25 Output/twi_master_using_nrf_twi_mngr_pca10040 Release/Obj/main.o
 *fill*         0x0000000000004a05        0x3 
 .rodata.transfers.9475
                0x0000000000004a08       0x20 Output/twi_master_using_nrf_twi_mngr_pca10040 Release/Obj/main.o
 .rodata.transfers.9543
                0x0000000000004a28       0x10 Output/twi_master_using_nrf_twi_mngr_pca10040 Release/Obj/main.o
 .rodata.libc.__RAL_ascii_ctype_map
                0x0000000000004a38       0x80 C:/Program Files/SEGGER/SEGGER Embedded Studio for ARM 3.34b/lib/libc_v7em_fpv4_sp_d16_hard_t_le_eabi.a(libc2.o)
                0x0000000000004a38                __RAL_ascii_ctype_map
 .rodata.libc.__RAL_ascii_ctype_mask
                0x0000000000004ab8        0xd C:/Program Files/SEGGER/SEGGER Embedded Studio for ARM 3.34b/lib/libc_v7em_fpv4_sp_d16_hard_t_le_eabi.a(libc2.o)
 *fill*         0x0000000000004ac5        0x3 
 .rodata.libc.__RAL_c_locale
                0x0000000000004ac8        0xc C:/Program Files/SEGGER/SEGGER Embedded Studio for ARM 3.34b/lib/libc_v7em_fpv4_sp_d16_hard_t_le_eabi.a(libc2.o)
                0x0000000000004ac8                __RAL_c_locale
 .rodata.libc.__RAL_c_locale_abbrev_day_names
                0x0000000000004ad4       0x1d C:/Program Files/SEGGER/SEGGER Embedded Studio for ARM 3.34b/lib/libc_v7em_fpv4_sp_d16_hard_t_le_eabi.a(libc2.o)
                0x0000000000004ad4                __RAL_c_locale_abbrev_day_names
 *fill*         0x0000000000004af1        0x3 
 .rodata.libc.__RAL_c_locale_abbrev_month_names
                0x0000000000004af4       0x31 C:/Program Files/SEGGER/SEGGER Embedded Studio for ARM 3.34b/lib/libc_v7em_fpv4_sp_d16_hard_t_le_eabi.a(libc2.o)
                0x0000000000004af4                __RAL_c_locale_abbrev_month_names
 *fill*         0x0000000000004b25        0x3 
 .rodata.libc.__RAL_c_locale_am_pm_indicator
                0x0000000000004b28        0x7 C:/Program Files/SEGGER/SEGGER Embedded Studio for ARM 3.34b/lib/libc_v7em_fpv4_sp_d16_hard_t_le_eabi.a(libc2.o)
                0x0000000000004b28                __RAL_c_locale_am_pm_indicator
 *fill*         0x0000000000004b2f        0x1 
 .rodata.libc.__RAL_c_locale_data
                0x0000000000004b30       0x58 C:/Program Files/SEGGER/SEGGER Embedded Studio for ARM 3.34b/lib/libc_v7em_fpv4_sp_d16_hard_t_le_eabi.a(libc2.o)
                0x0000000000004b30                __RAL_c_locale_data
 .rodata.libc.__RAL_c_locale_date_format
                0x0000000000004b88        0x9 C:/Program Files/SEGGER/SEGGER Embedded Studio for ARM 3.34b/lib/libc_v7em_fpv4_sp_d16_hard_t_le_eabi.a(libc2.o)
                0x0000000000004b88                __RAL_c_locale_date_format
 *fill*         0x0000000000004b91        0x3 
 .rodata.libc.__RAL_c_locale_date_time_format
                0x0000000000004b94        0xf C:/Program Files/SEGGER/SEGGER Embedded Studio for ARM 3.34b/lib/libc_v7em_fpv4_sp_d16_hard_t_le_eabi.a(libc2.o)
                0x0000000000004b94                __RAL_c_locale_date_time_format
 *fill*         0x0000000000004ba3        0x1 
 .rodata.libc.__RAL_c_locale_day_names
                0x0000000000004ba4       0x3a C:/Program Files/SEGGER/SEGGER Embedded Studio for ARM 3.34b/lib/libc_v7em_fpv4_sp_d16_hard_t_le_eabi.a(libc2.o)
                0x0000000000004ba4                __RAL_c_locale_day_names
 *fill*         0x0000000000004bde        0x2 
 .rodata.libc.__RAL_c_locale_month_names
                0x0000000000004be0       0x57 C:/Program Files/SEGGER/SEGGER Embedded Studio for ARM 3.34b/lib/libc_v7em_fpv4_sp_d16_hard_t_le_eabi.a(libc2.o)
                0x0000000000004be0                __RAL_c_locale_month_names
 *fill*         0x0000000000004c37        0x1 
 .rodata.libc.__RAL_c_locale_time_format
                0x0000000000004c38        0x9 C:/Program Files/SEGGER/SEGGER Embedded Studio for ARM 3.34b/lib/libc_v7em_fpv4_sp_d16_hard_t_le_eabi.a(libc2.o)
                0x0000000000004c38                __RAL_c_locale_time_format
 *fill*         0x0000000000004c41        0x3 
 .rodata.libc.__RAL_codeset_ascii
                0x0000000000004c44       0x20 C:/Program Files/SEGGER/SEGGER Embedded Studio for ARM 3.34b/lib/libc_v7em_fpv4_sp_d16_hard_t_le_eabi.a(libc2.o)
                0x0000000000004c44                __RAL_codeset_ascii
 .rodata.libc.__RAL_data_empty_string
                0x0000000000004c64        0x1 C:/Program Files/SEGGER/SEGGER Embedded Studio for ARM 3.34b/lib/libc_v7em_fpv4_sp_d16_hard_t_le_eabi.a(libc2.o)
                0x0000000000004c64                __RAL_data_empty_string
 *fill*         0x0000000000004c65        0x3 
 .rodata.libc.__RAL_data_utf8_period
                0x0000000000004c68        0x2 C:/Program Files/SEGGER/SEGGER Embedded Studio for ARM 3.34b/lib/libc_v7em_fpv4_sp_d16_hard_t_le_eabi.a(libc2.o)
                0x0000000000004c68                __RAL_data_utf8_period
 *fill*         0x0000000000004c6a        0x2 
 .rodata.libc.__RAL_find_locale.str1.4
                0x0000000000004c6c        0xc C:/Program Files/SEGGER/SEGGER Embedded Studio for ARM 3.34b/lib/libc_v7em_fpv4_sp_d16_hard_t_le_eabi.a(libc2.o)
                                          0xa (size before relaxing)
                0x0000000000004c78                __rodata_end__ = (__rodata_start__ + SIZEOF (.rodata))
                0x0000000000000590                __rodata_size__ = SIZEOF (.rodata)
                0x0000000000004c78                __rodata_load_end__ = __rodata_end__

.rel.dyn        0x0000000000004c78        0x0
 .rel.iplt      0x0000000000004c78        0x0 Output/twi_master_using_nrf_twi_mngr_pca10040 Release/Obj/thumb_crt0.o
                0x0000000000000001                . = ASSERT (((__rodata_start__ == __rodata_end__) || ((__rodata_end__ >= __FLASH_segment_start__) && (__rodata_end__ <= __FLASH_segment_end__))), error: .rodata is too large to fit in FLASH memory segment)
                0x0000000000004c78                __ARM.exidx_load_start__ = ALIGN (__rodata_end__, 0x4)

.ARM.exidx      0x0000000000004c78        0x0
                0x0000000000004c78                __ARM.exidx_start__ = .
                0x0000000000004c78                __exidx_start = __ARM.exidx_start__
 *(.ARM.exidx .ARM.exidx.*)
                0x0000000000004c78                __ARM.exidx_end__ = (__ARM.exidx_start__ + SIZEOF (.ARM.exidx))
                0x0000000000000000                __ARM.exidx_size__ = SIZEOF (.ARM.exidx)
                0x0000000000004c78                __exidx_end = __ARM.exidx_end__
                0x0000000000004c78                __ARM.exidx_load_end__ = __ARM.exidx_end__
                0x0000000000000001                . = ASSERT (((__ARM.exidx_start__ == __ARM.exidx_end__) || ((__ARM.exidx_end__ >= __FLASH_segment_start__) && (__ARM.exidx_end__ <= __FLASH_segment_end__))), error: .ARM.exidx is too large to fit in FLASH memory segment)
                0x0000000000004c78                __fast_load_start__ = ALIGN (__ARM.exidx_end__, 0x4)

.fast           0x000000002000002c        0x0 load address 0x0000000000004c78
                0x000000002000002c                __fast_start__ = .
 *(.fast .fast.*)
                0x000000002000002c                __fast_end__ = (__fast_start__ + SIZEOF (.fast))
                0x0000000000000000                __fast_size__ = SIZEOF (.fast)
                0x0000000000004c78                __fast_load_end__ = (__fast_load_start__ + SIZEOF (.fast))
                0x0000000000000001                . = ASSERT (((__fast_load_start__ == __fast_load_end__) || ((__fast_load_end__ >= __FLASH_segment_start__) && (__fast_load_end__ <= __FLASH_segment_end__))), error: .fast is too large to fit in FLASH memory segment)

.fast_run       0x000000002000002c        0x0
                0x000000002000002c                __fast_run_start__ = .
                0x000000002000002c                . = MAX ((__fast_run_start__ + SIZEOF (.fast)), .)
                0x000000002000002c                __fast_run_end__ = (__fast_run_start__ + SIZEOF (.fast_run))
                0x0000000000000000                __fast_run_size__ = SIZEOF (.fast_run)
                0x000000002000002c                __fast_run_load_end__ = __fast_run_end__
                0x0000000000000001                . = ASSERT (((__fast_run_start__ == __fast_run_end__) || ((__fast_run_end__ >= __RAM_segment_start__) && (__fast_run_end__ <= __RAM_segment_end__))), error: .fast_run is too large to fit in RAM memory segment)
                0x0000000000004c78                __data_load_start__ = ALIGN ((__fast_load_start__ + SIZEOF (.fast)), 0x4)

.data           0x000000002000002c       0x64 load address 0x0000000000004c78
                0x000000002000002c                __data_start__ = .
 *(.data .data.* .gnu.linkonce.d.*)
 .data.m_uart   0x000000002000002c       0x14 Output/twi_master_using_nrf_twi_mngr_pca10040 Release/Obj/nrf_log_backend_uart.o
                0x000000002000002c                m_uart
 .data.uart_log_backend
                0x0000000020000040        0xc Output/twi_master_using_nrf_twi_mngr_pca10040 Release/Obj/nrf_log_default_backends.o
 .data.transaction.9476
                0x000000002000004c       0x14 Output/twi_master_using_nrf_twi_mngr_pca10040 Release/Obj/main.o
 .data.transaction.9544
                0x0000000020000060       0x14 Output/twi_master_using_nrf_twi_mngr_pca10040 Release/Obj/main.o
 .data.th06_write_user_reg1
                0x0000000020000074        0x1 Output/twi_master_using_nrf_twi_mngr_pca10040 Release/Obj/th06.o
                0x0000000020000074                th06_write_user_reg1
 *fill*         0x0000000020000075        0x3 
 .data.SystemCoreClock
                0x0000000020000078        0x4 Output/twi_master_using_nrf_twi_mngr_pca10040 Release/Obj/system_nrf52.o
                0x0000000020000078                SystemCoreClock
 .data.libc.__RAL_global_locale
                0x000000002000007c       0x14 C:/Program Files/SEGGER/SEGGER Embedded Studio for ARM 3.34b/lib/libc_v7em_fpv4_sp_d16_hard_t_le_eabi.a(libc2.o)
                0x000000002000007c                __RAL_global_locale
                0x0000000020000090                __data_end__ = (__data_start__ + SIZEOF (.data))
                0x0000000000000064                __data_size__ = SIZEOF (.data)
                0x0000000000004cdc                __data_load_end__ = (__data_load_start__ + SIZEOF (.data))

.igot.plt       0x0000000100000000        0x0
 .igot.plt      0x0000000100000000        0x0 Output/twi_master_using_nrf_twi_mngr_pca10040 Release/Obj/thumb_crt0.o
                0x0000000000000001                . = ASSERT (((__data_load_start__ == __data_load_end__) || ((__data_load_end__ >= __FLASH_segment_start__) && (__data_load_end__ <= __FLASH_segment_end__))), error: .data is too large to fit in FLASH memory segment)

.data_run       0x000000002000002c       0x64 load address 0x0000000000004c78
                0x000000002000002c                __data_run_start__ = .
                0x0000000020000090                . = MAX ((__data_run_start__ + SIZEOF (.data)), .)
 *fill*         0x000000002000002c       0x64 
                0x0000000020000090                __data_run_end__ = (__data_run_start__ + SIZEOF (.data_run))
                0x0000000000000064                __data_run_size__ = SIZEOF (.data_run)
                0x0000000020000090                __data_run_load_end__ = __data_run_end__
                0x0000000000000001                . = ASSERT (((__data_run_start__ == __data_run_end__) || ((__data_run_end__ >= __RAM_segment_start__) && (__data_run_end__ <= __RAM_segment_end__))), error: .data_run is too large to fit in RAM memory segment)
                0x0000000000004cdc                __tdata_load_start__ = ALIGN ((__data_load_start__ + SIZEOF (.data)), 0x4)

.tdata          0x0000000020000090        0x0 load address 0x0000000000004cdc
                0x0000000020000090                __tdata_start__ = .
 *(.tdata .tdata.*)
                0x0000000020000090                __tdata_end__ = (__tdata_start__ + SIZEOF (.tdata))
                0x0000000000000000                __tdata_size__ = SIZEOF (.tdata)
                0x0000000000004cdc                __tdata_load_end__ = (__tdata_load_start__ + SIZEOF (.tdata))
                0x0000000000004cdc                __FLASH_segment_used_end__ = (ALIGN ((__data_load_start__ + SIZEOF (.data)), 0x4) + SIZEOF (.tdata))
                0x0000000000004cdc                __FLASH_segment_used_size__ = (__FLASH_segment_used_end__ - __FLASH_segment_start__)
                0x0000000000000001                . = ASSERT (((__tdata_load_start__ == __tdata_load_end__) || ((__tdata_load_end__ >= __FLASH_segment_start__) && (__tdata_load_end__ <= __FLASH_segment_end__))), error: .tdata is too large to fit in FLASH memory segment)

.tdata_run      0x0000000020000090        0x0
                0x0000000020000090                __tdata_run_start__ = .
                0x0000000020000090                . = MAX ((__tdata_run_start__ + SIZEOF (.tdata)), .)
                0x0000000020000090                __tdata_run_end__ = (__tdata_run_start__ + SIZEOF (.tdata_run))
                0x0000000000000000                __tdata_run_size__ = SIZEOF (.tdata_run)
                0x0000000020000090                __tdata_run_load_end__ = __tdata_run_end__
                0x0000000000000001                . = ASSERT (((__tdata_run_start__ == __tdata_run_end__) || ((__tdata_run_end__ >= __RAM_segment_start__) && (__tdata_run_end__ <= __RAM_segment_end__))), error: .tdata_run is too large to fit in RAM memory segment)
                0x0000000020000090                __bss_load_start__ = ALIGN (__tdata_run_end__, 0x4)

.bss            0x0000000020000090      0x925
                0x0000000020000090                __bss_start__ = .
 *(.bss .bss.* .gnu.linkonce.b.*)
 .bss.m_async_mode
                0x0000000020000090        0x1 Output/twi_master_using_nrf_twi_mngr_pca10040 Release/Obj/nrf_log_backend_uart.o
 .bss.m_string_buff
                0x0000000020000091       0x40 Output/twi_master_using_nrf_twi_mngr_pca10040 Release/Obj/nrf_log_backend_uart.o
 .bss.m_xfer_done
                0x00000000200000d1        0x1 Output/twi_master_using_nrf_twi_mngr_pca10040 Release/Obj/nrf_log_backend_uart.o
 *fill*         0x00000000200000d2        0x2 
 .bss.log_mempool_nrf_balloc_cb
                0x00000000200000d4        0x8 Output/twi_master_using_nrf_twi_mngr_pca10040 Release/Obj/nrf_log_frontend.o
 .bss.log_mempool_nrf_balloc_pool_mem
                0x00000000200000dc       0xc0 Output/twi_master_using_nrf_twi_mngr_pca10040 Release/Obj/nrf_log_frontend.o
 .bss.log_mempool_nrf_balloc_pool_stack
                0x000000002000019c        0x8 Output/twi_master_using_nrf_twi_mngr_pca10040 Release/Obj/nrf_log_frontend.o
 .bss.m_log_data
                0x00000000200001a4      0x424 Output/twi_master_using_nrf_twi_mngr_pca10040 Release/Obj/nrf_log_frontend.o
 .bss.m_button_count
                0x00000000200005c8        0x1 Output/twi_master_using_nrf_twi_mngr_pca10040 Release/Obj/app_button.o
 *fill*         0x00000000200005c9        0x3 
 .bss.m_detection_delay
                0x00000000200005cc        0x4 Output/twi_master_using_nrf_twi_mngr_pca10040 Release/Obj/app_button.o
 .bss.m_detection_delay_timer_id_data
                0x00000000200005d0       0x20 Output/twi_master_using_nrf_twi_mngr_pca10040 Release/Obj/app_button.o
 .bss.m_pin_state
                0x00000000200005f0        0x8 Output/twi_master_using_nrf_twi_mngr_pca10040 Release/Obj/app_button.o
 .bss.m_pin_transition
                0x00000000200005f8        0x8 Output/twi_master_using_nrf_twi_mngr_pca10040 Release/Obj/app_button.o
 .bss.mp_buttons
                0x0000000020000600        0x4 Output/twi_master_using_nrf_twi_mngr_pca10040 Release/Obj/app_button.o
 .bss.m_op_queue
                0x0000000020000604      0x10c Output/twi_master_using_nrf_twi_mngr_pca10040 Release/Obj/app_timer.o
 .bss.m_rtc1_reset
                0x0000000020000710        0x1 Output/twi_master_using_nrf_twi_mngr_pca10040 Release/Obj/app_timer.o
 .bss.m_rtc1_running
                0x0000000020000711        0x1 Output/twi_master_using_nrf_twi_mngr_pca10040 Release/Obj/app_timer.o
 *fill*         0x0000000020000712        0x2 
 .bss.m_ticks_elapsed
                0x0000000020000714        0x8 Output/twi_master_using_nrf_twi_mngr_pca10040 Release/Obj/app_timer.o
 .bss.m_ticks_elapsed_q_read_ind
                0x000000002000071c        0x1 Output/twi_master_using_nrf_twi_mngr_pca10040 Release/Obj/app_timer.o
 .bss.m_ticks_elapsed_q_write_ind
                0x000000002000071d        0x1 Output/twi_master_using_nrf_twi_mngr_pca10040 Release/Obj/app_timer.o
 *fill*         0x000000002000071e        0x2 
 .bss.m_ticks_latest
                0x0000000020000720        0x4 Output/twi_master_using_nrf_twi_mngr_pca10040 Release/Obj/app_timer.o
 .bss.mp_timer_id_head
                0x0000000020000724        0x4 Output/twi_master_using_nrf_twi_mngr_pca10040 Release/Obj/app_timer.o
 .bss.m_in_critical_region
                0x0000000020000728        0x4 Output/twi_master_using_nrf_twi_mngr_pca10040 Release/Obj/app_util_platform.o
 .bss.m_handlers_iter
                0x000000002000072c        0x8 Output/twi_master_using_nrf_twi_mngr_pca10040 Release/Obj/nrf_pwr_mgmt.o
 .bss.m_shutdown_started
                0x0000000020000734        0x1 Output/twi_master_using_nrf_twi_mngr_pca10040 Release/Obj/nrf_pwr_mgmt.o
 *fill*         0x0000000020000735        0x3 
 .bss.m_sysoff_mtx
                0x0000000020000738        0x4 Output/twi_master_using_nrf_twi_mngr_pca10040 Release/Obj/nrf_pwr_mgmt.o
 .bss.m_clock_cb
                0x000000002000073c       0x14 Output/twi_master_using_nrf_twi_mngr_pca10040 Release/Obj/nrf_drv_clock.o
 .bss.m_contexts
                0x0000000020000750        0x8 Output/twi_master_using_nrf_twi_mngr_pca10040 Release/Obj/nrf_drv_twi.o
 .bss.m_handlers
                0x0000000020000758        0x8 Output/twi_master_using_nrf_twi_mngr_pca10040 Release/Obj/nrf_drv_twi.o
 .bss.m_contexts
                0x0000000020000760        0x4 Output/twi_master_using_nrf_twi_mngr_pca10040 Release/Obj/nrf_drv_uart.o
 .bss.m_handlers
                0x0000000020000764        0x4 Output/twi_master_using_nrf_twi_mngr_pca10040 Release/Obj/nrf_drv_uart.o
 .bss.nrf_drv_uart_use_easy_dma
                0x0000000020000768        0x1 Output/twi_master_using_nrf_twi_mngr_pca10040 Release/Obj/nrf_drv_uart.o
                0x0000000020000768                nrf_drv_uart_use_easy_dma
 *fill*         0x0000000020000769        0x3 
 .bss.m_clock_cb
                0x000000002000076c        0x8 Output/twi_master_using_nrf_twi_mngr_pca10040 Release/Obj/nrfx_clock.o
 .bss.m_cb      0x0000000020000774       0x5c Output/twi_master_using_nrf_twi_mngr_pca10040 Release/Obj/nrfx_gpiote.o
 .bss.m_prs_box_4
                0x00000000200007d0        0x8 Output/twi_master_using_nrf_twi_mngr_pca10040 Release/Obj/nrfx_prs.o
 .bss.m_cb      0x00000000200007d8       0x30 Output/twi_master_using_nrf_twi_mngr_pca10040 Release/Obj/nrfx_twi.o
 .bss.m_cb      0x0000000020000808       0x2c Output/twi_master_using_nrf_twi_mngr_pca10040 Release/Obj/nrfx_uart.o
 .bss.m_cb      0x0000000020000834       0x24 Output/twi_master_using_nrf_twi_mngr_pca10040 Release/Obj/nrfx_uarte.o
 .bss.current_long_push_pin_no.7811
                0x0000000020000858        0x1 Output/twi_master_using_nrf_twi_mngr_pca10040 Release/Obj/bsp.o
 .bss.m_alert_on
                0x0000000020000859        0x1 Output/twi_master_using_nrf_twi_mngr_pca10040 Release/Obj/bsp.o
 *fill*         0x000000002000085a        0x2 
 .bss.m_bsp_alert_tmr_data
                0x000000002000085c       0x20 Output/twi_master_using_nrf_twi_mngr_pca10040 Release/Obj/bsp.o
 .bss.m_bsp_button_tmr_data
                0x000000002000087c       0x20 Output/twi_master_using_nrf_twi_mngr_pca10040 Release/Obj/bsp.o
 .bss.m_bsp_leds_tmr_data
                0x000000002000089c       0x20 Output/twi_master_using_nrf_twi_mngr_pca10040 Release/Obj/bsp.o
 .bss.m_events_list
                0x00000000200008bc        0xc Output/twi_master_using_nrf_twi_mngr_pca10040 Release/Obj/bsp.o
 .bss.m_indication_type
                0x00000000200008c8        0x4 Output/twi_master_using_nrf_twi_mngr_pca10040 Release/Obj/bsp.o
 .bss.m_leds_clear
                0x00000000200008cc        0x1 Output/twi_master_using_nrf_twi_mngr_pca10040 Release/Obj/bsp.o
 *fill*         0x00000000200008cd        0x3 
 .bss.m_registered_callback
                0x00000000200008d0        0x4 Output/twi_master_using_nrf_twi_mngr_pca10040 Release/Obj/bsp.o
 .bss.m_stable_state
                0x00000000200008d4        0x1 Output/twi_master_using_nrf_twi_mngr_pca10040 Release/Obj/bsp.o
 .bss.release_event_at_push.7812
                0x00000000200008d5        0x4 Output/twi_master_using_nrf_twi_mngr_pca10040 Release/Obj/bsp.o
 .bss.lm75b_temp_reg_addr
                0x00000000200008d9        0x1 Output/twi_master_using_nrf_twi_mngr_pca10040 Release/Obj/lm75b.o
                0x00000000200008d9                lm75b_temp_reg_addr
 .bss.m_buffer  0x00000000200008da        0xb Output/twi_master_using_nrf_twi_mngr_pca10040 Release/Obj/main.o
 *fill*         0x00000000200008e5        0x3 
 .bss.m_nrf_twi_mngr_cb
                0x00000000200008e8       0x1c Output/twi_master_using_nrf_twi_mngr_pca10040 Release/Obj/main.o
 .bss.m_nrf_twi_mngr_queue_nrf_queue_buffer
                0x0000000020000904       0x18 Output/twi_master_using_nrf_twi_mngr_pca10040 Release/Obj/main.o
 .bss.m_nrf_twi_mngr_queue_nrf_queue_cb
                0x000000002000091c        0xc Output/twi_master_using_nrf_twi_mngr_pca10040 Release/Obj/main.o
 .bss.m_prev_tilt
                0x0000000020000928        0x1 Output/twi_master_using_nrf_twi_mngr_pca10040 Release/Obj/main.o
 .bss.m_sample_idx
                0x0000000020000929        0x1 Output/twi_master_using_nrf_twi_mngr_pca10040 Release/Obj/main.o
 .bss.m_samples
                0x000000002000092a       0x60 Output/twi_master_using_nrf_twi_mngr_pca10040 Release/Obj/main.o
 .bss.m_sum     0x000000002000098a        0x8 Output/twi_master_using_nrf_twi_mngr_pca10040 Release/Obj/main.o
 *fill*         0x0000000020000992        0x2 
 .bss.m_timer_data
                0x0000000020000994       0x20 Output/twi_master_using_nrf_twi_mngr_pca10040 Release/Obj/main.o
 .bss.mma7660_xout_reg_addr
                0x00000000200009b4        0x1 Output/twi_master_using_nrf_twi_mngr_pca10040 Release/Obj/mma7660.o
                0x00000000200009b4                mma7660_xout_reg_addr
 *(COMMON)
                0x00000000200009b5                __bss_end__ = (__bss_start__ + SIZEOF (.bss))
                0x0000000000000925                __bss_size__ = SIZEOF (.bss)
                0x00000000200009b5                __bss_load_end__ = __bss_end__
                0x0000000000000001                . = ASSERT (((__bss_start__ == __bss_end__) || ((__bss_end__ >= __RAM_segment_start__) && (__bss_end__ <= __RAM_segment_end__))), error: .bss is too large to fit in RAM memory segment)
                0x00000000200009b8                __tbss_load_start__ = ALIGN (__bss_end__, 0x4)

.tbss           0x00000000200009b8        0x0
                0x00000000200009b8                __tbss_start__ = .
 *(.tbss .tbss.*)
                0x00000000200009b8                __tbss_end__ = (__tbss_start__ + SIZEOF (.tbss))
                0x0000000000000000                __tbss_size__ = SIZEOF (.tbss)
                0x00000000200009b8                __tbss_load_end__ = __tbss_end__
                0x0000000000000001                . = ASSERT (((__tbss_start__ == __tbss_end__) || ((__tbss_end__ >= __RAM_segment_start__) && (__tbss_end__ <= __RAM_segment_end__))), error: .tbss is too large to fit in RAM memory segment)
                0x00000000200009b8                __non_init_load_start__ = ALIGN (__tbss_end__, 0x4)

.non_init       0x00000000200009b8        0x0
                0x00000000200009b8                __non_init_start__ = .
 *(.non_init .non_init.*)
                0x00000000200009b8                __non_init_end__ = (__non_init_start__ + SIZEOF (.non_init))
                0x0000000000000000                __non_init_size__ = SIZEOF (.non_init)
                0x00000000200009b8                __non_init_load_end__ = __non_init_end__
                0x0000000000000001                . = ASSERT (((__non_init_start__ == __non_init_end__) || ((__non_init_end__ >= __RAM_segment_start__) && (__non_init_end__ <= __RAM_segment_end__))), error: .non_init is too large to fit in RAM memory segment)
                0x00000000200009b8                __heap_load_start__ = ALIGN (__non_init_end__, 0x4)

.heap           0x00000000200009b8     0x2000
                0x00000000200009b8                __heap_start__ = .
 *(.heap .heap.*)
                0x00000000200029b8                . = ALIGN (MAX ((__heap_start__ + __HEAPSIZE__), .), 0x4)
 *fill*         0x00000000200009b8     0x2000 
                0x00000000200029b8                __heap_end__ = (__heap_start__ + SIZEOF (.heap))
                0x0000000000002000                __heap_size__ = SIZEOF (.heap)
                0x00000000200029b8                __heap_load_end__ = __heap_end__
                0x0000000000000001                . = ASSERT (((__heap_start__ == __heap_end__) || ((__heap_end__ >= __RAM_segment_start__) && (__heap_end__ <= __RAM_segment_end__))), error: .heap is too large to fit in RAM memory segment)
                0x000000002000e000                __stack_load_start__ = (__RAM_segment_end__ - 0x2000)

.stack          0x000000002000e000     0x2000
                0x000000002000e000                __stack_start__ = .
                0x000000002000e000                __StackLimit = __stack_start__
 *(.stack .stack.*)
                0x0000000020010000                . = ALIGN (MAX ((__stack_start__ + __STACKSIZE__), .), 0x8)
 *fill*         0x000000002000e000     0x2000 
                0x0000000020010000                __stack_end__ = (__stack_start__ + SIZEOF (.stack))
                0x0000000000002000                __stack_size__ = SIZEOF (.stack)
                0x0000000020010000                __StackTop = __stack_end__